Archive member included to satisfy reference by file (symbol)

contiki-srf06-cc26xx.a(contiki-main.o)
                              obj_srf06-cc26xx/startup_gcc.o (main)
contiki-srf06-cc26xx.a(sensors.o)
                              contiki-srf06-cc26xx.a(contiki-main.o) (sensors_process)
contiki-srf06-cc26xx.a(leds.o)
                              contiki-srf06-cc26xx.a(contiki-main.o) (leds_init)
contiki-srf06-cc26xx.a(leds-arch.o)
                              contiki-srf06-cc26xx.a(leds.o) (leds_arch_init)
contiki-srf06-cc26xx.a(sensortag-senso)
                              contiki-srf06-cc26xx.a(sensors.o) (sensors_flags)
contiki-srf06-cc26xx.a(bmp-280-sensor.)
                              contiki-srf06-cc26xx.a(sensortag-senso) (bmp_280_sensor)
contiki-srf06-cc26xx.a(tmp-007-sensor.)
                              contiki-srf06-cc26xx.a(sensortag-senso) (tmp_007_sensor)
contiki-srf06-cc26xx.a(opt-3001-sensor)
                              buzz.co (opt_3001_sensor)
contiki-srf06-cc26xx.a(hdc-1000-sensor)
                              contiki-srf06-cc26xx.a(sensortag-senso) (hdc_1000_sensor)
contiki-srf06-cc26xx.a(mpu-9250-sensor)
                              buzz.co (mpu_9250_sensor)
contiki-srf06-cc26xx.a(button-sensor.o)
                              contiki-srf06-cc26xx.a(sensortag-senso) (button_right_sensor)
contiki-srf06-cc26xx.a(reed-relay.o)
                              contiki-srf06-cc26xx.a(sensortag-senso) (reed_relay_sensor)
contiki-srf06-cc26xx.a(buzzer.o)
                              buzz.co (buzzer_init)
contiki-srf06-cc26xx.a(board.o)
                              contiki-srf06-cc26xx.a(contiki-main.o) (board_init)
contiki-srf06-cc26xx.a(board-i2c.o)
                              contiki-srf06-cc26xx.a(board.o) (board_i2c_wakeup)
contiki-srf06-cc26xx.a(clock.o)
                              contiki-srf06-cc26xx.a(contiki-main.o) (clock_init)
contiki-srf06-cc26xx.a(rtimer-arch.o)
                              buzz.co (rtimer_arch_now)
contiki-srf06-cc26xx.a(soc-rtc.o)
                              contiki-srf06-cc26xx.a(contiki-main.o) (soc_rtc_init)
contiki-srf06-cc26xx.a(contiki-watchdo)
                              contiki-srf06-cc26xx.a(contiki-main.o) (watchdog_init)
contiki-srf06-cc26xx.a(putchar.o)
                              contiki-srf06-cc26xx.a(contiki-main.o) (putchar)
contiki-srf06-cc26xx.a(ieee-addr.o)
                              contiki-srf06-cc26xx.a(contiki-main.o) (ieee_addr_cpy_to)
contiki-srf06-cc26xx.a(cc26xx-uart.o)
                              contiki-srf06-cc26xx.a(contiki-main.o) (cc26xx_uart_init)
contiki-srf06-cc26xx.a(lpm.o)
                              contiki-srf06-cc26xx.a(button-sensor.o) (lpm_shutdown)
contiki-srf06-cc26xx.a(gpio-interrupt.)
                              contiki-srf06-cc26xx.a(button-sensor.o) (gpio_interrupt_register_handler)
contiki-srf06-cc26xx.a(oscillators.o)
                              contiki-srf06-cc26xx.a(contiki-main.o) (oscillators_select_lf_xosc)
contiki-srf06-cc26xx.a(ieee-mode.o)
                              contiki-srf06-cc26xx.a(contiki-main.o) (ieee_mode_driver)
contiki-srf06-cc26xx.a(random.o)
                              contiki-srf06-cc26xx.a(contiki-main.o) (random_init)
contiki-srf06-cc26xx.a(soc-trng.o)
                              contiki-srf06-cc26xx.a(random.o) (soc_trng_rand_synchronous)
contiki-srf06-cc26xx.a(dbg-printf.o)
                              buzz.co (printf)
contiki-srf06-cc26xx.a(strformat.o)
                              contiki-srf06-cc26xx.a(dbg-printf.o) (format_str_v)
contiki-srf06-cc26xx.a(autostart.o)
                              contiki-srf06-cc26xx.a(contiki-main.o) (autostart_start)
contiki-srf06-cc26xx.a(energest.o)
                              contiki-srf06-cc26xx.a(contiki-main.o) (energest_init)
contiki-srf06-cc26xx.a(ctimer.o)
                              contiki-srf06-cc26xx.a(contiki-main.o) (ctimer_init)
contiki-srf06-cc26xx.a(etimer.o)
                              contiki-srf06-cc26xx.a(clock.o) (etimer_request_poll)
contiki-srf06-cc26xx.a(process.o)
                              contiki-srf06-cc26xx.a(sensors.o) (process_alloc_event)
contiki-srf06-cc26xx.a(rtimer.o)
                              contiki-srf06-cc26xx.a(contiki-main.o) (rtimer_init)
contiki-srf06-cc26xx.a(timer.o)
                              contiki-srf06-cc26xx.a(button-sensor.o) (timer_set)
contiki-srf06-cc26xx.a(serial-line.o)
                              contiki-srf06-cc26xx.a(contiki-main.o) (serial_line_init)
contiki-srf06-cc26xx.a(list.o)
                              contiki-srf06-cc26xx.a(lpm.o) (list_init)
contiki-srf06-cc26xx.a(ringbuf.o)
                              contiki-srf06-cc26xx.a(serial-line.o) (ringbuf_init)
contiki-srf06-cc26xx.a(uip6.o)
                              contiki-srf06-cc26xx.a(contiki-main.o) (uip_lladdr)
contiki-srf06-cc26xx.a(uip-nd6.o)
                              contiki-srf06-cc26xx.a(uip6.o) (uip_nd6_init)
contiki-srf06-cc26xx.a(sicslowpan.o)
[...]
Memory Configuration

Name             Origin             Length             Attributes
FLASH            0x0000000000000000 0x000000000001ffa8 xr
FLASH_CCFG       0x000000000001ffa8 0x0000000000000058 xr
SRAM             0x0000000020000000 0x0000000000005000 xrw
GPRAM            0x0000000011000000 0x0000000000002000 xrw
*default*        0x0000000000000000 0xffffffffffffffff

Linker script and memory map

LOAD obj_srf06-cc26xx/fault-handlers.o
LOAD obj_srf06-cc26xx/ccfg.o
LOAD obj_srf06-cc26xx/startup_gcc.o
LOAD buzz.co
LOAD contiki-srf06-cc26xx.a
LOAD /usr/lib/gcc/arm-none-eabi/6.3.1/../../../arm-none-eabi/lib/thumb/v7-m/libm.a
START GROUP
LOAD /usr/lib/gcc/arm-none-eabi/6.3.1/thumb/v7-m/libgcc.a
LOAD /usr/lib/gcc/arm-none-eabi/6.3.1/../../../arm-none-eabi/lib/thumb/v7-m/libc.a
END GROUP
                0x0000000020005000                _estack = (ORIGIN (SRAM) + LENGTH (SRAM))
                0x0000000000000000                _Min_Heap_Size = 0x0
                0x0000000000000100                _Min_Stack_Size = 0x100

.text           0x0000000000000000    0x114b0
                0x0000000000000000                _text = .
 *(SORT(.vectors))
 .vectors       0x0000000000000000       0xc8 obj_srf06-cc26xx/startup_gcc.o
                0x0000000000000000                g_pfnVectors
 *(SORT(.text*))
 .text.value    0x00000000000000c8       0xb0 contiki-srf06-cc26xx.a(opt-3001-sensor)
 .text.value    0x0000000000000178       0x9c contiki-srf06-cc26xx.a(hdc-1000-sensor)
 *fill*         0x0000000000000214        0x4 00000000
 .text.value    0x0000000000000218      0x1a4 contiki-srf06-cc26xx.a(mpu-9250-sensor)
 *fill*         0x00000000000003bc        0x4 00000000
 .text          0x00000000000003c0      0xaac /usr/lib/gcc/arm-none-eabi/6.3.1/../../../arm-none-eabi/lib/thumb/v7-m/libm.a(lib_a-e_pow.o)
                0x00000000000003c0                __ieee754_pow
 *fill*         0x0000000000000e6c        0x4 00000000
 .text          0x0000000000000e70       0xe4 /usr/lib/gcc/arm-none-eabi/6.3.1/../../../arm-none-eabi/lib/thumb/v7-m/libm.a(lib_a-s_scalbn.o)
                0x0000000000000e70                scalbn
 .text.FaultISR
                0x0000000000000f54       0x18 obj_srf06-cc26xx/fault-handlers.o
                0x0000000000000f54                FaultISR
 .text.NmiSRHandler
                0x0000000000000f6c        0x4 obj_srf06-cc26xx/startup_gcc.o
                0x0000000000000f6c                NmiSR
 .text.IntDefaultHandler
                0x0000000000000f70        0x4 obj_srf06-cc26xx/startup_gcc.o
                0x0000000000000f70                SSI0IntHandler
                0x0000000000000f70                SWEvent0IntHandler
                0x0000000000000f70                uDMAIntHandler
                0x0000000000000f70                WatchdogIntHandler
                0x0000000000000f70                RFCHardwareIntHandler
                0x0000000000000f70                Timer1BIntHandler
                0x0000000000000f70                I2SIntHandler
                0x0000000000000f70                Timer2BIntHandler
                0x0000000000000f70                Timer2AIntHandler
                0x0000000000000f70                Timer1AIntHandler
                0x0000000000000f70                AONIntHandler
                0x0000000000000f70                AUXSWEvent0IntHandler
                0x0000000000000f70                AUXADCIntHandler
                0x0000000000000f70                PendSVIntHandler
                0x0000000000000f70                AUXSWEvent1IntHandler
                0x0000000000000f70                SVCallIntHandler
                0x0000000000000f70                MPUFaultIntHandler
                0x0000000000000f70                SysTickIntHandler
                0x0000000000000f70                BusFaultIntHandler
                0x0000000000000f70                AONProgIntHandler
                0x0000000000000f70                AUXCompAIntHandler
                0x0000000000000f70                SSI1IntHandler
                0x0000000000000f70                FlashIntHandler
                0x0000000000000f70                uDMAErrIntHandler
                0x0000000000000f70                UsageFaultIntHandler
                0x0000000000000f70                RFCCmdAckIntHandler
                0x0000000000000f70                CryptoIntHandler
                0x0000000000000f70                Timer0AIntHandler
                0x0000000000000f70                I2CIntHandler
                0x0000000000000f70                DebugMonIntHandler
                0x0000000000000f70                Timer0BIntHandler
                0x0000000000000f70                AUXCombEventIntHandler
                0x0000000000000f70                Timer3AIntHandler
                0x0000000000000f70                DynProgIntHandler
                0x0000000000000f70                Timer3BIntHandler
 .text.ResetISR
                0x0000000000000f74       0x58 obj_srf06-cc26xx/startup_gcc.o
                0x0000000000000f74                ResetISR
 .text.process_thread_process_IDLE
                0x0000000000000fcc       0x60 buzz.co
 .text.run_IMU  0x000000000000102c       0xb8 buzz.co
 .text.process_thread_process_ACTIVE
                0x00000000000010e4      0x130 buzz.co
 .text.run_light_sensor
                0x0000000000001214       0x8c buzz.co
                0x0000000000001214                run_light_sensor
 .text.fade     0x00000000000012a0       0x64 contiki-srf06-cc26xx.a(contiki-main.o)
 .text.startup.main
                0x0000000000001304      0x24c contiki-srf06-cc26xx.a(contiki-main.o)
                0x0000000000001304                main
 .text.process_thread_sensors_process
                0x0000000000001550       0xf8 contiki-srf06-cc26xx.a(sensors.o)
 .text.sensors_changed
                0x0000000000001648       0x4c contiki-srf06-cc26xx.a(sensors.o)
                0x0000000000001648                sensors_changed
 .text.leds_init
                0x0000000000001694       0x14 contiki-srf06-cc26xx.a(leds.o)
                0x0000000000001694                leds_init
 .text.leds_on  0x00000000000016a8       0x14 contiki-srf06-cc26xx.a(leds.o)
                0x00000000000016a8                leds_on
 .text.leds_off
                0x00000000000016bc       0x14 contiki-srf06-cc26xx.a(leds.o)
                0x00000000000016bc                leds_off
 .text.leds_arch_init
                0x00000000000016d0       0x38 contiki-srf06-cc26xx.a(leds-arch.o)
                0x00000000000016d0                leds_arch_init
 .text.leds_arch_set
                0x0000000000001708       0x34 contiki-srf06-cc26xx.a(leds-arch.o)
                0x0000000000001708                leds_arch_set
 .text.status   0x000000000000173c       0x14 contiki-srf06-cc26xx.a(bmp-280-sensor.)
 .text.notify_ready
                0x0000000000001750       0x14 contiki-srf06-cc26xx.a(bmp-280-sensor.)
 .text.enable_sensor
                0x0000000000001764       0x2c contiki-srf06-cc26xx.a(bmp-280-sensor.)
 .text.configure
                0x0000000000001790       0x94 contiki-srf06-cc26xx.a(bmp-280-sensor.)
 .text.value    0x0000000000001824      0x164 contiki-srf06-cc26xx.a(bmp-280-sensor.)
 .text.status   0x0000000000001988       0x14 contiki-srf06-cc26xx.a(tmp-007-sensor.)
 .text.notify_ready
                0x000000000000199c       0x14 contiki-srf06-cc26xx.a(tmp-007-sensor.)
 .text.enable_sensor
                0x00000000000019b0       0x2c contiki-srf06-cc26xx.a(tmp-007-sensor.)
 .text.configure
                0x00000000000019dc       0x98 contiki-srf06-cc26xx.a(tmp-007-sensor.)
 .text.value    0x0000000000001a74       0xec contiki-srf06-cc26xx.a(tmp-007-sensor.)
 .text.status   0x0000000000001b60        0xc contiki-srf06-cc26xx.a(opt-3001-sensor)
 .text.enable_sensor
                0x0000000000001b6c       0x44 contiki-srf06-cc26xx.a(opt-3001-sensor)
 .text.notify_ready
                0x0000000000001bb0       0x54 contiki-srf06-cc26xx.a(opt-3001-sensor)
 .text.configure
                0x0000000000001c04       0x4c contiki-srf06-cc26xx.a(opt-3001-sensor)
 .text.status   0x0000000000001c50       0x14 contiki-srf06-cc26xx.a(hdc-1000-sensor)
 .text.notify_ready
                0x0000000000001c64       0x68 contiki-srf06-cc26xx.a(hdc-1000-sensor)
 .text.configure
                0x0000000000001ccc       0xbc contiki-srf06-cc26xx.a(hdc-1000-sensor)
 .text.acc_convert
                0x0000000000001d88       0x70 contiki-srf06-cc26xx.a(mpu-9250-sensor)
 .text.status   0x0000000000001df8       0x14 contiki-srf06-cc26xx.a(mpu-9250-sensor)
 .text.notify_ready
                0x0000000000001e0c       0x14 contiki-srf06-cc26xx.a(mpu-9250-sensor)
 .text.sensor_sleep
                0x0000000000001e20       0x38 contiki-srf06-cc26xx.a(mpu-9250-sensor)
 .text.configure
                0x0000000000001e58       0xdc contiki-srf06-cc26xx.a(mpu-9250-sensor)
 .text.int_status
                0x0000000000001f34       0x28 contiki-srf06-cc26xx.a(mpu-9250-sensor)
 .text.initialise
                0x0000000000001f5c      0x100 contiki-srf06-cc26xx.a(mpu-9250-sensor)
 .text.status.part.0
                0x000000000000205c       0x14 contiki-srf06-cc26xx.a(button-sensor.o)
 .text.value_left
                0x0000000000002070       0x24 contiki-srf06-cc26xx.a(button-sensor.o)
 .text.value_right
                0x0000000000002094       0x18 contiki-srf06-cc26xx.a(button-sensor.o)
 .text.status_left
                0x00000000000020ac       0x10 contiki-srf06-cc26xx.a(button-sensor.o)
 .text.status_right
                0x00000000000020bc       0x10 contiki-srf06-cc26xx.a(button-sensor.o)
 .text.config_buttons
                0x00000000000020cc       0x84 contiki-srf06-cc26xx.a(button-sensor.o)
 .text.config_left
                0x0000000000002150        0xc contiki-srf06-cc26xx.a(button-sensor.o)
 .text.config_right
                0x000000000000215c        0xc contiki-srf06-cc26xx.a(button-sensor.o)
 .text.button_press_handler
                0x0000000000002168       0x64 contiki-srf06-cc26xx.a(button-sensor.o)
 .text.value    0x00000000000021cc       0x10 contiki-srf06-cc26xx.a(reed-relay.o)
 .text.status   0x00000000000021dc       0x20 contiki-srf06-cc26xx.a(reed-relay.o)
 .text.configure
                0x00000000000021fc       0x6c contiki-srf06-cc26xx.a(reed-relay.o)
 .text.reed_interrupt_handler
                0x0000000000002268       0x28 contiki-srf06-cc26xx.a(reed-relay.o)
 .text.buzzer_init
                0x0000000000002290        0xc contiki-srf06-cc26xx.a(buzzer.o)
                0x0000000000002290                buzzer_init
 .text.buzzer_start
                0x000000000000229c       0xa4 contiki-srf06-cc26xx.a(buzzer.o)
                0x000000000000229c                buzzer_start
 .text.buzzer_stop
                0x0000000000002340       0x74 contiki-srf06-cc26xx.a(buzzer.o)
                0x0000000000002340                buzzer_stop
 .text.power_domains_on
                0x00000000000023b4       0x20 contiki-srf06-cc26xx.a(board.o)
 .text.lpm_wakeup_handler
                0x00000000000023d4        0x4 contiki-srf06-cc26xx.a(board.o)
 .text.shutdown_handler
                0x00000000000023d8       0x68 contiki-srf06-cc26xx.a(board.o)
 .text.board_init
                0x0000000000002440      0x110 contiki-srf06-cc26xx.a(board.o)
                0x0000000000002440                board_init
 .text.i2c_status
                0x0000000000002550       0x34 contiki-srf06-cc26xx.a(board-i2c.o)
 .text.accessible
                0x0000000000002584       0x24 contiki-srf06-cc26xx.a(board-i2c.o)
 .text.board_i2c_wakeup
                0x00000000000025a8       0x5c contiki-srf06-cc26xx.a(board-i2c.o)
                0x00000000000025a8                board_i2c_wakeup
 .text.board_i2c_shutdown
                0x0000000000002604       0xa4 contiki-srf06-cc26xx.a(board-i2c.o)
                0x0000000000002604                board_i2c_shutdown
 .text.board_i2c_write
                0x00000000000026a8      0x134 contiki-srf06-cc26xx.a(board-i2c.o)
                0x00000000000026a8                board_i2c_write
 .text.board_i2c_write_single
                0x00000000000027dc       0x70 contiki-srf06-cc26xx.a(board-i2c.o)
                0x00000000000027dc                board_i2c_write_single
 .text.board_i2c_read
                0x000000000000284c      0x100 contiki-srf06-cc26xx.a(board-i2c.o)
                0x000000000000284c                board_i2c_read
 .text.board_i2c_write_read
                0x000000000000294c      0x1ac contiki-srf06-cc26xx.a(board-i2c.o)
                0x000000000000294c                board_i2c_write_read
 .text.board_i2c_select
                0x0000000000002af8       0xdc contiki-srf06-cc26xx.a(board-i2c.o)
                0x0000000000002af8                board_i2c_select
 .text.power_domain_on
                0x0000000000002bd4       0x20 contiki-srf06-cc26xx.a(clock.o)
 .text.clock_init
                0x0000000000002bf4       0x98 contiki-srf06-cc26xx.a(clock.o)
                0x0000000000002bf4                clock_init
 .text.clock_time
                0x0000000000002c8c       0x34 contiki-srf06-cc26xx.a(clock.o)
                0x0000000000002c8c                clock_time
 .text.clock_update
                0x0000000000002cc0       0x3c contiki-srf06-cc26xx.a(clock.o)
                0x0000000000002cc0                clock_update
 .text.clock_seconds
                0x0000000000002cfc       0x18 contiki-srf06-cc26xx.a(clock.o)
                0x0000000000002cfc                clock_seconds
 .text.rtimer_arch_init
                0x0000000000002d14        0x4 contiki-srf06-cc26xx.a(rtimer-arch.o)
                0x0000000000002d14                rtimer_arch_init
 .text.rtimer_arch_schedule
                0x0000000000002d18        0x8 contiki-srf06-cc26xx.a(rtimer-arch.o)
                0x0000000000002d18                rtimer_arch_schedule
 .text.rtimer_arch_now
                0x0000000000002d20        0x4 contiki-srf06-cc26xx.a(rtimer-arch.o)
                0x0000000000002d20                rtimer_arch_now
 .text.soc_rtc_init
                0x0000000000002d24       0xa0 contiki-srf06-cc26xx.a(soc-rtc.o)
                0x0000000000002d24                soc_rtc_init
 .text.soc_rtc_schedule_one_shot
                0x0000000000002dc4       0x6c contiki-srf06-cc26xx.a(soc-rtc.o)
                0x0000000000002dc4                soc_rtc_schedule_one_shot
 .text.soc_rtc_last_isr_time
                0x0000000000002e30        0xc contiki-srf06-cc26xx.a(soc-rtc.o)
                0x0000000000002e30                soc_rtc_last_isr_time
 .text.AONRTCIntHandler
                0x0000000000002e3c       0x88 contiki-srf06-cc26xx.a(soc-rtc.o)
                0x0000000000002e3c                AONRTCIntHandler
 .text.watchdog_init
                0x0000000000002ec4       0x1c contiki-srf06-cc26xx.a(contiki-watchdo)
                0x0000000000002ec4                watchdog_init
 .text.watchdog_start
                0x0000000000002ee0       0x68 contiki-srf06-cc26xx.a(contiki-watchdo)
                0x0000000000002ee0                watchdog_start
 .text.watchdog_periodic
                0x0000000000002f48       0x1c contiki-srf06-cc26xx.a(contiki-watchdo)
                0x0000000000002f48                watchdog_periodic
 .text.putchar  0x0000000000002f64       0x10 contiki-srf06-cc26xx.a(putchar.o)
                0x0000000000002f64                putchar
 .text.puts     0x0000000000002f74       0x30 contiki-srf06-cc26xx.a(putchar.o)
                0x0000000000002f74                puts
 .text.dbg_send_bytes
                0x0000000000002fa4       0x40 contiki-srf06-cc26xx.a(putchar.o)
                0x0000000000002fa4                dbg_send_bytes
 .text.ieee_addr_cpy_to
                0x0000000000002fe4       0x40 contiki-srf06-cc26xx.a(ieee-addr.o)
                0x0000000000002fe4                ieee_addr_cpy_to
 .text.power_and_clock
                0x0000000000003024       0x40 contiki-srf06-cc26xx.a(cc26xx-uart.o)
 .text.enable   0x0000000000003064       0xf0 contiki-srf06-cc26xx.a(cc26xx-uart.o)
 .text.accessible
                0x0000000000003154       0x24 contiki-srf06-cc26xx.a(cc26xx-uart.o)
 .text.lpm_drop_handler
                0x0000000000003178       0xcc contiki-srf06-cc26xx.a(cc26xx-uart.o)
 .text.cc26xx_uart_init
                0x0000000000003244       0x28 contiki-srf06-cc26xx.a(cc26xx-uart.o)
                0x0000000000003244                cc26xx_uart_init
 .text.cc26xx_uart_write_byte
                0x000000000000326c       0x28 contiki-srf06-cc26xx.a(cc26xx-uart.o)
                0x000000000000326c                cc26xx_uart_write_byte
 .text.cc26xx_uart_busy
                0x0000000000003294       0x18 contiki-srf06-cc26xx.a(cc26xx-uart.o)
                0x0000000000003294                cc26xx_uart_busy
 .text.UART0IntHandler
                0x00000000000032ac       0x58 contiki-srf06-cc26xx.a(cc26xx-uart.o)
                0x00000000000032ac                UART0IntHandler
 .text.lpm_shutdown
                0x0000000000003304      0x198 contiki-srf06-cc26xx.a(lpm.o)
                0x0000000000003304                lpm_shutdown
 .text.lpm_sleep
                0x000000000000349c       0x14 contiki-srf06-cc26xx.a(lpm.o)
                0x000000000000349c                lpm_sleep
 .text.lpm_drop
                0x00000000000034b0      0x24c contiki-srf06-cc26xx.a(lpm.o)
                0x00000000000034b0                lpm_drop
 .text.lpm_register_module
                0x00000000000036fc        0xc contiki-srf06-cc26xx.a(lpm.o)
                0x00000000000036fc                lpm_register_module
 .text.lpm_unregister_module
                0x0000000000003708        0xc contiki-srf06-cc26xx.a(lpm.o)
                0x0000000000003708                lpm_unregister_module
 .text.lpm_init
                0x0000000000003714       0x20 contiki-srf06-cc26xx.a(lpm.o)
                0x0000000000003714                lpm_init
 .text.lpm_pin_set_default_state
                0x0000000000003734       0x2c contiki-srf06-cc26xx.a(lpm.o)
                0x0000000000003734                lpm_pin_set_default_state
 .text.gpio_interrupt_register_handler
                0x0000000000003760       0x2c contiki-srf06-cc26xx.a(gpio-interrupt.)
                0x0000000000003760                gpio_interrupt_register_handler
 .text.gpio_interrupt_init
                0x000000000000378c       0x24 contiki-srf06-cc26xx.a(gpio-interrupt.)
                0x000000000000378c                gpio_interrupt_init
 .text.GPIOIntHandler
                0x00000000000037b0       0x30 contiki-srf06-cc26xx.a(gpio-interrupt.)
                0x00000000000037b0                GPIOIntHandler
 .text.oscillators_select_lf_xosc
                0x00000000000037e0       0x50 contiki-srf06-cc26xx.a(oscillators.o)
                0x00000000000037e0                oscillators_select_lf_xosc
 .text.oscillators_select_lf_rcosc
                0x0000000000003830       0x3c contiki-srf06-cc26xx.a(oscillators.o)
                0x0000000000003830                oscillators_select_lf_rcosc
 .text.oscillators_request_hf_xosc
                0x000000000000386c       0x30 contiki-srf06-cc26xx.a(oscillators.o)
                0x000000000000386c                oscillators_request_hf_xosc
 .text.oscillators_switch_to_hf_xosc
                0x000000000000389c       0x34 contiki-srf06-cc26xx.a(oscillators.o)
                0x000000000000389c                oscillators_switch_to_hf_xosc
 .text.oscillators_switch_to_hf_rc
                0x00000000000038d0       0x38 contiki-srf06-cc26xx.a(oscillators.o)
                0x00000000000038d0                oscillators_switch_to_hf_rc
 .text.request  0x0000000000003908       0x20 contiki-srf06-cc26xx.a(ieee-mode.o)
 .text.rx_on    0x0000000000003928       0x5c contiki-srf06-cc26xx.a(ieee-mode.o)
 .text.rf_radio_setup
                0x0000000000003984       0x60 contiki-srf06-cc26xx.a(ieee-mode.o)
 .text.soft_on  0x00000000000039e4       0x18 contiki-srf06-cc26xx.a(ieee-mode.o)
 .text.pending_packet
                0x00000000000039fc       0x48 contiki-srf06-cc26xx.a(ieee-mode.o)
 .text.prepare  0x0000000000003a44       0x1c contiki-srf06-cc26xx.a(ieee-mode.o)
 .text.soft_off
                0x0000000000003a60       0x44 contiki-srf06-cc26xx.a(ieee-mode.o)
 .text.get_object
                0x0000000000003aa4       0x48 contiki-srf06-cc26xx.a(ieee-mode.o)
 .text.transmitting.part.1
                0x0000000000003aec       0x40 contiki-srf06-cc26xx.a(ieee-mode.o)
 .text.rx_off   0x0000000000003b2c       0x74 contiki-srf06-cc26xx.a(ieee-mode.o)
 .text.set_object
                0x0000000000003ba0       0x60 contiki-srf06-cc26xx.a(ieee-mode.o)
 .text.get_cca_info
                0x0000000000003c00       0x50 contiki-srf06-cc26xx.a(ieee-mode.o)
 .text.check_rat_overflow
                0x0000000000003c50       0x7c contiki-srf06-cc26xx.a(ieee-mode.o)
 .text.receiving_packet
                0x0000000000003ccc       0x3c contiki-srf06-cc26xx.a(ieee-mode.o)
 .text.off.part.7
                0x0000000000003d08       0x6c contiki-srf06-cc26xx.a(ieee-mode.o)
 .text.off      0x0000000000003d74       0x14 contiki-srf06-cc26xx.a(ieee-mode.o)
 .text.on       0x0000000000003d88       0xa8 contiki-srf06-cc26xx.a(ieee-mode.o)
 .text.set_value
                0x0000000000003e30      0x17c contiki-srf06-cc26xx.a(ieee-mode.o)
 .text.get_value
                0x0000000000003fac      0x190 contiki-srf06-cc26xx.a(ieee-mode.o)
 .text.transmit
                0x000000000000413c      0x104 contiki-srf06-cc26xx.a(ieee-mode.o)
 .text.send     0x0000000000004240       0x24 contiki-srf06-cc26xx.a(ieee-mode.o)
 .text.channel_clear
                0x0000000000004264       0x84 contiki-srf06-cc26xx.a(ieee-mode.o)
 .text.read_frame
                0x00000000000042e8      0x18c contiki-srf06-cc26xx.a(ieee-mode.o)
 .text.handle_rat_overflow
                0x0000000000004474       0x68 contiki-srf06-cc26xx.a(ieee-mode.o)
 .text.init     0x00000000000044dc      0x114 contiki-srf06-cc26xx.a(ieee-mode.o)
 .text.random_rand
                0x00000000000045f0        0xc contiki-srf06-cc26xx.a(random.o)
                0x00000000000045f0                random_rand
 .text.random_init
                0x00000000000045fc        0x4 contiki-srf06-cc26xx.a(random.o)
                0x00000000000045fc                random_init
 .text.power_up
                0x0000000000004600       0x40 contiki-srf06-cc26xx.a(soc-trng.o)
 .text.request  0x0000000000004640       0x14 contiki-srf06-cc26xx.a(soc-trng.o)
 .text.process_thread_soc_trng_process
                0x0000000000004654       0x94 contiki-srf06-cc26xx.a(soc-trng.o)
 .text.accessible
                0x00000000000046e8       0x24 contiki-srf06-cc26xx.a(soc-trng.o)
 .text.soc_trng_rand_synchronous
                0x000000000000470c       0xc4 contiki-srf06-cc26xx.a(soc-trng.o)
                0x000000000000470c                soc_trng_rand_synchronous
 .text.TRNGIntHandler
                0x00000000000047d0       0x50 contiki-srf06-cc26xx.a(soc-trng.o)
                0x00000000000047d0                TRNGIntHandler
 .text.soc_trng_init
                0x0000000000004820       0x28 contiki-srf06-cc26xx.a(soc-trng.o)
                0x0000000000004820                soc_trng_init
 .text.write_str
                0x0000000000004848       0x14 contiki-srf06-cc26xx.a(dbg-printf.o)
 .text.printf   0x000000000000485c       0x24 contiki-srf06-cc26xx.a(dbg-printf.o)
                0x000000000000485c                printf
 .text.fill_space
                0x0000000000004880       0x3c contiki-srf06-cc26xx.a(strformat.o)
 .text.format_str_v
                0x00000000000048bc      0x8d8 contiki-srf06-cc26xx.a(strformat.o)
                0x00000000000048bc                format_str_v
 .text.autostart_start
                0x0000000000005194       0x18 contiki-srf06-cc26xx.a(autostart.o)
                0x0000000000005194                autostart_start
 .text.energest_init
                0x00000000000051ac        0x4 contiki-srf06-cc26xx.a(energest.o)
                0x00000000000051ac                energest_init
 .text.process_thread_ctimer_process
                0x00000000000051b0       0x94 contiki-srf06-cc26xx.a(ctimer.o)
 .text.ctimer_init
                0x0000000000005244       0x28 contiki-srf06-cc26xx.a(ctimer.o)
                0x0000000000005244                ctimer_init
 .text.ctimer_set_with_process
                0x000000000000526c       0x4c contiki-srf06-cc26xx.a(ctimer.o)
                0x000000000000526c                ctimer_set_with_process
 .text.ctimer_set
                0x00000000000052b8       0x18 contiki-srf06-cc26xx.a(ctimer.o)
                0x00000000000052b8                ctimer_set
 .text.ctimer_reset
                0x00000000000052d0       0x38 contiki-srf06-cc26xx.a(ctimer.o)
                0x00000000000052d0                ctimer_reset
 .text.ctimer_restart
                0x0000000000005308       0x38 contiki-srf06-cc26xx.a(ctimer.o)
                0x0000000000005308                ctimer_restart
 .text.ctimer_stop
                0x0000000000005340       0x34 contiki-srf06-cc26xx.a(ctimer.o)
                0x0000000000005340                ctimer_stop
 .text.update_time
                0x0000000000005374       0x44 contiki-srf06-cc26xx.a(etimer.o)
 .text.process_thread_etimer_process
                0x00000000000053b8       0xcc contiki-srf06-cc26xx.a(etimer.o)
 .text.add_timer
                0x0000000000005484       0x54 contiki-srf06-cc26xx.a(etimer.o)
 .text.etimer_request_poll
                0x00000000000054d8        0xc contiki-srf06-cc26xx.a(etimer.o)
                0x00000000000054d8                etimer_request_poll
 .text.etimer_set
                0x00000000000054e4       0x14 contiki-srf06-cc26xx.a(etimer.o)
                0x00000000000054e4                etimer_set
 .text.etimer_reset
                0x00000000000054f8       0x14 contiki-srf06-cc26xx.a(etimer.o)
                0x00000000000054f8                etimer_reset
 .text.etimer_restart
                0x000000000000550c       0x14 contiki-srf06-cc26xx.a(etimer.o)
                0x000000000000550c                etimer_restart
 .text.etimer_expired
                0x0000000000005520        0xc contiki-srf06-cc26xx.a(etimer.o)
                0x0000000000005520                etimer_expired
 .text.etimer_expiration_time
                0x000000000000552c        0x8 contiki-srf06-cc26xx.a(etimer.o)
                0x000000000000552c                etimer_expiration_time
 .text.etimer_pending
                0x0000000000005534       0x10 contiki-srf06-cc26xx.a(etimer.o)
                0x0000000000005534                etimer_pending
 .text.etimer_next_expiration_time
                0x0000000000005544       0x14 contiki-srf06-cc26xx.a(etimer.o)
                0x0000000000005544                etimer_next_expiration_time
 .text.etimer_stop
                0x0000000000005558       0x44 contiki-srf06-cc26xx.a(etimer.o)
                0x0000000000005558                etimer_stop
 .text.exit_process
                0x000000000000559c       0xa8 contiki-srf06-cc26xx.a(process.o)
 .text.call_process.part.0
                0x0000000000005644       0x38 contiki-srf06-cc26xx.a(process.o)
 .text.do_poll  0x000000000000567c       0x3c contiki-srf06-cc26xx.a(process.o)
 .text.process_alloc_event
                0x00000000000056b8       0x10 contiki-srf06-cc26xx.a(process.o)
                0x00000000000056b8                process_alloc_event
 .text.process_start
                0x00000000000056c8       0x48 contiki-srf06-cc26xx.a(process.o)
                0x00000000000056c8                process_start
 .text.process_init
                0x0000000000005710       0x34 contiki-srf06-cc26xx.a(process.o)
                0x0000000000005710                process_init
 .text.process_run
                0x0000000000005744       0xa8 contiki-srf06-cc26xx.a(process.o)
                0x0000000000005744                process_run
 .text.process_nevents
                0x00000000000057ec       0x14 contiki-srf06-cc26xx.a(process.o)
                0x00000000000057ec                process_nevents
 .text.process_post
                0x0000000000005800       0x40 contiki-srf06-cc26xx.a(process.o)
                0x0000000000005800                process_post
 .text.process_post_synch
                0x0000000000005840       0x18 contiki-srf06-cc26xx.a(process.o)
                0x0000000000005840                process_post_synch
 .text.process_poll
                0x0000000000005858       0x18 contiki-srf06-cc26xx.a(process.o)
                0x0000000000005858                process_poll
 .text.rtimer_init
                0x0000000000005870        0x4 contiki-srf06-cc26xx.a(rtimer.o)
                0x0000000000005870                rtimer_init
 .text.rtimer_set
                0x0000000000005874       0x2c contiki-srf06-cc26xx.a(rtimer.o)
                0x0000000000005874                rtimer_set
 .text.rtimer_run_next
                0x00000000000058a0       0x28 contiki-srf06-cc26xx.a(rtimer.o)
                0x00000000000058a0                rtimer_run_next
 .text.timer_set
                0x00000000000058c8       0x10 contiki-srf06-cc26xx.a(timer.o)
                0x00000000000058c8                timer_set
 .text.timer_reset
                0x00000000000058d8        0xc contiki-srf06-cc26xx.a(timer.o)
                0x00000000000058d8                timer_reset
 .text.timer_restart
                0x00000000000058e4        0xc contiki-srf06-cc26xx.a(timer.o)
                0x00000000000058e4                timer_restart
 .text.timer_expired
                0x00000000000058f0       0x1c contiki-srf06-cc26xx.a(timer.o)
                0x00000000000058f0                timer_expired
 .text.process_thread_serial_line_process
                0x000000000000590c       0xa8 contiki-srf06-cc26xx.a(serial-line.o)
 .text.serial_line_init
                0x00000000000059b4       0x24 contiki-srf06-cc26xx.a(serial-line.o)
                0x00000000000059b4                serial_line_init
 .text.list_init
                0x00000000000059d8        0x8 contiki-srf06-cc26xx.a(list.o)
                0x00000000000059d8                list_init
 .text.list_head
                0x00000000000059e0        0x4 contiki-srf06-cc26xx.a(list.o)
                0x00000000000059e0                list_head
 .text.list_add
                0x00000000000059e4       0x58 contiki-srf06-cc26xx.a(list.o)
                0x00000000000059e4                list_add
 .text.list_push
                0x0000000000005a3c       0x44 contiki-srf06-cc26xx.a(list.o)
                0x0000000000005a3c                list_push
 .text.list_remove
                0x0000000000005a80       0x38 contiki-srf06-cc26xx.a(list.o)
                0x0000000000005a80                list_remove
 .text.list_length
                0x0000000000005ab8       0x14 contiki-srf06-cc26xx.a(list.o)
                0x0000000000005ab8                list_length
 .text.list_item_next
                0x0000000000005acc        0x8 contiki-srf06-cc26xx.a(list.o)
                0x0000000000005acc                list_item_next
 .text.ringbuf_init
                0x0000000000005ad4       0x10 contiki-srf06-cc26xx.a(ringbuf.o)
                0x0000000000005ad4                ringbuf_init
 .text.ringbuf_get
                0x0000000000005ae4       0x24 contiki-srf06-cc26xx.a(ringbuf.o)
                0x0000000000005ae4                ringbuf_get
 .text.chksum   0x0000000000005b08       0x50 contiki-srf06-cc26xx.a(uip6.o)
 .text.upper_layer_chksum
                0x0000000000005b58       0x58 contiki-srf06-cc26xx.a(uip6.o)
 .text.ext_hdr_options_process
                0x0000000000005bb0       0xe0 contiki-srf06-cc26xx.a(uip6.o)
 .text.uip_add32
                0x0000000000005c90       0x58 contiki-srf06-cc26xx.a(uip6.o)
                0x0000000000005c90                uip_add32
 .text.unlikely.uip_add_rcv_nxt
                0x0000000000005ce8       0x2c contiki-srf06-cc26xx.a(uip6.o)
 .text.uip_icmp6chksum
                0x0000000000005d14        0x8 contiki-srf06-cc26xx.a(uip6.o)
                0x0000000000005d14                uip_icmp6chksum
 .text.uip_init
                0x0000000000005d1c       0x5c contiki-srf06-cc26xx.a(uip6.o)
                0x0000000000005d1c                uip_init
 .text.remove_ext_hdr
                0x0000000000005d78       0x54 contiki-srf06-cc26xx.a(uip6.o)
                0x0000000000005d78                remove_ext_hdr
 .text.uip_unlisten
                0x0000000000005dcc       0x28 contiki-srf06-cc26xx.a(uip6.o)
                0x0000000000005dcc                uip_unlisten
 .text.uip_process
                0x0000000000005df4     0x101c contiki-srf06-cc26xx.a(uip6.o)
                0x0000000000005df4                uip_process
 .text.uip_htonl
                0x0000000000006e10       0x1c contiki-srf06-cc26xx.a(uip6.o)
                0x0000000000006e10                uip_htonl
 .text.ns_input
                0x0000000000006e2c      0x28c contiki-srf06-cc26xx.a(uip-nd6.o)
 .text.uip_nd6_init
                0x00000000000070b8        0xc contiki-srf06-cc26xx.a(uip-nd6.o)
                0x00000000000070b8                uip_nd6_init
 .text.sicslowpan_init
                0x00000000000070c4       0x24 contiki-srf06-cc26xx.a(sicslowpan.o)
                0x00000000000070c4                sicslowpan_init
 .text.compress_addr_64
                0x00000000000070e8       0x9c contiki-srf06-cc26xx.a(sicslowpan.o)
 .text.set_packet_attrs
                0x0000000000007184       0x50 contiki-srf06-cc26xx.a(sicslowpan.o)
 .text.addr_context_lookup_by_prefix
                0x00000000000071d4       0x28 contiki-srf06-cc26xx.a(sicslowpan.o)
 .text.send_packet
                0x00000000000071fc       0x24 contiki-srf06-cc26xx.a(sicslowpan.o)
 .text.packet_sent
                0x0000000000007220       0x28 contiki-srf06-cc26xx.a(sicslowpan.o)
 .text.store_fragment
                0x0000000000007248       0x74 contiki-srf06-cc26xx.a(sicslowpan.o)
 .text.add_fragment
                0x00000000000072bc      0x1b8 contiki-srf06-cc26xx.a(sicslowpan.o)
 .text.uncompress_addr
                0x0000000000007474       0xc4 contiki-srf06-cc26xx.a(sicslowpan.o)
 .text.input    0x0000000000007538      0x640 contiki-srf06-cc26xx.a(sicslowpan.o)
 .text.output   0x0000000000007b78      0x760 contiki-srf06-cc26xx.a(sicslowpan.o)
 .text.start_periodic_tcp_timer
                0x00000000000082d8       0x1c contiki-srf06-cc26xx.a(tcpip.o)
 .text.tcpip_set_outputfunc
                0x00000000000082f4        0xc contiki-srf06-cc26xx.a(tcpip.o)
                0x00000000000082f4                tcpip_set_outputfunc
 .text.tcpip_icmp6_call
                0x0000000000008300       0x28 contiki-srf06-cc26xx.a(tcpip.o)
                0x0000000000008300                tcpip_icmp6_call
 .text.tcpip_input
                0x0000000000008328       0x24 contiki-srf06-cc26xx.a(tcpip.o)
                0x0000000000008328                tcpip_input
 .text.tcpip_ipv6_output
                0x000000000000834c       0xbc contiki-srf06-cc26xx.a(tcpip.o)
                0x000000000000834c                tcpip_ipv6_output
 .text.process_thread_tcpip_process
                0x0000000000008408      0x1cc contiki-srf06-cc26xx.a(tcpip.o)
 .text.tcpip_uipcall
                0x00000000000085d4       0x70 contiki-srf06-cc26xx.a(tcpip.o)
                0x00000000000085d4                tcpip_uipcall
 .text.rpl_set_preferred_parent
                0x0000000000008644       0x2c contiki-srf06-cc26xx.a(rpl-dag.o)
 .text.set_ip_from_prefix
                0x0000000000008670       0x24 contiki-srf06-cc26xx.a(rpl-dag.o)
 .text.check_prefix
                0x0000000000008694       0x78 contiki-srf06-cc26xx.a(rpl-dag.o)
 .text.find_parent_any_dag_any_instance
                0x000000000000870c       0x1c contiki-srf06-cc26xx.a(rpl-dag.o)
 .text.lollipop_greater_than
                0x0000000000008728       0x3c contiki-srf06-cc26xx.a(rpl-dag.o)
 .text.rpl_dag_init
                0x0000000000008764       0x14 contiki-srf06-cc26xx.a(rpl-dag.o)
                0x0000000000008764                rpl_dag_init
 .text.rpl_get_parent
                0x0000000000008778       0x10 contiki-srf06-cc26xx.a(rpl-dag.o)
                0x0000000000008778                rpl_get_parent
 .text.rpl_rank_via_parent
                0x0000000000008788       0x1c contiki-srf06-cc26xx.a(rpl-dag.o)
                0x0000000000008788                rpl_rank_via_parent
 .text.rpl_get_parent_ipaddr
                0x00000000000087a4       0x18 contiki-srf06-cc26xx.a(rpl-dag.o)
                0x00000000000087a4                rpl_get_parent_ipaddr
 .text.rpl_get_parent_link_stats
                0x00000000000087bc       0x18 contiki-srf06-cc26xx.a(rpl-dag.o)
                0x00000000000087bc                rpl_get_parent_link_stats
 .text.best_parent
                0x00000000000087d4       0x94 contiki-srf06-cc26xx.a(rpl-dag.o)
 .text.rpl_parent_is_fresh
                0x0000000000008868       0x10 contiki-srf06-cc26xx.a(rpl-dag.o)
                0x0000000000008868                rpl_parent_is_fresh
 .text.rpl_parent_is_reachable
                0x0000000000008878       0x3c contiki-srf06-cc26xx.a(rpl-dag.o)
                0x0000000000008878                rpl_parent_is_reachable
 .text.rpl_repair_root
                0x00000000000088b4       0x58 contiki-srf06-cc26xx.a(rpl-dag.o)
                0x00000000000088b4                rpl_repair_root
 .text.rpl_set_prefix
                0x000000000000890c       0x94 contiki-srf06-cc26xx.a(rpl-dag.o)
                0x000000000000890c                rpl_set_prefix
 .text.rpl_set_default_route
                0x00000000000089a0       0x30 contiki-srf06-cc26xx.a(rpl-dag.o)
                0x00000000000089a0                rpl_set_default_route
 .text.rpl_alloc_instance
                0x00000000000089d0       0x34 contiki-srf06-cc26xx.a(rpl-dag.o)
                0x00000000000089d0                rpl_alloc_instance
 .text.rpl_alloc_dag
                0x0000000000008a04       0x5c contiki-srf06-cc26xx.a(rpl-dag.o)
                0x0000000000008a04                rpl_alloc_dag
 .text.rpl_add_parent
                0x0000000000008a60       0x30 contiki-srf06-cc26xx.a(rpl-dag.o)
                0x0000000000008a60                rpl_add_parent
 .text.rpl_find_parent
                0x0000000000008a90       0x18 contiki-srf06-cc26xx.a(rpl-dag.o)
                0x0000000000008a90                rpl_find_parent
 .text.rpl_find_parent_any_dag
                0x0000000000008aa8       0x20 contiki-srf06-cc26xx.a(rpl-dag.o)
                0x0000000000008aa8                rpl_find_parent_any_dag
 .text.rpl_select_parent
                0x0000000000008ac8       0x58 contiki-srf06-cc26xx.a(rpl-dag.o)
                0x0000000000008ac8                rpl_select_parent
 .text.rpl_select_dag
                0x0000000000008b20      0x178 contiki-srf06-cc26xx.a(rpl-dag.o)
                0x0000000000008b20                rpl_select_dag
 .text.rpl_nullify_parent
                0x0000000000008c98       0x58 contiki-srf06-cc26xx.a(rpl-dag.o)
                0x0000000000008c98                rpl_nullify_parent
 .text.nbr_callback
                0x0000000000008cf0       0x1c contiki-srf06-cc26xx.a(rpl-dag.o)
 .text.remove_parents.constprop.6
                0x0000000000008d0c       0x48 contiki-srf06-cc26xx.a(rpl-dag.o)
 .text.rpl_free_dag
                0x0000000000008d54       0x3c contiki-srf06-cc26xx.a(rpl-dag.o)
                0x0000000000008d54                rpl_free_dag
 .text.rpl_move_parent
                0x0000000000008d90       0x58 contiki-srf06-cc26xx.a(rpl-dag.o)
                0x0000000000008d90                rpl_move_parent
 .text.rpl_get_dag
                0x0000000000008de8       0x54 contiki-srf06-cc26xx.a(rpl-dag.o)
                0x0000000000008de8                rpl_get_dag
 .text.rpl_get_any_dag
                0x0000000000008e3c       0x18 contiki-srf06-cc26xx.a(rpl-dag.o)
                0x0000000000008e3c                rpl_get_any_dag
 .text.rpl_get_instance
                0x0000000000008e54       0x20 contiki-srf06-cc26xx.a(rpl-dag.o)
                0x0000000000008e54                rpl_get_instance
 .text.rpl_join_instance
                0x0000000000008e74      0x14c contiki-srf06-cc26xx.a(rpl-dag.o)
                0x0000000000008e74                rpl_join_instance
 .text.rpl_local_repair
                0x0000000000008fc0       0x90 contiki-srf06-cc26xx.a(rpl-dag.o)
                0x0000000000008fc0                rpl_local_repair
 .text.rpl_process_parent_event
                0x0000000000009050       0x9c contiki-srf06-cc26xx.a(rpl-dag.o)
                0x0000000000009050                rpl_process_parent_event
 .text.rpl_add_dag
                0x00000000000090ec      0x148 contiki-srf06-cc26xx.a(rpl-dag.o)
                0x00000000000090ec                rpl_add_dag
 .text.rpl_recalculate_ranks
                0x0000000000009234       0x50 contiki-srf06-cc26xx.a(rpl-dag.o)
                0x0000000000009234                rpl_recalculate_ranks
 .text.rpl_process_dio
                0x0000000000009284      0x32c contiki-srf06-cc26xx.a(rpl-dag.o)
                0x0000000000009284                rpl_process_dio
 .text.new_dio_interval
                0x00000000000095b0       0x60 contiki-srf06-cc26xx.a(rpl-timers.o)
 .text.handle_periodic_timer
                0x0000000000009610       0x58 contiki-srf06-cc26xx.a(rpl-timers.o)
 .text.set_dao_lifetime_timer
                0x0000000000009668       0x48 contiki-srf06-cc26xx.a(rpl-timers.o)
 .text.handle_unicast_dio_timer
                0x00000000000096b0       0x1c contiki-srf06-cc26xx.a(rpl-timers.o)
 .text.handle_dio_timer
                0x00000000000096cc       0x8c contiki-srf06-cc26xx.a(rpl-timers.o)
 .text.schedule_dao
                0x0000000000009758       0x54 contiki-srf06-cc26xx.a(rpl-timers.o)
 .text.handle_dao_timer
                0x00000000000097ac       0x5c contiki-srf06-cc26xx.a(rpl-timers.o)
 .text.rpl_reset_periodic_timer
                0x0000000000009808       0x3c contiki-srf06-cc26xx.a(rpl-timers.o)
                0x0000000000009808                rpl_reset_periodic_timer
 .text.rpl_reset_dio_timer
                0x0000000000009844       0x1c contiki-srf06-cc26xx.a(rpl-timers.o)
                0x0000000000009844                rpl_reset_dio_timer
 .text.rpl_schedule_dao
                0x0000000000009860        0x8 contiki-srf06-cc26xx.a(rpl-timers.o)
                0x0000000000009860                rpl_schedule_dao
 .text.rpl_schedule_unicast_dio_immediately
                0x0000000000009868       0x14 contiki-srf06-cc26xx.a(rpl-timers.o)
                0x0000000000009868                rpl_schedule_unicast_dio_immediately
 .text.get_probing_delay
                0x000000000000987c       0x4c contiki-srf06-cc26xx.a(rpl-timers.o)
                0x000000000000987c                get_probing_delay
 .text.get_probing_target
                0x00000000000098c8       0xdc contiki-srf06-cc26xx.a(rpl-timers.o)
                0x00000000000098c8                get_probing_target
 .text.rpl_schedule_probing
                0x00000000000099a4       0x20 contiki-srf06-cc26xx.a(rpl-timers.o)
                0x00000000000099a4                rpl_schedule_probing
 .text.handle_probing_timer
                0x00000000000099c4       0x34 contiki-srf06-cc26xx.a(rpl-timers.o)
 .text.update_hbh_header
                0x00000000000099f8       0xd0 contiki-srf06-cc26xx.a(rpl-ext-header.)
 .text.insert_hbh_header.isra.0
                0x0000000000009ac8       0xb0 contiki-srf06-cc26xx.a(rpl-ext-header.)
 .text.rpl_verify_hbh_header
                0x0000000000009b78       0xec contiki-srf06-cc26xx.a(rpl-ext-header.)
                0x0000000000009b78                rpl_verify_hbh_header
 .text.rpl_remove_header
                0x0000000000009c64       0x78 contiki-srf06-cc26xx.a(rpl-ext-header.)
                0x0000000000009c64                rpl_remove_header
 .text.rpl_update_header
                0x0000000000009cdc       0x74 contiki-srf06-cc26xx.a(rpl-ext-header.)
                0x0000000000009cdc                rpl_update_header
 .text.rpl_get_mode
                0x0000000000009d50        0xc contiki-srf06-cc26xx.a(rpl.o)
                0x0000000000009d50                rpl_get_mode
 .text.rpl_purge_routes
                0x0000000000009d5c       0x80 contiki-srf06-cc26xx.a(rpl.o)
                0x0000000000009d5c                rpl_purge_routes
 .text.rpl_remove_routes
                0x0000000000009ddc       0x24 contiki-srf06-cc26xx.a(rpl.o)
                0x0000000000009ddc                rpl_remove_routes
 .text.rpl_remove_routes_by_nexthop
                0x0000000000009e00       0x34 contiki-srf06-cc26xx.a(rpl.o)
                0x0000000000009e00                rpl_remove_routes_by_nexthop
 .text.rpl_add_route
                0x0000000000009e34       0x38 contiki-srf06-cc26xx.a(rpl.o)
                0x0000000000009e34                rpl_add_route
 .text.rpl_link_neighbor_callback
                0x0000000000009e6c       0x60 contiki-srf06-cc26xx.a(rpl.o)
                0x0000000000009e6c                rpl_link_neighbor_callback
 .text.rpl_ipv6_neighbor_callback
                0x0000000000009ecc       0x30 contiki-srf06-cc26xx.a(rpl.o)
                0x0000000000009ecc                rpl_ipv6_neighbor_callback
 .text.rpl_purge_dags
                0x0000000000009efc       0x60 contiki-srf06-cc26xx.a(rpl.o)
                0x0000000000009efc                rpl_purge_dags
 .text.rpl_init
                0x0000000000009f5c       0x4c contiki-srf06-cc26xx.a(rpl.o)
                0x0000000000009f5c                rpl_init
 .text.reset    0x0000000000009fa8        0x4 contiki-srf06-cc26xx.a(rpl-mrhof.o)
 .text.update_metric_container
                0x0000000000009fac        0x8 contiki-srf06-cc26xx.a(rpl-mrhof.o)
 .text.parent_link_metric
                0x0000000000009fb4       0x14 contiki-srf06-cc26xx.a(rpl-mrhof.o)
 .text.parent_has_usable_link
                0x0000000000009fc8       0x18 contiki-srf06-cc26xx.a(rpl-mrhof.o)
 .text.best_dag
                0x0000000000009fe0       0x30 contiki-srf06-cc26xx.a(rpl-mrhof.o)
 .text.parent_path_cost
                0x000000000000a010       0x4c contiki-srf06-cc26xx.a(rpl-mrhof.o)
 .text.parent_is_acceptable
                0x000000000000a05c       0x34 contiki-srf06-cc26xx.a(rpl-mrhof.o)
 .text.rank_via_parent
                0x000000000000a090       0x3c contiki-srf06-cc26xx.a(rpl-mrhof.o)
 .text.best_parent
                0x000000000000a0cc       0x68 contiki-srf06-cc26xx.a(rpl-mrhof.o)
 .text.dao_ack_input
                0x000000000000a134       0x14 contiki-srf06-cc26xx.a(rpl-icmp6.o)
 .text.dao_output_target_seq
                0x000000000000a148      0x11c contiki-srf06-cc26xx.a(rpl-icmp6.o)
 .text.dio_input
                0x000000000000a264      0x2ac contiki-srf06-cc26xx.a(rpl-icmp6.o)
 .text.rpl_icmp6_update_nbr_table
                0x000000000000a510       0x38 contiki-srf06-cc26xx.a(rpl-icmp6.o)
                0x000000000000a510                rpl_icmp6_update_nbr_table
 .text.dao_input
                0x000000000000a548      0x2c0 contiki-srf06-cc26xx.a(rpl-icmp6.o)
 .text.dis_output
                0x000000000000a808       0x58 contiki-srf06-cc26xx.a(rpl-icmp6.o)
                0x000000000000a808                dis_output
 .text.dio_output
                0x000000000000a860      0x2b0 contiki-srf06-cc26xx.a(rpl-icmp6.o)
                0x000000000000a860                dio_output
 .text.dis_input
                0x000000000000ab10       0x54 contiki-srf06-cc26xx.a(rpl-icmp6.o)
 .text.dao_output
                0x000000000000ab64       0x8c contiki-srf06-cc26xx.a(rpl-icmp6.o)
                0x000000000000ab64                dao_output
 .text.dao_output_target
                0x000000000000abf0        0xc contiki-srf06-cc26xx.a(rpl-icmp6.o)
                0x000000000000abf0                dao_output_target
 .text.rpl_icmp6_register_handlers
                0x000000000000abfc       0x30 contiki-srf06-cc26xx.a(rpl-icmp6.o)
                0x000000000000abfc                rpl_icmp6_register_handlers
 .text.TrimAfterColdResetWakeupFromShutDown
                0x000000000000ac2c       0xe4 contiki-srf06-cc26xx.a(setup.o)
 .text.NOROM_SetupTrimDevice
                0x000000000000ad10       0xa4 contiki-srf06-cc26xx.a(setup.o)
                0x000000000000ad10                NOROM_SetupTrimDevice
 .text.NOROM_PowerCtrlSourceSet
                0x000000000000adb4       0x30 contiki-srf06-cc26xx.a(pwr_ctrl.o)
                0x000000000000adb4                NOROM_PowerCtrlSourceSet
 .text.NOROM_TRNGConfigure
                0x000000000000ade4       0x38 contiki-srf06-cc26xx.a(trng.o)
                0x000000000000ade4                NOROM_TRNGConfigure
 .text.SafeHapiVoid
                0x000000000000ae1c       0x28 contiki-srf06-cc26xx.a(adi.o)
                0x000000000000ae1c                SafeHapiVoid
 .text.NOROM_DDI32RegWrite
                0x000000000000ae44       0x2c contiki-srf06-cc26xx.a(ddi.o)
                0x000000000000ae44                NOROM_DDI32RegWrite
 .text.NOROM_DDI16BitfieldWrite
                0x000000000000ae70       0x48 contiki-srf06-cc26xx.a(ddi.o)
                0x000000000000ae70                NOROM_DDI16BitfieldWrite
 .text.NOROM_DDI16BitfieldRead
                0x000000000000aeb8       0x48 contiki-srf06-cc26xx.a(ddi.o)
                0x000000000000aeb8                NOROM_DDI16BitfieldRead
 .text.NOROM_SysCtrlSetRechargeBeforePowerDown
                0x000000000000af00      0x230 contiki-srf06-cc26xx.a(sys_ctrl.o)
                0x000000000000af00                NOROM_SysCtrlSetRechargeBeforePowerDown
 .text.NOROM_SysCtrlAdjustRechargeAfterPowerDown
                0x000000000000b130       0x68 contiki-srf06-cc26xx.a(sys_ctrl.o)
                0x000000000000b130                NOROM_SysCtrlAdjustRechargeAfterPowerDown
 .text.NOROM_SysCtrl_DCDC_VoltageConditionalControl
                0x000000000000b198       0x7c contiki-srf06-cc26xx.a(sys_ctrl.o)
                0x000000000000b198                NOROM_SysCtrl_DCDC_VoltageConditionalControl
 .text.NOROM_ChipInfo_GetSupportedProtocol_BV
                0x000000000000b214       0x10 contiki-srf06-cc26xx.a(chipinfo.o)
                0x000000000000b214                NOROM_ChipInfo_GetSupportedProtocol_BV
 .text.NOROM_ChipInfo_GetChipFamily
                0x000000000000b224       0x4c contiki-srf06-cc26xx.a(chipinfo.o)
                0x000000000000b224                NOROM_ChipInfo_GetChipFamily
 .text.NOROM_ChipInfo_GetChipType
                0x000000000000b270       0x50 contiki-srf06-cc26xx.a(chipinfo.o)
                0x000000000000b270                NOROM_ChipInfo_GetChipType
 .text.NOROM_ChipInfo_GetHwRevision
                0x000000000000b2c0       0x6c contiki-srf06-cc26xx.a(chipinfo.o)
                0x000000000000b2c0                NOROM_ChipInfo_GetHwRevision
 .text.NOROM_ThisCodeIsBuiltForCC26xxHwRev22AndLater_HaltIfViolated
                0x000000000000b32c       0x14 contiki-srf06-cc26xx.a(chipinfo.o)
                0x000000000000b32c                NOROM_ThisCodeIsBuiltForCC26xxHwRev22AndLater_HaltIfViolated
 .text.NOROM_CPUcpsid
                0x000000000000b340        0x8 contiki-srf06-cc26xx.a(cpu.o)
                0x000000000000b340                NOROM_CPUcpsid
 .text.NOROM_CPUcpsie
                0x000000000000b348        0x8 contiki-srf06-cc26xx.a(cpu.o)
                0x000000000000b348                NOROM_CPUcpsie
 .text.NOROM_CPUdelay
                0x000000000000b350        0x8 contiki-srf06-cc26xx.a(cpu.o)
                0x000000000000b350                NOROM_CPUdelay
 .text.NOROM_SetupGetTrimForXoscHfCtl.part.3
                0x000000000000b358       0x20 contiki-srf06-cc26xx.a(setup_rom.o)
 .text.NOROM_SetupGetTrimForRadcExtCfg.part.4
                0x000000000000b378       0x1c contiki-srf06-cc26xx.a(setup_rom.o)
 .text.NOROM_SetupAfterColdResetWakeupFromShutDownCfg1
                0x000000000000b394       0x74 contiki-srf06-cc26xx.a(setup_rom.o)
                0x000000000000b394                NOROM_SetupAfterColdResetWakeupFromShutDownCfg1
 .text.NOROM_SetupAfterColdResetWakeupFromShutDownCfg3
                0x000000000000b408      0x1a0 contiki-srf06-cc26xx.a(setup_rom.o)
                0x000000000000b408                NOROM_SetupAfterColdResetWakeupFromShutDownCfg3
 .text.NOROM_SetupGetTrimForAnabypassValue1
                0x000000000000b5a8       0x64 contiki-srf06-cc26xx.a(setup_rom.o)
                0x000000000000b5a8                NOROM_SetupGetTrimForAnabypassValue1
 .text.NOROM_SetupGetTrimForAmpcompCtrl
                0x000000000000b60c       0x58 contiki-srf06-cc26xx.a(setup_rom.o)
                0x000000000000b60c                NOROM_SetupGetTrimForAmpcompCtrl
 .text.NOROM_SetupAfterColdResetWakeupFromShutDownCfg2
                0x000000000000b664      0x190 contiki-srf06-cc26xx.a(setup_rom.o)
                0x000000000000b664                NOROM_SetupAfterColdResetWakeupFromShutDownCfg2
 .text.NOROM_SetupSetCacheModeAccordingToCcfgSetting
                0x000000000000b7f4       0x6c contiki-srf06-cc26xx.a(setup_rom.o)
                0x000000000000b7f4                NOROM_SetupSetCacheModeAccordingToCcfgSetting
 .text.NOROM_AONBatMonTemperatureGetDegC
                0x000000000000b860       0x30 contiki-srf06-cc26xx.a(aon_batmon.o)
                0x000000000000b860                NOROM_AONBatMonTemperatureGetDegC
 .text.NOROM_AONRTCCurrentCompareValueGet
                0x000000000000b890       0x24 contiki-srf06-cc26xx.a(aon_rtc.o)
                0x000000000000b890                NOROM_AONRTCCurrentCompareValueGet
 .text.NOROM_OSCClockSourceSet
                0x000000000000b8b4       0x50 contiki-srf06-cc26xx.a(osc.o)
                0x000000000000b8b4                NOROM_OSCClockSourceSet
 .text.NOROM_OSCClockSourceGet
                0x000000000000b904       0x20 contiki-srf06-cc26xx.a(osc.o)
                0x000000000000b904                NOROM_OSCClockSourceGet
 .text.queuebuf_init
                0x000000000000b924       0x1c contiki-srf06-cc26xx.a(queuebuf.o)
                0x000000000000b924                queuebuf_init
 .text.queuebuf_numfree
                0x000000000000b940        0xc contiki-srf06-cc26xx.a(queuebuf.o)
                0x000000000000b940                queuebuf_numfree
 .text.queuebuf_new_from_packetbuf
                0x000000000000b94c       0x44 contiki-srf06-cc26xx.a(queuebuf.o)
                0x000000000000b94c                queuebuf_new_from_packetbuf
 .text.queuebuf_update_attr_from_packetbuf
                0x000000000000b990        0xc contiki-srf06-cc26xx.a(queuebuf.o)
                0x000000000000b990                queuebuf_update_attr_from_packetbuf
 .text.queuebuf_update_from_packetbuf
                0x000000000000b99c       0x1c contiki-srf06-cc26xx.a(queuebuf.o)
                0x000000000000b99c                queuebuf_update_from_packetbuf
 .text.queuebuf_free
                0x000000000000b9b8       0x2c contiki-srf06-cc26xx.a(queuebuf.o)
                0x000000000000b9b8                queuebuf_free
 .text.queuebuf_to_packetbuf
                0x000000000000b9e4       0x30 contiki-srf06-cc26xx.a(queuebuf.o)
                0x000000000000b9e4                queuebuf_to_packetbuf
 .text.queuebuf_attr
                0x000000000000ba14        0xc contiki-srf06-cc26xx.a(queuebuf.o)
                0x000000000000ba14                queuebuf_attr
 .text.index_from_lladdr
                0x000000000000ba20       0x50 contiki-srf06-cc26xx.a(nbr-table.o)
 .text.remove_key
                0x000000000000ba70       0x90 contiki-srf06-cc26xx.a(nbr-table.o)
 .text.nbr_table_register
                0x000000000000bb00       0x2c contiki-srf06-cc26xx.a(nbr-table.o)
                0x000000000000bb00                nbr_table_register
 .text.nbr_table_next
                0x000000000000bb2c       0x78 contiki-srf06-cc26xx.a(nbr-table.o)
                0x000000000000bb2c                nbr_table_next
 .text.nbr_table_head
                0x000000000000bba4       0x58 contiki-srf06-cc26xx.a(nbr-table.o)
                0x000000000000bba4                nbr_table_head
 .text.nbr_table_add_lladdr
                0x000000000000bbfc      0x15c contiki-srf06-cc26xx.a(nbr-table.o)
                0x000000000000bbfc                nbr_table_add_lladdr
 .text.nbr_table_get_from_lladdr
                0x000000000000bd58       0x38 contiki-srf06-cc26xx.a(nbr-table.o)
                0x000000000000bd58                nbr_table_get_from_lladdr
 .text.nbr_table_remove
                0x000000000000bd90       0x5c contiki-srf06-cc26xx.a(nbr-table.o)
                0x000000000000bd90                nbr_table_remove
 .text.nbr_table_lock
                0x000000000000bdec       0x34 contiki-srf06-cc26xx.a(nbr-table.o)
                0x000000000000bdec                nbr_table_lock
 .text.nbr_table_unlock
                0x000000000000be20       0x34 contiki-srf06-cc26xx.a(nbr-table.o)
                0x000000000000be20                nbr_table_unlock
 .text.nbr_table_get_lladdr
                0x000000000000be54       0x2c contiki-srf06-cc26xx.a(nbr-table.o)
                0x000000000000be54                nbr_table_get_lladdr
 .text.nbr_table_update_lladdr
                0x000000000000be80       0x58 contiki-srf06-cc26xx.a(nbr-table.o)
                0x000000000000be80                nbr_table_update_lladdr
 .text.packetbuf_copyto
                0x000000000000bed8       0x50 contiki-srf06-cc26xx.a(packetbuf.o)
                0x000000000000bed8                packetbuf_copyto
 .text.packetbuf_hdralloc
                0x000000000000bf28       0x54 contiki-srf06-cc26xx.a(packetbuf.o)
                0x000000000000bf28                packetbuf_hdralloc
 .text.packetbuf_hdrreduce
                0x000000000000bf7c       0x2c contiki-srf06-cc26xx.a(packetbuf.o)
                0x000000000000bf7c                packetbuf_hdrreduce
 .text.packetbuf_set_datalen
                0x000000000000bfa8        0xc contiki-srf06-cc26xx.a(packetbuf.o)
                0x000000000000bfa8                packetbuf_set_datalen
 .text.packetbuf_dataptr
                0x000000000000bfb4       0x20 contiki-srf06-cc26xx.a(packetbuf.o)
                0x000000000000bfb4                packetbuf_dataptr
 .text.packetbuf_hdrptr
                0x000000000000bfd4        0x8 contiki-srf06-cc26xx.a(packetbuf.o)
                0x000000000000bfd4                packetbuf_hdrptr
 .text.packetbuf_datalen
                0x000000000000bfdc        0xc contiki-srf06-cc26xx.a(packetbuf.o)
                0x000000000000bfdc                packetbuf_datalen
 .text.packetbuf_totlen
                0x000000000000bfe8       0x24 contiki-srf06-cc26xx.a(packetbuf.o)
                0x000000000000bfe8                packetbuf_totlen
 .text.packetbuf_attr_clear
                0x000000000000c00c       0x34 contiki-srf06-cc26xx.a(packetbuf.o)
                0x000000000000c00c                packetbuf_attr_clear
 .text.packetbuf_clear
                0x000000000000c040       0x20 contiki-srf06-cc26xx.a(packetbuf.o)
                0x000000000000c040                packetbuf_clear
 .text.packetbuf_copyfrom
                0x000000000000c060       0x40 contiki-srf06-cc26xx.a(packetbuf.o)
                0x000000000000c060                packetbuf_copyfrom
 .text.packetbuf_attr_copyto
                0x000000000000c0a0       0x44 contiki-srf06-cc26xx.a(packetbuf.o)
                0x000000000000c0a0                packetbuf_attr_copyto
 .text.packetbuf_attr_copyfrom
                0x000000000000c0e4       0x44 contiki-srf06-cc26xx.a(packetbuf.o)
                0x000000000000c0e4                packetbuf_attr_copyfrom
 .text.packetbuf_set_attr
                0x000000000000c128       0x10 contiki-srf06-cc26xx.a(packetbuf.o)
                0x000000000000c128                packetbuf_set_attr
 .text.packetbuf_attr
                0x000000000000c138        0xc contiki-srf06-cc26xx.a(packetbuf.o)
                0x000000000000c138                packetbuf_attr
 .text.packetbuf_set_addr
                0x000000000000c144       0x18 contiki-srf06-cc26xx.a(packetbuf.o)
                0x000000000000c144                packetbuf_set_addr
 .text.packetbuf_addr
                0x000000000000c15c       0x10 contiki-srf06-cc26xx.a(packetbuf.o)
                0x000000000000c15c                packetbuf_addr
 .text.packetbuf_holds_broadcast
                0x000000000000c16c       0x10 contiki-srf06-cc26xx.a(packetbuf.o)
                0x000000000000c16c                packetbuf_holds_broadcast
 .text.netstack_init
                0x000000000000c17c       0x38 contiki-srf06-cc26xx.a(netstack.o)
                0x000000000000c17c                netstack_init
 .text.linkaddr_copy
                0x000000000000c1b4        0xc contiki-srf06-cc26xx.a(linkaddr.o)
                0x000000000000c1b4                linkaddr_copy
 .text.linkaddr_cmp
                0x000000000000c1c0       0x10 contiki-srf06-cc26xx.a(linkaddr.o)
                0x000000000000c1c0                linkaddr_cmp
 .text.periodic
                0x000000000000c1d0       0x30 contiki-srf06-cc26xx.a(link-stats.o)
 .text.link_stats_from_lladdr
                0x000000000000c200        0xc contiki-srf06-cc26xx.a(link-stats.o)
                0x000000000000c200                link_stats_from_lladdr
 .text.link_stats_is_fresh
                0x000000000000c20c       0x28 contiki-srf06-cc26xx.a(link-stats.o)
                0x000000000000c20c                link_stats_is_fresh
 .text.link_stats_packet_sent
                0x000000000000c234       0xcc contiki-srf06-cc26xx.a(link-stats.o)
                0x000000000000c234                link_stats_packet_sent
 .text.link_stats_input_callback
                0x000000000000c300       0x5c contiki-srf06-cc26xx.a(link-stats.o)
                0x000000000000c300                link_stats_input_callback
 .text.link_stats_init
                0x000000000000c35c       0x28 contiki-srf06-cc26xx.a(link-stats.o)
                0x000000000000c35c                link_stats_init
 .text.parse    0x000000000000c384       0xa4 contiki-srf06-cc26xx.a(framer-802154.o)
 .text.create_frame.isra.0
                0x000000000000c428      0x144 contiki-srf06-cc26xx.a(framer-802154.o)
 .text.create   0x000000000000c56c        0x8 contiki-srf06-cc26xx.a(framer-802154.o)
 .text.hdr_length
                0x000000000000c574        0x8 contiki-srf06-cc26xx.a(framer-802154.o)
 .text.input_packet
                0x000000000000c57c        0xc contiki-srf06-cc26xx.a(csma.o)
 .text.on       0x000000000000c588        0xc contiki-srf06-cc26xx.a(csma.o)
 .text.off      0x000000000000c594        0xc contiki-srf06-cc26xx.a(csma.o)
 .text.channel_check_interval
                0x000000000000c5a0       0x10 contiki-srf06-cc26xx.a(csma.o)
 .text.transmit_packet_list
                0x000000000000c5b0       0x34 contiki-srf06-cc26xx.a(csma.o)
 .text.schedule_transmission
                0x000000000000c5e4       0x58 contiki-srf06-cc26xx.a(csma.o)
 .text.send_packet
                0x000000000000c63c      0x154 contiki-srf06-cc26xx.a(csma.o)
 .text.init     0x000000000000c790       0x24 contiki-srf06-cc26xx.a(csma.o)
 .text.tx_done  0x000000000000c7b4       0x90 contiki-srf06-cc26xx.a(csma.o)
 .text.packet_sent
                0x000000000000c844       0xf0 contiki-srf06-cc26xx.a(csma.o)
 .text.frame802154_get_pan_id
                0x000000000000c934        0xc contiki-srf06-cc26xx.a(frame802154.o)
                0x000000000000c934                frame802154_get_pan_id
 .text.frame802154_has_panid
                0x000000000000c940       0xa4 contiki-srf06-cc26xx.a(frame802154.o)
                0x000000000000c940                frame802154_has_panid
 .text.field_len
                0x000000000000c9e4       0x88 contiki-srf06-cc26xx.a(frame802154.o)
 .text.frame802154_is_broadcast_addr
                0x000000000000ca6c       0x20 contiki-srf06-cc26xx.a(frame802154.o)
                0x000000000000ca6c                frame802154_is_broadcast_addr
 .text.frame802154_hdrlen
                0x000000000000ca8c       0x34 contiki-srf06-cc26xx.a(frame802154.o)
                0x000000000000ca8c                frame802154_hdrlen
 .text.frame802154_create_fcf
                0x000000000000cac0       0x64 contiki-srf06-cc26xx.a(frame802154.o)
                0x000000000000cac0                frame802154_create_fcf
 .text.frame802154_create
                0x000000000000cb24       0xb4 contiki-srf06-cc26xx.a(frame802154.o)
                0x000000000000cb24                frame802154_create
 .text.frame802154_parse_fcf
                0x000000000000cbd8       0x44 contiki-srf06-cc26xx.a(frame802154.o)
                0x000000000000cbd8                frame802154_parse_fcf
 .text.frame802154_parse
                0x000000000000cc1c      0x138 contiki-srf06-cc26xx.a(frame802154.o)
                0x000000000000cc1c                frame802154_parse
 .text.mac_call_sent_callback
                0x000000000000cd54       0x18 contiki-srf06-cc26xx.a(mac.o)
                0x000000000000cd54                mac_call_sent_callback
 .text.duty_cycle
                0x000000000000cd6c        0x4 contiki-srf06-cc26xx.a(contikimac.o)
 .text.init     0x000000000000cd70       0x40 contiki-srf06-cc26xx.a(contikimac.o)
 .text.on.part.0
                0x000000000000cdb0       0x14 contiki-srf06-cc26xx.a(contikimac.o)
 .text.off      0x000000000000cdc4       0x38 contiki-srf06-cc26xx.a(contikimac.o)
 .text.recv_burst_off
                0x000000000000cdfc       0x14 contiki-srf06-cc26xx.a(contikimac.o)
 .text.powercycle_turn_radio_off.part.2
                0x000000000000ce10       0x10 contiki-srf06-cc26xx.a(contikimac.o)
 .text.turn_off
                0x000000000000ce20       0x48 contiki-srf06-cc26xx.a(contikimac.o)
 .text.turn_on  0x000000000000ce68       0x44 contiki-srf06-cc26xx.a(contikimac.o)
 .text.schedule_powercycle_fixed.part.5
                0x000000000000ceac       0x30 contiki-srf06-cc26xx.a(contikimac.o)
 .text.input_packet
                0x000000000000cedc       0xc4 contiki-srf06-cc26xx.a(contikimac.o)
 .text.send_packet.isra.8
                0x000000000000cfa0      0x244 contiki-srf06-cc26xx.a(contikimac.o)
 .text.qsend_list
                0x000000000000d1e4       0xf4 contiki-srf06-cc26xx.a(contikimac.o)
 .text.qsend_packet
                0x000000000000d2d8       0x24 contiki-srf06-cc26xx.a(contikimac.o)
 .text.powercycle_wrapper
                0x000000000000d2fc      0x264 contiki-srf06-cc26xx.a(contikimac.o)
 .text.init     0x000000000000d560        0x4 contiki-srf06-cc26xx.a(nullsec.o)
 .text.input    0x000000000000d564        0xc contiki-srf06-cc26xx.a(nullsec.o)
 .text.send     0x000000000000d570       0x20 contiki-srf06-cc26xx.a(nullsec.o)
 .text.sensor_common_read_reg
                0x000000000000d590       0x1c contiki-srf06-cc26xx.a(sensor-common.o)
                0x000000000000d590                sensor_common_read_reg
 .text.sensor_common_write_reg
                0x000000000000d5ac       0x38 contiki-srf06-cc26xx.a(sensor-common.o)
                0x000000000000d5ac                sensor_common_write_reg
 .text.sensor_common_set_error_data
                0x000000000000d5e4       0x18 contiki-srf06-cc26xx.a(sensor-common.o)
                0x000000000000d5e4                sensor_common_set_error_data
 .text.verify_part
                0x000000000000d5fc       0x80 contiki-srf06-cc26xx.a(ext-flash.o)
 .text.wait_ready
                0x000000000000d67c       0x58 contiki-srf06-cc26xx.a(ext-flash.o)
 .text.power_down
                0x000000000000d6d4       0x50 contiki-srf06-cc26xx.a(ext-flash.o)
 .text.ext_flash_open
                0x000000000000d724       0x60 contiki-srf06-cc26xx.a(ext-flash.o)
                0x000000000000d724                ext_flash_open
 .text.ext_flash_init
                0x000000000000d784       0x14 contiki-srf06-cc26xx.a(ext-flash.o)
                0x000000000000d784                ext_flash_init
 .text.accessible
                0x000000000000d798       0x24 contiki-srf06-cc26xx.a(board-spi.o)
 .text.board_spi_write
                0x000000000000d7bc       0x40 contiki-srf06-cc26xx.a(board-spi.o)
                0x000000000000d7bc                board_spi_write
 .text.board_spi_read
                0x000000000000d7fc       0x4c contiki-srf06-cc26xx.a(board-spi.o)
                0x000000000000d7fc                board_spi_read
 .text.board_spi_flush
                0x000000000000d848       0x24 contiki-srf06-cc26xx.a(board-spi.o)
                0x000000000000d848                board_spi_flush
 .text.board_spi_open
                0x000000000000d86c       0xbc contiki-srf06-cc26xx.a(board-spi.o)
                0x000000000000d86c                board_spi_open
 .text.board_spi_close
                0x000000000000d928       0x70 contiki-srf06-cc26xx.a(board-spi.o)
                0x000000000000d928                board_spi_close
 .text.aux_ctrl_power_up
                0x000000000000d998       0x28 contiki-srf06-cc26xx.a(aux-ctrl.o)
                0x000000000000d998                aux_ctrl_power_up
 .text.aux_ctrl_register_consumer
                0x000000000000d9c0       0x40 contiki-srf06-cc26xx.a(aux-ctrl.o)
                0x000000000000d9c0                aux_ctrl_register_consumer
 .text.aux_ctrl_power_down
                0x000000000000da00       0x68 contiki-srf06-cc26xx.a(aux-ctrl.o)
                0x000000000000da00                aux_ctrl_power_down
 .text.aux_ctrl_unregister_consumer
                0x000000000000da68       0x28 contiki-srf06-cc26xx.a(aux-ctrl.o)
                0x000000000000da68                aux_ctrl_unregister_consumer
 .text.process_thread_rf_core_process
                0x000000000000da90       0x58 contiki-srf06-cc26xx.a(rf-core.o)
 .text.rf_core_is_accessible
                0x000000000000dae8       0x10 contiki-srf06-cc26xx.a(rf-core.o)
                0x000000000000dae8                rf_core_is_accessible
 .text.rf_core_send_cmd
                0x000000000000daf8       0x94 contiki-srf06-cc26xx.a(rf-core.o)
                0x000000000000daf8                rf_core_send_cmd
 .text.rf_core_wait_cmd_done
                0x000000000000db8c       0x30 contiki-srf06-cc26xx.a(rf-core.o)
                0x000000000000db8c                rf_core_wait_cmd_done
 .text.rf_core_power_up
                0x000000000000dbbc       0xcc contiki-srf06-cc26xx.a(rf-core.o)
                0x000000000000dbbc                rf_core_power_up
 .text.rf_core_start_rat
                0x000000000000dc88       0x68 contiki-srf06-cc26xx.a(rf-core.o)
                0x000000000000dc88                rf_core_start_rat
 .text.rf_core_stop_rat
                0x000000000000dcf0       0x7c contiki-srf06-cc26xx.a(rf-core.o)
                0x000000000000dcf0                rf_core_stop_rat
 .text.rf_core_power_down
                0x000000000000dd6c       0xec contiki-srf06-cc26xx.a(rf-core.o)
                0x000000000000dd6c                rf_core_power_down
 .text.rf_core_set_modesel
                0x000000000000de58       0x44 contiki-srf06-cc26xx.a(rf-core.o)
                0x000000000000de58                rf_core_set_modesel
 .text.rf_core_boot
                0x000000000000de9c       0x1c contiki-srf06-cc26xx.a(rf-core.o)
                0x000000000000de9c                rf_core_boot
 .text.rf_core_restart_rat
                0x000000000000deb8       0x18 contiki-srf06-cc26xx.a(rf-core.o)
                0x000000000000deb8                rf_core_restart_rat
 .text.rf_core_setup_interrupts
                0x000000000000ded0       0x74 contiki-srf06-cc26xx.a(rf-core.o)
                0x000000000000ded0                rf_core_setup_interrupts
 .text.rf_core_cmd_done_en
                0x000000000000df44       0x28 contiki-srf06-cc26xx.a(rf-core.o)
                0x000000000000df44                rf_core_cmd_done_en
 .text.rf_core_cmd_done_dis
                0x000000000000df6c       0x18 contiki-srf06-cc26xx.a(rf-core.o)
                0x000000000000df6c                rf_core_cmd_done_dis
 .text.rf_core_get_last_radio_op
                0x000000000000df84        0xc contiki-srf06-cc26xx.a(rf-core.o)
                0x000000000000df84                rf_core_get_last_radio_op
 .text.rf_core_init_radio_op
                0x000000000000df90       0x1c contiki-srf06-cc26xx.a(rf-core.o)
                0x000000000000df90                rf_core_init_radio_op
 .text.rf_core_primary_mode_register
                0x000000000000dfac        0xc contiki-srf06-cc26xx.a(rf-core.o)
                0x000000000000dfac                rf_core_primary_mode_register
 .text.RFCCPE1IntHandler
                0x000000000000dfb8       0x28 contiki-srf06-cc26xx.a(rf-core.o)
                0x000000000000dfb8                RFCCPE1IntHandler
 .text.RFCCPE0IntHandler
                0x000000000000dfe0       0x5c contiki-srf06-cc26xx.a(rf-core.o)
                0x000000000000dfe0                RFCCPE0IntHandler
 .text.rf_ble_is_active
                0x000000000000e03c        0xc contiki-srf06-cc26xx.a(rf-ble.o)
                0x000000000000e03c                rf_ble_is_active
 .text.memb_init
                0x000000000000e048       0x24 contiki-srf06-cc26xx.a(memb.o)
                0x000000000000e048                memb_init
 .text.memb_alloc
                0x000000000000e06c       0x3c contiki-srf06-cc26xx.a(memb.o)
                0x000000000000e06c                memb_alloc
 .text.memb_free
                0x000000000000e0a8       0x40 contiki-srf06-cc26xx.a(memb.o)
                0x000000000000e0a8                memb_free
 .text.memb_inmemb
                0x000000000000e0e8       0x1c contiki-srf06-cc26xx.a(memb.o)
                0x000000000000e0e8                memb_inmemb
 .text.memb_numfree
                0x000000000000e104       0x20 contiki-srf06-cc26xx.a(memb.o)
                0x000000000000e104                memb_numfree
 .text.echo_reply_input
                0x000000000000e124       0xb0 contiki-srf06-cc26xx.a(uip-icmp6.o)
 .text.echo_request_input
                0x000000000000e1d4       0xb0 contiki-srf06-cc26xx.a(uip-icmp6.o)
 .text.uip_icmp6_input
                0x000000000000e284       0x3c contiki-srf06-cc26xx.a(uip-icmp6.o)
                0x000000000000e284                uip_icmp6_input
 .text.uip_icmp6_register_input_handler
                0x000000000000e2c0        0xc contiki-srf06-cc26xx.a(uip-icmp6.o)
                0x000000000000e2c0                uip_icmp6_register_input_handler
 .text.uip_icmp6_error_output
                0x000000000000e2cc      0x158 contiki-srf06-cc26xx.a(uip-icmp6.o)
                0x000000000000e2cc                uip_icmp6_error_output
 .text.uip_icmp6_send
                0x000000000000e424       0x84 contiki-srf06-cc26xx.a(uip-icmp6.o)
                0x000000000000e424                uip_icmp6_send
 .text.uip_icmp6_init
                0x000000000000e4a8       0x24 contiki-srf06-cc26xx.a(uip-icmp6.o)
                0x000000000000e4a8                uip_icmp6_init
 .text.uip_ds6_list_loop
                0x000000000000e4cc       0x58 contiki-srf06-cc26xx.a(uip-ds6.o)
                0x000000000000e4cc                uip_ds6_list_loop
 .text.uip_ds6_prefix_add
                0x000000000000e524       0x6c contiki-srf06-cc26xx.a(uip-ds6.o)
                0x000000000000e524                uip_ds6_prefix_add
 .text.uip_ds6_is_addr_onlink
                0x000000000000e590       0x40 contiki-srf06-cc26xx.a(uip-ds6.o)
                0x000000000000e590                uip_ds6_is_addr_onlink
 .text.uip_ds6_addr_lookup
                0x000000000000e5d0       0x30 contiki-srf06-cc26xx.a(uip-ds6.o)
                0x000000000000e5d0                uip_ds6_addr_lookup
 .text.uip_ds6_get_link_local
                0x000000000000e600       0x50 contiki-srf06-cc26xx.a(uip-ds6.o)
                0x000000000000e600                uip_ds6_get_link_local
 .text.uip_ds6_maddr_add
                0x000000000000e650       0x50 contiki-srf06-cc26xx.a(uip-ds6.o)
                0x000000000000e650                uip_ds6_maddr_add
 .text.uip_ds6_addr_add
                0x000000000000e6a0       0xa8 contiki-srf06-cc26xx.a(uip-ds6.o)
                0x000000000000e6a0                uip_ds6_addr_add
 .text.uip_ds6_maddr_lookup
                0x000000000000e748       0x30 contiki-srf06-cc26xx.a(uip-ds6.o)
                0x000000000000e748                uip_ds6_maddr_lookup
 .text.uip_ds6_addr_rm
                0x000000000000e778       0x48 contiki-srf06-cc26xx.a(uip-ds6.o)
                0x000000000000e778                uip_ds6_addr_rm
 .text.uip_ds6_periodic
                0x000000000000e7c0       0x5c contiki-srf06-cc26xx.a(uip-ds6.o)
                0x000000000000e7c0                uip_ds6_periodic
 .text.uip_ds6_select_src
                0x000000000000e81c      0x118 contiki-srf06-cc26xx.a(uip-ds6.o)
                0x000000000000e81c                uip_ds6_select_src
 .text.uip_ds6_set_addr_iid
                0x000000000000e934       0x14 contiki-srf06-cc26xx.a(uip-ds6.o)
                0x000000000000e934                uip_ds6_set_addr_iid
 .text.uip_ds6_compute_reachable_time
                0x000000000000e948       0x2c contiki-srf06-cc26xx.a(uip-ds6.o)
                0x000000000000e948                uip_ds6_compute_reachable_time
 .text.uip_ds6_init
                0x000000000000e974       0xf4 contiki-srf06-cc26xx.a(uip-ds6.o)
                0x000000000000e974                uip_ds6_init
 .text.call_route_callback
                0x000000000000ea68       0x54 contiki-srf06-cc26xx.a(uip-ds6-route.o)
 .text.uip_ds6_route_init
                0x000000000000eabc       0x4c contiki-srf06-cc26xx.a(uip-ds6-route.o)
                0x000000000000eabc                uip_ds6_route_init
 .text.uip_ds6_route_nexthop
                0x000000000000eb08       0x1c contiki-srf06-cc26xx.a(uip-ds6-route.o)
                0x000000000000eb08                uip_ds6_route_nexthop
 .text.uip_ds6_route_head
                0x000000000000eb24        0xc contiki-srf06-cc26xx.a(uip-ds6-route.o)
                0x000000000000eb24                uip_ds6_route_head
 .text.uip_ds6_route_next
                0x000000000000eb30        0x8 contiki-srf06-cc26xx.a(uip-ds6-route.o)
                0x000000000000eb30                uip_ds6_route_next
 .text.uip_ds6_route_is_nexthop
                0x000000000000eb38       0x20 contiki-srf06-cc26xx.a(uip-ds6-route.o)
                0x000000000000eb38                uip_ds6_route_is_nexthop
 .text.uip_ds6_route_lookup
                0x000000000000eb58       0x78 contiki-srf06-cc26xx.a(uip-ds6-route.o)
                0x000000000000eb58                uip_ds6_route_lookup
 .text.uip_ds6_route_rm
                0x000000000000ebd0       0xac contiki-srf06-cc26xx.a(uip-ds6-route.o)
                0x000000000000ebd0                uip_ds6_route_rm
 .text.rm_routelist
                0x000000000000ec7c       0x38 contiki-srf06-cc26xx.a(uip-ds6-route.o)
 .text.rm_routelist_callback
                0x000000000000ecb4        0x4 contiki-srf06-cc26xx.a(uip-ds6-route.o)
 .text.uip_ds6_route_add
                0x000000000000ecb8      0x114 contiki-srf06-cc26xx.a(uip-ds6-route.o)
                0x000000000000ecb8                uip_ds6_route_add
 .text.uip_ds6_defrt_rm
                0x000000000000edcc       0x48 contiki-srf06-cc26xx.a(uip-ds6-route.o)
                0x000000000000edcc                uip_ds6_defrt_rm
 .text.uip_ds6_defrt_lookup
                0x000000000000ee14       0x38 contiki-srf06-cc26xx.a(uip-ds6-route.o)
                0x000000000000ee14                uip_ds6_defrt_lookup
 .text.uip_ds6_defrt_add
                0x000000000000ee4c       0x5c contiki-srf06-cc26xx.a(uip-ds6-route.o)
                0x000000000000ee4c                uip_ds6_defrt_add
 .text.uip_ds6_defrt_choose
                0x000000000000eea8       0x34 contiki-srf06-cc26xx.a(uip-ds6-route.o)
                0x000000000000eea8                uip_ds6_defrt_choose
 .text.uip_ds6_defrt_periodic
                0x000000000000eedc       0x44 contiki-srf06-cc26xx.a(uip-ds6-route.o)
                0x000000000000eedc                uip_ds6_defrt_periodic
 .text.uip_ds6_nbr_rm
                0x000000000000ef20       0x20 contiki-srf06-cc26xx.a(uip-ds6-nbr.o)
                0x000000000000ef20                uip_ds6_nbr_rm
 .text.uip_ds6_neighbors_init
                0x000000000000ef40       0x1c contiki-srf06-cc26xx.a(uip-ds6-nbr.o)
                0x000000000000ef40                uip_ds6_neighbors_init
 .text.uip_ds6_nbr_add
                0x000000000000ef5c       0x38 contiki-srf06-cc26xx.a(uip-ds6-nbr.o)
                0x000000000000ef5c                uip_ds6_nbr_add
 .text.uip_ds6_nbr_get_ll
                0x000000000000ef94       0x10 contiki-srf06-cc26xx.a(uip-ds6-nbr.o)
                0x000000000000ef94                uip_ds6_nbr_get_ll
 .text.uip_ds6_nbr_lookup
                0x000000000000efa4       0x3c contiki-srf06-cc26xx.a(uip-ds6-nbr.o)
                0x000000000000efa4                uip_ds6_nbr_lookup
 .text.uip_ds6_nbr_ipaddr_from_lladdr
                0x000000000000efe0       0x10 contiki-srf06-cc26xx.a(uip-ds6-nbr.o)
                0x000000000000efe0                uip_ds6_nbr_ipaddr_from_lladdr
 .text.uip_ds6_nbr_lladdr_from_ipaddr
                0x000000000000eff0       0x1c contiki-srf06-cc26xx.a(uip-ds6-nbr.o)
                0x000000000000eff0                uip_ds6_nbr_lladdr_from_ipaddr
 .text.uip_ds6_link_neighbor_callback
                0x000000000000f00c       0x34 contiki-srf06-cc26xx.a(uip-ds6-nbr.o)
                0x000000000000f00c                uip_ds6_link_neighbor_callback
 .text.uip_debug_ipaddr_print
                0x000000000000f040       0xbc contiki-srf06-cc26xx.a(uip-debug.o)
                0x000000000000f040                uip_debug_ipaddr_print
 .text.update_nbr
                0x000000000000f0fc      0x10c contiki-srf06-cc26xx.a(rpl-nbr-policy.)
 .text.handle_periodic_timer
                0x000000000000f208       0x14 contiki-srf06-cc26xx.a(rpl-nbr-policy.)
 .text.find_removable_dio
                0x000000000000f21c       0x3c contiki-srf06-cc26xx.a(rpl-nbr-policy.)
                0x000000000000f21c                find_removable_dio
 .text.rpl_nbr_policy_find_removable
                0x000000000000f258       0x64 contiki-srf06-cc26xx.a(rpl-nbr-policy.)
                0x000000000000f258                rpl_nbr_policy_find_removable
 .text.mac_sequence_is_duplicate
                0x000000000000f2bc       0x4c contiki-srf06-cc26xx.a(mac-sequence.o)
                0x000000000000f2bc                mac_sequence_is_duplicate
 .text.mac_sequence_register_seqno
                0x000000000000f308       0x60 contiki-srf06-cc26xx.a(mac-sequence.o)
                0x000000000000f308                mac_sequence_register_seqno
 .text.stimer_set
                0x000000000000f368       0x10 contiki-srf06-cc26xx.a(stimer.o)
                0x000000000000f368                stimer_set
 .text.stimer_expired
                0x000000000000f378       0x20 contiki-srf06-cc26xx.a(stimer.o)
                0x000000000000f378                stimer_expired
 .text          0x000000000000f398       0x10 /usr/lib/gcc/arm-none-eabi/6.3.1/../../../arm-none-eabi/lib/thumb/v7-m/libm.a(lib_a-w_exp2.o)
                0x000000000000f398                exp2
 .text          0x000000000000f3a8      0x340 /usr/lib/gcc/arm-none-eabi/6.3.1/../../../arm-none-eabi/lib/thumb/v7-m/libm.a(lib_a-w_pow.o)
                0x000000000000f3a8                pow
 .text          0x000000000000f6e8       0xbc /usr/lib/gcc/arm-none-eabi/6.3.1/../../../arm-none-eabi/lib/thumb/v7-m/libm.a(lib_a-w_sqrt.o)
                0x000000000000f6e8                sqrt
 .text          0x000000000000f7a4      0x178 /usr/lib/gcc/arm-none-eabi/6.3.1/../../../arm-none-eabi/lib/thumb/v7-m/libm.a(lib_a-e_sqrt.o)
                0x000000000000f7a4                __ieee754_sqrt
 .text          0x000000000000f91c        0x8 /usr/lib/gcc/arm-none-eabi/6.3.1/../../../arm-none-eabi/lib/thumb/v7-m/libm.a(lib_a-s_fabs.o)
                0x000000000000f91c                fabs
 .text          0x000000000000f924        0xc /usr/lib/gcc/arm-none-eabi/6.3.1/../../../arm-none-eabi/lib/thumb/v7-m/libm.a(lib_a-s_finite.o)
                0x000000000000f924                finite
 .text          0x000000000000f930        0x4 /usr/lib/gcc/arm-none-eabi/6.3.1/../../../arm-none-eabi/lib/thumb/v7-m/libm.a(lib_a-s_matherr.o)
                0x000000000000f930                matherr
 .text          0x000000000000f934        0xc /usr/lib/gcc/arm-none-eabi/6.3.1/../../../arm-none-eabi/lib/thumb/v7-m/libm.a(lib_a-s_nan.o)
                0x000000000000f934                nan
 .text          0x000000000000f940      0x11c /usr/lib/gcc/arm-none-eabi/6.3.1/../../../arm-none-eabi/lib/thumb/v7-m/libm.a(lib_a-s_rint.o)
                0x000000000000f940                rint
 .text          0x000000000000fa5c       0x10 /usr/lib/gcc/arm-none-eabi/6.3.1/../../../arm-none-eabi/lib/thumb/v7-m/libm.a(lib_a-s_copysign.o)
                0x000000000000fa5c                copysign
 .text          0x000000000000fa6c      0x370 /usr/lib/gcc/arm-none-eabi/6.3.1/thumb/v7-m/libgcc.a(_arm_addsubdf3.o)
                0x000000000000fa6c                __aeabi_drsub
                0x000000000000fa74                __aeabi_dsub
                0x000000000000fa74                __subdf3
                0x000000000000fa78                __adddf3
                0x000000000000fa78                __aeabi_dadd
                0x000000000000fcf0                __aeabi_ui2d
                0x000000000000fcf0                __floatunsidf
                0x000000000000fd10                __floatsidf
                0x000000000000fd10                __aeabi_i2d
                0x000000000000fd34                __extendsfdf2
                0x000000000000fd34                __aeabi_f2d
                0x000000000000fd70                __aeabi_ul2d
                0x000000000000fd70                __floatundidf
                0x000000000000fd80                __floatdidf
                0x000000000000fd80                __aeabi_l2d
 .text          0x000000000000fddc      0x424 /usr/lib/gcc/arm-none-eabi/6.3.1/thumb/v7-m/libgcc.a(_arm_muldivdf3.o)
                0x000000000000fddc                __aeabi_dmul
                0x000000000000fddc                __muldf3
                0x0000000000010030                __aeabi_ddiv
                0x0000000000010030                __divdf3
 .text          0x0000000000010200      0x110 /usr/lib/gcc/arm-none-eabi/6.3.1/thumb/v7-m/libgcc.a(_arm_cmpdf2.o)
                0x0000000000010200                __gtdf2
                0x0000000000010200                __gedf2
                0x0000000000010208                __ltdf2
                0x0000000000010208                __ledf2
                0x0000000000010210                __cmpdf2
                0x0000000000010210                __eqdf2
                0x0000000000010210                __nedf2
                0x000000000001028c                __aeabi_cdrcmple
                0x000000000001029c                __aeabi_cdcmple
                0x000000000001029c                __aeabi_cdcmpeq
                0x00000000000102ac                __aeabi_dcmpeq
                0x00000000000102c0                __aeabi_dcmplt
                0x00000000000102d4                __aeabi_dcmple
                0x00000000000102e8                __aeabi_dcmpge
                0x00000000000102fc                __aeabi_dcmpgt
 .text          0x0000000000010310       0x2c /usr/lib/gcc/arm-none-eabi/6.3.1/thumb/v7-m/libgcc.a(_arm_unorddf2.o)
                0x0000000000010310                __aeabi_dcmpun
                0x0000000000010310                __unorddf2
 .text          0x000000000001033c       0x50 /usr/lib/gcc/arm-none-eabi/6.3.1/thumb/v7-m/libgcc.a(_arm_fixdfsi.o)
                0x000000000001033c                __fixdfsi
                0x000000000001033c                __aeabi_d2iz
 .text          0x000000000001038c       0xa0 /usr/lib/gcc/arm-none-eabi/6.3.1/thumb/v7-m/libgcc.a(_arm_truncdfsf2.o)
                0x000000000001038c                __aeabi_d2f
                0x000000000001038c                __truncdfsf2
 .text          0x000000000001042c      0x21c /usr/lib/gcc/arm-none-eabi/6.3.1/thumb/v7-m/libgcc.a(_arm_addsubsf3.o)
                0x000000000001042c                __aeabi_frsub
                0x0000000000010434                __subsf3
                0x0000000000010434                __aeabi_fsub
                0x0000000000010438                __aeabi_fadd
                0x0000000000010438                __addsf3
                0x0000000000010598                __aeabi_ui2f
                0x0000000000010598                __floatunsisf
                0x00000000000105a0                __aeabi_i2f
                0x00000000000105a0                __floatsisf
                0x00000000000105bc                __floatundisf
                0x00000000000105bc                __aeabi_ul2f
                0x00000000000105cc                __floatdisf
                0x00000000000105cc                __aeabi_l2f
 .text          0x0000000000010648      0x2a0 /usr/lib/gcc/arm-none-eabi/6.3.1/thumb/v7-m/libgcc.a(_arm_muldivsf3.o)
                0x0000000000010648                __mulsf3
                0x0000000000010648                __aeabi_fmul
                0x00000000000107b0                __divsf3
                0x00000000000107b0                __aeabi_fdiv
 .text          0x00000000000108e8       0x4c /usr/lib/gcc/arm-none-eabi/6.3.1/thumb/v7-m/libgcc.a(_arm_fixsfsi.o)
                0x00000000000108e8                __fixsfsi
                0x00000000000108e8                __aeabi_f2iz
 .text          0x0000000000010934       0x30 /usr/lib/gcc/arm-none-eabi/6.3.1/thumb/v7-m/libgcc.a(_aeabi_uldivmod.o)
                0x0000000000010934                __aeabi_uldivmod
 .text          0x0000000000010964      0x2dc /usr/lib/gcc/arm-none-eabi/6.3.1/thumb/v7-m/libgcc.a(_udivmoddi4.o)
                0x0000000000010964                __udivmoddi4
 .text          0x0000000000010c40        0x4 /usr/lib/gcc/arm-none-eabi/6.3.1/thumb/v7-m/libgcc.a(_dvmd_tls.o)
                0x0000000000010c40                __aeabi_ldiv0
                0x0000000000010c40                __aeabi_idiv0
 .text          0x0000000000010c44        0xc /usr/lib/gcc/arm-none-eabi/6.3.1/../../../arm-none-eabi/lib/thumb/v7-m/libc.a(lib_a-errno.o)
                0x0000000000010c44                __errno
 .text          0x0000000000010c50       0x60 /usr/lib/gcc/arm-none-eabi/6.3.1/../../../arm-none-eabi/lib/thumb/v7-m/libc.a(lib_a-memcmp.o)
                0x0000000000010c50                memcmp
 .text          0x0000000000010cb0       0xec /usr/lib/gcc/arm-none-eabi/6.3.1/../../../arm-none-eabi/lib/thumb/v7-m/libc.a(lib_a-memcpy.o)
                0x0000000000010cb0                memcpy
 .text          0x0000000000010d9c       0xc8 /usr/lib/gcc/arm-none-eabi/6.3.1/../../../arm-none-eabi/lib/thumb/v7-m/libc.a(lib_a-memmove.o)
                0x0000000000010d9c                memmove
 .text          0x0000000000010e64       0x9c /usr/lib/gcc/arm-none-eabi/6.3.1/../../../arm-none-eabi/lib/thumb/v7-m/libc.a(lib_a-memset.o)
                0x0000000000010e64                memset
 .text          0x0000000000010f00       0x5c /usr/lib/gcc/arm-none-eabi/6.3.1/../../../arm-none-eabi/lib/thumb/v7-m/libc.a(lib_a-strlen-stub.o)
                0x0000000000010f00                strlen
 *(SORT(.rodata*))
 *fill*         0x0000000000010f5c        0x4 00000000
 .rodata        0x0000000000010f60       0x10 /usr/lib/gcc/arm-none-eabi/6.3.1/../../../arm-none-eabi/lib/thumb/v7-m/libm.a(lib_a-s_rint.o)
 .rodata.autostart_processes
                0x0000000000010f70        0xc buzz.co
                0x0000000000010f70                autostart_processes
 .rodata.process_thread_process_ACTIVE.str1.4
                0x0000000000010f7c       0x54 buzz.co
 .rodata.process_thread_process_IDLE.str1.4
                0x0000000000010fd0        0xb buzz.co
 *fill*         0x0000000000010fdb        0x1 00000000
 .rodata.run_IMU.str1.4
                0x0000000000010fdc       0x1d buzz.co
 *fill*         0x0000000000010ff9        0x3 00000000
 .rodata.run_light_sensor.str1.4
                0x0000000000010ffc       0x52 buzz.co
 *fill*         0x000000000001104e        0x2 00000000
 .rodata.str1.4
                0x0000000000011050        0xd buzz.co
 *fill*         0x000000000001105d        0x3 00000000
 .rodata.main.str1.4
                0x0000000000011060       0xf2 contiki-srf06-cc26xx.a(contiki-main.o)
 *fill*         0x0000000000011152        0x2 00000000
 .rodata.str1.4
                0x0000000000011154        0x8 contiki-srf06-cc26xx.a(sensors.o)
 .rodata.bmp_280_sensor
                0x000000000001115c       0x10 contiki-srf06-cc26xx.a(bmp-280-sensor.)
                0x000000000001115c                bmp_280_sensor
 .rodata.str1.4
                0x000000000001116c        0x7 contiki-srf06-cc26xx.a(bmp-280-sensor.)
 *fill*         0x0000000000011173        0x1 00000000
 .rodata.str1.4
                0x0000000000011174        0x7 contiki-srf06-cc26xx.a(tmp-007-sensor.)
 *fill*         0x000000000001117b        0x1 00000000
 .rodata.tmp_007_sensor
                0x000000000001117c       0x10 contiki-srf06-cc26xx.a(tmp-007-sensor.)
                0x000000000001117c                tmp_007_sensor
 .rodata.opt_3001_sensor
                0x000000000001118c       0x10 contiki-srf06-cc26xx.a(opt-3001-sensor)
                0x000000000001118c                opt_3001_sensor
 .rodata.str1.4
                0x000000000001119c        0x8 contiki-srf06-cc26xx.a(opt-3001-sensor)
 .rodata.hdc_1000_sensor
                0x00000000000111a4       0x10 contiki-srf06-cc26xx.a(hdc-1000-sensor)
                0x00000000000111a4                hdc_1000_sensor
 .rodata.str1.4
                0x00000000000111b4        0x8 contiki-srf06-cc26xx.a(hdc-1000-sensor)
 .rodata.mpu_9250_sensor
                0x00000000000111bc       0x10 contiki-srf06-cc26xx.a(mpu-9250-sensor)
                0x00000000000111bc                mpu_9250_sensor
 .rodata.str1.4