Archive member included to satisfy reference by file (symbol)

contiki-srf06-cc26xx.a(contiki-main.o)
                              obj_srf06-cc26xx/startup_gcc.o (main)
contiki-srf06-cc26xx.a(sensors.o)
                              contiki-srf06-cc26xx.a(contiki-main.o) (sensors_process)
contiki-srf06-cc26xx.a(leds.o)
                              contiki-srf06-cc26xx.a(contiki-main.o) (leds_init)
contiki-srf06-cc26xx.a(leds-arch.o)
                              contiki-srf06-cc26xx.a(leds.o) (leds_arch_init)
contiki-srf06-cc26xx.a(sensortag-senso)
                              contiki-srf06-cc26xx.a(sensors.o) (sensors_flags)
contiki-srf06-cc26xx.a(bmp-280-sensor.)
                              contiki-srf06-cc26xx.a(sensortag-senso) (bmp_280_sensor)
contiki-srf06-cc26xx.a(tmp-007-sensor.)
                              contiki-srf06-cc26xx.a(sensortag-senso) (tmp_007_sensor)
contiki-srf06-cc26xx.a(opt-3001-sensor)
                              contiki-srf06-cc26xx.a(sensortag-senso) (opt_3001_sensor)
contiki-srf06-cc26xx.a(hdc-1000-sensor)
                              contiki-srf06-cc26xx.a(sensortag-senso) (hdc_1000_sensor)
contiki-srf06-cc26xx.a(mpu-9250-sensor)
                              rtimer-IMUSensor.co (mpu_9250_sensor)
contiki-srf06-cc26xx.a(button-sensor.o)
                              contiki-srf06-cc26xx.a(sensortag-senso) (button_right_sensor)
contiki-srf06-cc26xx.a(reed-relay.o)
                              contiki-srf06-cc26xx.a(sensortag-senso) (reed_relay_sensor)
contiki-srf06-cc26xx.a(board.o)
                              contiki-srf06-cc26xx.a(contiki-main.o) (board_init)
contiki-srf06-cc26xx.a(board-i2c.o)
                              contiki-srf06-cc26xx.a(board.o) (board_i2c_wakeup)
contiki-srf06-cc26xx.a(clock.o)
                              contiki-srf06-cc26xx.a(contiki-main.o) (clock_init)
contiki-srf06-cc26xx.a(rtimer-arch.o)
                              rtimer-IMUSensor.co (rtimer_arch_now)
contiki-srf06-cc26xx.a(soc-rtc.o)
                              contiki-srf06-cc26xx.a(contiki-main.o) (soc_rtc_init)
contiki-srf06-cc26xx.a(contiki-watchdo)
                              contiki-srf06-cc26xx.a(contiki-main.o) (watchdog_init)
contiki-srf06-cc26xx.a(putchar.o)
                              rtimer-IMUSensor.co (putchar)
contiki-srf06-cc26xx.a(ieee-addr.o)
                              contiki-srf06-cc26xx.a(contiki-main.o) (ieee_addr_cpy_to)
contiki-srf06-cc26xx.a(cc26xx-uart.o)
                              contiki-srf06-cc26xx.a(contiki-main.o) (cc26xx_uart_init)
contiki-srf06-cc26xx.a(lpm.o)
                              contiki-srf06-cc26xx.a(button-sensor.o) (lpm_shutdown)
contiki-srf06-cc26xx.a(gpio-interrupt.)
                              contiki-srf06-cc26xx.a(button-sensor.o) (gpio_interrupt_register_handler)
contiki-srf06-cc26xx.a(oscillators.o)
                              contiki-srf06-cc26xx.a(contiki-main.o) (oscillators_select_lf_xosc)
contiki-srf06-cc26xx.a(ieee-mode.o)
                              contiki-srf06-cc26xx.a(contiki-main.o) (ieee_mode_driver)
contiki-srf06-cc26xx.a(random.o)
                              contiki-srf06-cc26xx.a(contiki-main.o) (random_init)
contiki-srf06-cc26xx.a(soc-trng.o)
                              contiki-srf06-cc26xx.a(random.o) (soc_trng_rand_synchronous)
contiki-srf06-cc26xx.a(dbg-printf.o)
                              rtimer-IMUSensor.co (printf)
contiki-srf06-cc26xx.a(strformat.o)
                              contiki-srf06-cc26xx.a(dbg-printf.o) (format_str_v)
contiki-srf06-cc26xx.a(autostart.o)
                              contiki-srf06-cc26xx.a(contiki-main.o) (autostart_start)
contiki-srf06-cc26xx.a(energest.o)
                              contiki-srf06-cc26xx.a(contiki-main.o) (energest_init)
contiki-srf06-cc26xx.a(ctimer.o)
                              contiki-srf06-cc26xx.a(contiki-main.o) (ctimer_init)
contiki-srf06-cc26xx.a(etimer.o)
                              contiki-srf06-cc26xx.a(clock.o) (etimer_request_poll)
contiki-srf06-cc26xx.a(process.o)
                              contiki-srf06-cc26xx.a(sensors.o) (process_alloc_event)
contiki-srf06-cc26xx.a(rtimer.o)
                              contiki-srf06-cc26xx.a(contiki-main.o) (rtimer_init)
contiki-srf06-cc26xx.a(timer.o)
                              contiki-srf06-cc26xx.a(button-sensor.o) (timer_set)
contiki-srf06-cc26xx.a(serial-line.o)
                              contiki-srf06-cc26xx.a(contiki-main.o) (serial_line_init)
contiki-srf06-cc26xx.a(list.o)
                              contiki-srf06-cc26xx.a(lpm.o) (list_init)
contiki-srf06-cc26xx.a(ringbuf.o)
                              contiki-srf06-cc26xx.a(serial-line.o) (ringbuf_init)
contiki-srf06-cc26xx.a(uip6.o)
                              contiki-srf06-cc26xx.a(contiki-main.o) (uip_lladdr)
contiki-srf06-cc26xx.a(uip-nd6.o)
                              contiki-srf06-cc26xx.a(uip6.o) (uip_nd6_init)
contiki-srf06-cc26xx.a(sicslowpan.o)
[...]
Memory Configuration

Name             Origin             Length             Attributes
FLASH            0x0000000000000000 0x000000000001ffa8 xr
FLASH_CCFG       0x000000000001ffa8 0x0000000000000058 xr
SRAM             0x0000000020000000 0x0000000000005000 xrw
GPRAM            0x0000000011000000 0x0000000000002000 xrw
*default*        0x0000000000000000 0xffffffffffffffff

Linker script and memory map

LOAD obj_srf06-cc26xx/fault-handlers.o
LOAD obj_srf06-cc26xx/ccfg.o
LOAD obj_srf06-cc26xx/startup_gcc.o
LOAD rtimer-IMUSensor.co
LOAD contiki-srf06-cc26xx.a
LOAD /usr/lib/gcc/arm-none-eabi/6.3.1/../../../arm-none-eabi/lib/thumb/v7-m/libm.a
START GROUP
LOAD /usr/lib/gcc/arm-none-eabi/6.3.1/thumb/v7-m/libgcc.a
LOAD /usr/lib/gcc/arm-none-eabi/6.3.1/../../../arm-none-eabi/lib/thumb/v7-m/libc.a
END GROUP
                0x0000000020005000                _estack = (ORIGIN (SRAM) + LENGTH (SRAM))
                0x0000000000000000                _Min_Heap_Size = 0x0
                0x0000000000000100                _Min_Stack_Size = 0x100

.text           0x0000000000000000    0x1118c
                0x0000000000000000                _text = .
 *(SORT(.vectors))
 .vectors       0x0000000000000000       0xc8 obj_srf06-cc26xx/startup_gcc.o
                0x0000000000000000                g_pfnVectors
 *(SORT(.text*))
 .text.value    0x00000000000000c8       0xb0 contiki-srf06-cc26xx.a(opt-3001-sensor)
 .text.value    0x0000000000000178       0x9c contiki-srf06-cc26xx.a(hdc-1000-sensor)
 *fill*         0x0000000000000214        0x4 00000000
 .text.value    0x0000000000000218      0x1a4 contiki-srf06-cc26xx.a(mpu-9250-sensor)
 *fill*         0x00000000000003bc        0x4 00000000
 .text          0x00000000000003c0      0xaac /usr/lib/gcc/arm-none-eabi/6.3.1/../../../arm-none-eabi/lib/thumb/v7-m/libm.a(lib_a-e_pow.o)
                0x00000000000003c0                __ieee754_pow
 *fill*         0x0000000000000e6c        0x4 00000000
 .text          0x0000000000000e70       0xe4 /usr/lib/gcc/arm-none-eabi/6.3.1/../../../arm-none-eabi/lib/thumb/v7-m/libm.a(lib_a-s_scalbn.o)
                0x0000000000000e70                scalbn
 .text.FaultISR
                0x0000000000000f54       0x18 obj_srf06-cc26xx/fault-handlers.o
                0x0000000000000f54                FaultISR
 .text.NmiSRHandler
                0x0000000000000f6c        0x4 obj_srf06-cc26xx/startup_gcc.o
                0x0000000000000f6c                NmiSR
 .text.IntDefaultHandler
                0x0000000000000f70        0x4 obj_srf06-cc26xx/startup_gcc.o
                0x0000000000000f70                SSI0IntHandler
                0x0000000000000f70                SWEvent0IntHandler
                0x0000000000000f70                uDMAIntHandler
                0x0000000000000f70                WatchdogIntHandler
                0x0000000000000f70                RFCHardwareIntHandler
                0x0000000000000f70                Timer1BIntHandler
                0x0000000000000f70                I2SIntHandler
                0x0000000000000f70                Timer2BIntHandler
                0x0000000000000f70                Timer2AIntHandler
                0x0000000000000f70                Timer1AIntHandler
                0x0000000000000f70                AONIntHandler
                0x0000000000000f70                AUXSWEvent0IntHandler
                0x0000000000000f70                AUXADCIntHandler
                0x0000000000000f70                PendSVIntHandler
                0x0000000000000f70                AUXSWEvent1IntHandler
                0x0000000000000f70                SVCallIntHandler
                0x0000000000000f70                MPUFaultIntHandler
                0x0000000000000f70                SysTickIntHandler
                0x0000000000000f70                BusFaultIntHandler
                0x0000000000000f70                AONProgIntHandler
                0x0000000000000f70                AUXCompAIntHandler
                0x0000000000000f70                SSI1IntHandler
                0x0000000000000f70                FlashIntHandler
                0x0000000000000f70                uDMAErrIntHandler
                0x0000000000000f70                UsageFaultIntHandler
                0x0000000000000f70                RFCCmdAckIntHandler
                0x0000000000000f70                CryptoIntHandler
                0x0000000000000f70                Timer0AIntHandler
                0x0000000000000f70                I2CIntHandler
                0x0000000000000f70                DebugMonIntHandler
                0x0000000000000f70                Timer0BIntHandler
                0x0000000000000f70                AUXCombEventIntHandler
                0x0000000000000f70                Timer3AIntHandler
                0x0000000000000f70                DynProgIntHandler
                0x0000000000000f70                Timer3BIntHandler
 .text.ResetISR
                0x0000000000000f74       0x58 obj_srf06-cc26xx/startup_gcc.o
                0x0000000000000f74                ResetISR
 .text.process_thread_process_rtimer
                0x0000000000000fcc       0x68 rtimer-IMUSensor.co
 .text.print_mpu_reading
                0x0000000000001034       0x34 rtimer-IMUSensor.co
 .text.do_rtimer_timeout
                0x0000000000001068      0x10c rtimer-IMUSensor.co
                0x0000000000001068                do_rtimer_timeout
 .text.fade     0x0000000000001174       0x64 contiki-srf06-cc26xx.a(contiki-main.o)
 .text.startup.main
                0x00000000000011d8      0x24c contiki-srf06-cc26xx.a(contiki-main.o)
                0x00000000000011d8                main
 .text.process_thread_sensors_process
                0x0000000000001424       0xf8 contiki-srf06-cc26xx.a(sensors.o)
 .text.sensors_changed
                0x000000000000151c       0x4c contiki-srf06-cc26xx.a(sensors.o)
                0x000000000000151c                sensors_changed
 .text.leds_init
                0x0000000000001568       0x14 contiki-srf06-cc26xx.a(leds.o)
                0x0000000000001568                leds_init
 .text.leds_on  0x000000000000157c       0x14 contiki-srf06-cc26xx.a(leds.o)
                0x000000000000157c                leds_on
 .text.leds_off
                0x0000000000001590       0x14 contiki-srf06-cc26xx.a(leds.o)
                0x0000000000001590                leds_off
 .text.leds_arch_init
                0x00000000000015a4       0x38 contiki-srf06-cc26xx.a(leds-arch.o)
                0x00000000000015a4                leds_arch_init
 .text.leds_arch_set
                0x00000000000015dc       0x34 contiki-srf06-cc26xx.a(leds-arch.o)
                0x00000000000015dc                leds_arch_set
 .text.status   0x0000000000001610       0x14 contiki-srf06-cc26xx.a(bmp-280-sensor.)
 .text.notify_ready
                0x0000000000001624       0x14 contiki-srf06-cc26xx.a(bmp-280-sensor.)
 .text.enable_sensor
                0x0000000000001638       0x2c contiki-srf06-cc26xx.a(bmp-280-sensor.)
 .text.configure
                0x0000000000001664       0x94 contiki-srf06-cc26xx.a(bmp-280-sensor.)
 .text.value    0x00000000000016f8      0x164 contiki-srf06-cc26xx.a(bmp-280-sensor.)
 .text.status   0x000000000000185c       0x14 contiki-srf06-cc26xx.a(tmp-007-sensor.)
 .text.notify_ready
                0x0000000000001870       0x14 contiki-srf06-cc26xx.a(tmp-007-sensor.)
 .text.enable_sensor
                0x0000000000001884       0x2c contiki-srf06-cc26xx.a(tmp-007-sensor.)
 .text.configure
                0x00000000000018b0       0x98 contiki-srf06-cc26xx.a(tmp-007-sensor.)
 .text.value    0x0000000000001948       0xec contiki-srf06-cc26xx.a(tmp-007-sensor.)
 .text.status   0x0000000000001a34        0xc contiki-srf06-cc26xx.a(opt-3001-sensor)
 .text.enable_sensor
                0x0000000000001a40       0x44 contiki-srf06-cc26xx.a(opt-3001-sensor)
 .text.notify_ready
                0x0000000000001a84       0x54 contiki-srf06-cc26xx.a(opt-3001-sensor)
 .text.configure
                0x0000000000001ad8       0x4c contiki-srf06-cc26xx.a(opt-3001-sensor)
 .text.status   0x0000000000001b24       0x14 contiki-srf06-cc26xx.a(hdc-1000-sensor)
 .text.notify_ready
                0x0000000000001b38       0x68 contiki-srf06-cc26xx.a(hdc-1000-sensor)
 .text.configure
                0x0000000000001ba0       0xbc contiki-srf06-cc26xx.a(hdc-1000-sensor)
 .text.acc_convert
                0x0000000000001c5c       0x70 contiki-srf06-cc26xx.a(mpu-9250-sensor)
 .text.status   0x0000000000001ccc       0x14 contiki-srf06-cc26xx.a(mpu-9250-sensor)
 .text.notify_ready
                0x0000000000001ce0       0x14 contiki-srf06-cc26xx.a(mpu-9250-sensor)
 .text.sensor_sleep
                0x0000000000001cf4       0x38 contiki-srf06-cc26xx.a(mpu-9250-sensor)
 .text.configure
                0x0000000000001d2c       0xdc contiki-srf06-cc26xx.a(mpu-9250-sensor)
 .text.int_status
                0x0000000000001e08       0x28 contiki-srf06-cc26xx.a(mpu-9250-sensor)
 .text.initialise
                0x0000000000001e30      0x100 contiki-srf06-cc26xx.a(mpu-9250-sensor)
 .text.status.part.0
                0x0000000000001f30       0x14 contiki-srf06-cc26xx.a(button-sensor.o)
 .text.value_left
                0x0000000000001f44       0x24 contiki-srf06-cc26xx.a(button-sensor.o)
 .text.value_right
                0x0000000000001f68       0x18 contiki-srf06-cc26xx.a(button-sensor.o)
 .text.status_left
                0x0000000000001f80       0x10 contiki-srf06-cc26xx.a(button-sensor.o)
 .text.status_right
                0x0000000000001f90       0x10 contiki-srf06-cc26xx.a(button-sensor.o)
 .text.config_buttons
                0x0000000000001fa0       0x84 contiki-srf06-cc26xx.a(button-sensor.o)
 .text.config_left
                0x0000000000002024        0xc contiki-srf06-cc26xx.a(button-sensor.o)
 .text.config_right
                0x0000000000002030        0xc contiki-srf06-cc26xx.a(button-sensor.o)
 .text.button_press_handler
                0x000000000000203c       0x64 contiki-srf06-cc26xx.a(button-sensor.o)
 .text.value    0x00000000000020a0       0x10 contiki-srf06-cc26xx.a(reed-relay.o)
 .text.status   0x00000000000020b0       0x20 contiki-srf06-cc26xx.a(reed-relay.o)
 .text.configure
                0x00000000000020d0       0x6c contiki-srf06-cc26xx.a(reed-relay.o)
 .text.reed_interrupt_handler
                0x000000000000213c       0x28 contiki-srf06-cc26xx.a(reed-relay.o)
 .text.power_domains_on
                0x0000000000002164       0x20 contiki-srf06-cc26xx.a(board.o)
 .text.lpm_wakeup_handler
                0x0000000000002184        0x4 contiki-srf06-cc26xx.a(board.o)
 .text.shutdown_handler
                0x0000000000002188       0x68 contiki-srf06-cc26xx.a(board.o)
 .text.board_init
                0x00000000000021f0      0x110 contiki-srf06-cc26xx.a(board.o)
                0x00000000000021f0                board_init
 .text.i2c_status
                0x0000000000002300       0x34 contiki-srf06-cc26xx.a(board-i2c.o)
 .text.accessible
                0x0000000000002334       0x24 contiki-srf06-cc26xx.a(board-i2c.o)
 .text.board_i2c_wakeup
                0x0000000000002358       0x5c contiki-srf06-cc26xx.a(board-i2c.o)
                0x0000000000002358                board_i2c_wakeup
 .text.board_i2c_shutdown
                0x00000000000023b4       0xa4 contiki-srf06-cc26xx.a(board-i2c.o)
                0x00000000000023b4                board_i2c_shutdown
 .text.board_i2c_write
                0x0000000000002458      0x134 contiki-srf06-cc26xx.a(board-i2c.o)
                0x0000000000002458                board_i2c_write
 .text.board_i2c_write_single
                0x000000000000258c       0x70 contiki-srf06-cc26xx.a(board-i2c.o)
                0x000000000000258c                board_i2c_write_single
 .text.board_i2c_read
                0x00000000000025fc      0x100 contiki-srf06-cc26xx.a(board-i2c.o)
                0x00000000000025fc                board_i2c_read
 .text.board_i2c_write_read
                0x00000000000026fc      0x1ac contiki-srf06-cc26xx.a(board-i2c.o)
                0x00000000000026fc                board_i2c_write_read
 .text.board_i2c_select
                0x00000000000028a8       0xdc contiki-srf06-cc26xx.a(board-i2c.o)
                0x00000000000028a8                board_i2c_select
 .text.power_domain_on
                0x0000000000002984       0x20 contiki-srf06-cc26xx.a(clock.o)
 .text.clock_init
                0x00000000000029a4       0x98 contiki-srf06-cc26xx.a(clock.o)
                0x00000000000029a4                clock_init
 .text.clock_time
                0x0000000000002a3c       0x34 contiki-srf06-cc26xx.a(clock.o)
                0x0000000000002a3c                clock_time
 .text.clock_update
                0x0000000000002a70       0x3c contiki-srf06-cc26xx.a(clock.o)
                0x0000000000002a70                clock_update
 .text.clock_seconds
                0x0000000000002aac       0x18 contiki-srf06-cc26xx.a(clock.o)
                0x0000000000002aac                clock_seconds
 .text.rtimer_arch_init
                0x0000000000002ac4        0x4 contiki-srf06-cc26xx.a(rtimer-arch.o)
                0x0000000000002ac4                rtimer_arch_init
 .text.rtimer_arch_schedule
                0x0000000000002ac8        0x8 contiki-srf06-cc26xx.a(rtimer-arch.o)
                0x0000000000002ac8                rtimer_arch_schedule
 .text.rtimer_arch_now
                0x0000000000002ad0        0x4 contiki-srf06-cc26xx.a(rtimer-arch.o)
                0x0000000000002ad0                rtimer_arch_now
 .text.soc_rtc_init
                0x0000000000002ad4       0xa0 contiki-srf06-cc26xx.a(soc-rtc.o)
                0x0000000000002ad4                soc_rtc_init
 .text.soc_rtc_schedule_one_shot
                0x0000000000002b74       0x6c contiki-srf06-cc26xx.a(soc-rtc.o)
                0x0000000000002b74                soc_rtc_schedule_one_shot
 .text.soc_rtc_last_isr_time
                0x0000000000002be0        0xc contiki-srf06-cc26xx.a(soc-rtc.o)
                0x0000000000002be0                soc_rtc_last_isr_time
 .text.AONRTCIntHandler
                0x0000000000002bec       0x88 contiki-srf06-cc26xx.a(soc-rtc.o)
                0x0000000000002bec                AONRTCIntHandler
 .text.watchdog_init
                0x0000000000002c74       0x1c contiki-srf06-cc26xx.a(contiki-watchdo)
                0x0000000000002c74                watchdog_init
 .text.watchdog_start
                0x0000000000002c90       0x68 contiki-srf06-cc26xx.a(contiki-watchdo)
                0x0000000000002c90                watchdog_start
 .text.watchdog_periodic
                0x0000000000002cf8       0x1c contiki-srf06-cc26xx.a(contiki-watchdo)
                0x0000000000002cf8                watchdog_periodic
 .text.putchar  0x0000000000002d14       0x10 contiki-srf06-cc26xx.a(putchar.o)
                0x0000000000002d14                putchar
 .text.puts     0x0000000000002d24       0x30 contiki-srf06-cc26xx.a(putchar.o)
                0x0000000000002d24                puts
 .text.dbg_send_bytes
                0x0000000000002d54       0x40 contiki-srf06-cc26xx.a(putchar.o)
                0x0000000000002d54                dbg_send_bytes
 .text.ieee_addr_cpy_to
                0x0000000000002d94       0x40 contiki-srf06-cc26xx.a(ieee-addr.o)
                0x0000000000002d94                ieee_addr_cpy_to
 .text.power_and_clock
                0x0000000000002dd4       0x40 contiki-srf06-cc26xx.a(cc26xx-uart.o)
 .text.enable   0x0000000000002e14       0xf0 contiki-srf06-cc26xx.a(cc26xx-uart.o)
 .text.accessible
                0x0000000000002f04       0x24 contiki-srf06-cc26xx.a(cc26xx-uart.o)
 .text.lpm_drop_handler
                0x0000000000002f28       0xcc contiki-srf06-cc26xx.a(cc26xx-uart.o)
 .text.cc26xx_uart_init
                0x0000000000002ff4       0x28 contiki-srf06-cc26xx.a(cc26xx-uart.o)
                0x0000000000002ff4                cc26xx_uart_init
 .text.cc26xx_uart_write_byte
                0x000000000000301c       0x28 contiki-srf06-cc26xx.a(cc26xx-uart.o)
                0x000000000000301c                cc26xx_uart_write_byte
 .text.cc26xx_uart_busy
                0x0000000000003044       0x18 contiki-srf06-cc26xx.a(cc26xx-uart.o)
                0x0000000000003044                cc26xx_uart_busy
 .text.UART0IntHandler
                0x000000000000305c       0x58 contiki-srf06-cc26xx.a(cc26xx-uart.o)
                0x000000000000305c                UART0IntHandler
 .text.lpm_shutdown
                0x00000000000030b4      0x198 contiki-srf06-cc26xx.a(lpm.o)
                0x00000000000030b4                lpm_shutdown
 .text.lpm_sleep
                0x000000000000324c       0x14 contiki-srf06-cc26xx.a(lpm.o)
                0x000000000000324c                lpm_sleep
 .text.lpm_drop
                0x0000000000003260      0x24c contiki-srf06-cc26xx.a(lpm.o)
                0x0000000000003260                lpm_drop
 .text.lpm_register_module
                0x00000000000034ac        0xc contiki-srf06-cc26xx.a(lpm.o)
                0x00000000000034ac                lpm_register_module
 .text.lpm_unregister_module
                0x00000000000034b8        0xc contiki-srf06-cc26xx.a(lpm.o)
                0x00000000000034b8                lpm_unregister_module
 .text.lpm_init
                0x00000000000034c4       0x20 contiki-srf06-cc26xx.a(lpm.o)
                0x00000000000034c4                lpm_init
 .text.lpm_pin_set_default_state
                0x00000000000034e4       0x2c contiki-srf06-cc26xx.a(lpm.o)
                0x00000000000034e4                lpm_pin_set_default_state
 .text.gpio_interrupt_register_handler
                0x0000000000003510       0x2c contiki-srf06-cc26xx.a(gpio-interrupt.)
                0x0000000000003510                gpio_interrupt_register_handler
 .text.gpio_interrupt_init
                0x000000000000353c       0x24 contiki-srf06-cc26xx.a(gpio-interrupt.)
                0x000000000000353c                gpio_interrupt_init
 .text.GPIOIntHandler
                0x0000000000003560       0x30 contiki-srf06-cc26xx.a(gpio-interrupt.)
                0x0000000000003560                GPIOIntHandler
 .text.oscillators_select_lf_xosc
                0x0000000000003590       0x50 contiki-srf06-cc26xx.a(oscillators.o)
                0x0000000000003590                oscillators_select_lf_xosc
 .text.oscillators_select_lf_rcosc
                0x00000000000035e0       0x3c contiki-srf06-cc26xx.a(oscillators.o)
                0x00000000000035e0                oscillators_select_lf_rcosc
 .text.oscillators_request_hf_xosc
                0x000000000000361c       0x30 contiki-srf06-cc26xx.a(oscillators.o)
                0x000000000000361c                oscillators_request_hf_xosc
 .text.oscillators_switch_to_hf_xosc
                0x000000000000364c       0x34 contiki-srf06-cc26xx.a(oscillators.o)
                0x000000000000364c                oscillators_switch_to_hf_xosc
 .text.oscillators_switch_to_hf_rc
                0x0000000000003680       0x38 contiki-srf06-cc26xx.a(oscillators.o)
                0x0000000000003680                oscillators_switch_to_hf_rc
 .text.request  0x00000000000036b8       0x20 contiki-srf06-cc26xx.a(ieee-mode.o)
 .text.rx_on    0x00000000000036d8       0x5c contiki-srf06-cc26xx.a(ieee-mode.o)
 .text.rf_radio_setup
                0x0000000000003734       0x60 contiki-srf06-cc26xx.a(ieee-mode.o)
 .text.soft_on  0x0000000000003794       0x18 contiki-srf06-cc26xx.a(ieee-mode.o)
 .text.pending_packet
                0x00000000000037ac       0x48 contiki-srf06-cc26xx.a(ieee-mode.o)
 .text.prepare  0x00000000000037f4       0x1c contiki-srf06-cc26xx.a(ieee-mode.o)
 .text.soft_off
                0x0000000000003810       0x44 contiki-srf06-cc26xx.a(ieee-mode.o)
 .text.get_object
                0x0000000000003854       0x48 contiki-srf06-cc26xx.a(ieee-mode.o)
 .text.transmitting.part.1
                0x000000000000389c       0x40 contiki-srf06-cc26xx.a(ieee-mode.o)
 .text.rx_off   0x00000000000038dc       0x74 contiki-srf06-cc26xx.a(ieee-mode.o)
 .text.set_object
                0x0000000000003950       0x60 contiki-srf06-cc26xx.a(ieee-mode.o)
 .text.get_cca_info
                0x00000000000039b0       0x50 contiki-srf06-cc26xx.a(ieee-mode.o)
 .text.check_rat_overflow
                0x0000000000003a00       0x7c contiki-srf06-cc26xx.a(ieee-mode.o)
 .text.receiving_packet
                0x0000000000003a7c       0x3c contiki-srf06-cc26xx.a(ieee-mode.o)
 .text.off.part.7
                0x0000000000003ab8       0x6c contiki-srf06-cc26xx.a(ieee-mode.o)
 .text.off      0x0000000000003b24       0x14 contiki-srf06-cc26xx.a(ieee-mode.o)
 .text.on       0x0000000000003b38       0xa8 contiki-srf06-cc26xx.a(ieee-mode.o)
 .text.set_value
                0x0000000000003be0      0x17c contiki-srf06-cc26xx.a(ieee-mode.o)
 .text.get_value
                0x0000000000003d5c      0x190 contiki-srf06-cc26xx.a(ieee-mode.o)
 .text.transmit
                0x0000000000003eec      0x104 contiki-srf06-cc26xx.a(ieee-mode.o)
 .text.send     0x0000000000003ff0       0x24 contiki-srf06-cc26xx.a(ieee-mode.o)
 .text.channel_clear
                0x0000000000004014       0x84 contiki-srf06-cc26xx.a(ieee-mode.o)
 .text.read_frame
                0x0000000000004098      0x18c contiki-srf06-cc26xx.a(ieee-mode.o)
 .text.handle_rat_overflow
                0x0000000000004224       0x68 contiki-srf06-cc26xx.a(ieee-mode.o)
 .text.init     0x000000000000428c      0x114 contiki-srf06-cc26xx.a(ieee-mode.o)
 .text.random_rand
                0x00000000000043a0        0xc contiki-srf06-cc26xx.a(random.o)
                0x00000000000043a0                random_rand
 .text.random_init
                0x00000000000043ac        0x4 contiki-srf06-cc26xx.a(random.o)
                0x00000000000043ac                random_init
 .text.power_up
                0x00000000000043b0       0x40 contiki-srf06-cc26xx.a(soc-trng.o)
 .text.request  0x00000000000043f0       0x14 contiki-srf06-cc26xx.a(soc-trng.o)
 .text.process_thread_soc_trng_process
                0x0000000000004404       0x94 contiki-srf06-cc26xx.a(soc-trng.o)
 .text.accessible
                0x0000000000004498       0x24 contiki-srf06-cc26xx.a(soc-trng.o)
 .text.soc_trng_rand_synchronous
                0x00000000000044bc       0xc4 contiki-srf06-cc26xx.a(soc-trng.o)
                0x00000000000044bc                soc_trng_rand_synchronous
 .text.TRNGIntHandler
                0x0000000000004580       0x50 contiki-srf06-cc26xx.a(soc-trng.o)
                0x0000000000004580                TRNGIntHandler
 .text.soc_trng_init
                0x00000000000045d0       0x28 contiki-srf06-cc26xx.a(soc-trng.o)
                0x00000000000045d0                soc_trng_init
 .text.write_str
                0x00000000000045f8       0x14 contiki-srf06-cc26xx.a(dbg-printf.o)
 .text.printf   0x000000000000460c       0x24 contiki-srf06-cc26xx.a(dbg-printf.o)
                0x000000000000460c                printf
 .text.fill_space
                0x0000000000004630       0x3c contiki-srf06-cc26xx.a(strformat.o)
 .text.format_str_v
                0x000000000000466c      0x8d8 contiki-srf06-cc26xx.a(strformat.o)
                0x000000000000466c                format_str_v
 .text.autostart_start
                0x0000000000004f44       0x18 contiki-srf06-cc26xx.a(autostart.o)
                0x0000000000004f44                autostart_start
 .text.energest_init
                0x0000000000004f5c        0x4 contiki-srf06-cc26xx.a(energest.o)
                0x0000000000004f5c                energest_init
 .text.process_thread_ctimer_process
                0x0000000000004f60       0x94 contiki-srf06-cc26xx.a(ctimer.o)
 .text.ctimer_init
                0x0000000000004ff4       0x28 contiki-srf06-cc26xx.a(ctimer.o)
                0x0000000000004ff4                ctimer_init
 .text.ctimer_set_with_process
                0x000000000000501c       0x4c contiki-srf06-cc26xx.a(ctimer.o)
                0x000000000000501c                ctimer_set_with_process
 .text.ctimer_set
                0x0000000000005068       0x18 contiki-srf06-cc26xx.a(ctimer.o)
                0x0000000000005068                ctimer_set
 .text.ctimer_reset
                0x0000000000005080       0x38 contiki-srf06-cc26xx.a(ctimer.o)
                0x0000000000005080                ctimer_reset
 .text.ctimer_restart
                0x00000000000050b8       0x38 contiki-srf06-cc26xx.a(ctimer.o)
                0x00000000000050b8                ctimer_restart
 .text.ctimer_stop
                0x00000000000050f0       0x34 contiki-srf06-cc26xx.a(ctimer.o)
                0x00000000000050f0                ctimer_stop
 .text.update_time
                0x0000000000005124       0x44 contiki-srf06-cc26xx.a(etimer.o)
 .text.process_thread_etimer_process
                0x0000000000005168       0xcc contiki-srf06-cc26xx.a(etimer.o)
 .text.add_timer
                0x0000000000005234       0x54 contiki-srf06-cc26xx.a(etimer.o)
 .text.etimer_request_poll
                0x0000000000005288        0xc contiki-srf06-cc26xx.a(etimer.o)
                0x0000000000005288                etimer_request_poll
 .text.etimer_set
                0x0000000000005294       0x14 contiki-srf06-cc26xx.a(etimer.o)
                0x0000000000005294                etimer_set
 .text.etimer_reset
                0x00000000000052a8       0x14 contiki-srf06-cc26xx.a(etimer.o)
                0x00000000000052a8                etimer_reset
 .text.etimer_restart
                0x00000000000052bc       0x14 contiki-srf06-cc26xx.a(etimer.o)
                0x00000000000052bc                etimer_restart
 .text.etimer_expired
                0x00000000000052d0        0xc contiki-srf06-cc26xx.a(etimer.o)
                0x00000000000052d0                etimer_expired
 .text.etimer_expiration_time
                0x00000000000052dc        0x8 contiki-srf06-cc26xx.a(etimer.o)
                0x00000000000052dc                etimer_expiration_time
 .text.etimer_pending
                0x00000000000052e4       0x10 contiki-srf06-cc26xx.a(etimer.o)
                0x00000000000052e4                etimer_pending
 .text.etimer_next_expiration_time
                0x00000000000052f4       0x14 contiki-srf06-cc26xx.a(etimer.o)
                0x00000000000052f4                etimer_next_expiration_time
 .text.etimer_stop
                0x0000000000005308       0x44 contiki-srf06-cc26xx.a(etimer.o)
                0x0000000000005308                etimer_stop
 .text.exit_process
                0x000000000000534c       0xa8 contiki-srf06-cc26xx.a(process.o)
 .text.call_process.part.0
                0x00000000000053f4       0x38 contiki-srf06-cc26xx.a(process.o)
 .text.do_poll  0x000000000000542c       0x3c contiki-srf06-cc26xx.a(process.o)
 .text.process_alloc_event
                0x0000000000005468       0x10 contiki-srf06-cc26xx.a(process.o)
                0x0000000000005468                process_alloc_event
 .text.process_start
                0x0000000000005478       0x48 contiki-srf06-cc26xx.a(process.o)
                0x0000000000005478                process_start
 .text.process_init
                0x00000000000054c0       0x34 contiki-srf06-cc26xx.a(process.o)
                0x00000000000054c0                process_init
 .text.process_run
                0x00000000000054f4       0xa8 contiki-srf06-cc26xx.a(process.o)
                0x00000000000054f4                process_run
 .text.process_nevents
                0x000000000000559c       0x14 contiki-srf06-cc26xx.a(process.o)
                0x000000000000559c                process_nevents
 .text.process_post
                0x00000000000055b0       0x40 contiki-srf06-cc26xx.a(process.o)
                0x00000000000055b0                process_post
 .text.process_post_synch
                0x00000000000055f0       0x18 contiki-srf06-cc26xx.a(process.o)
                0x00000000000055f0                process_post_synch
 .text.process_poll
                0x0000000000005608       0x18 contiki-srf06-cc26xx.a(process.o)
                0x0000000000005608                process_poll
 .text.rtimer_init
                0x0000000000005620        0x4 contiki-srf06-cc26xx.a(rtimer.o)
                0x0000000000005620                rtimer_init
 .text.rtimer_set
                0x0000000000005624       0x2c contiki-srf06-cc26xx.a(rtimer.o)
                0x0000000000005624                rtimer_set
 .text.rtimer_run_next
                0x0000000000005650       0x28 contiki-srf06-cc26xx.a(rtimer.o)
                0x0000000000005650                rtimer_run_next
 .text.timer_set
                0x0000000000005678       0x10 contiki-srf06-cc26xx.a(timer.o)
                0x0000000000005678                timer_set
 .text.timer_reset
                0x0000000000005688        0xc contiki-srf06-cc26xx.a(timer.o)
                0x0000000000005688                timer_reset
 .text.timer_restart
                0x0000000000005694        0xc contiki-srf06-cc26xx.a(timer.o)
                0x0000000000005694                timer_restart
 .text.timer_expired
                0x00000000000056a0       0x1c contiki-srf06-cc26xx.a(timer.o)
                0x00000000000056a0                timer_expired
 .text.process_thread_serial_line_process
                0x00000000000056bc       0xa8 contiki-srf06-cc26xx.a(serial-line.o)
 .text.serial_line_init
                0x0000000000005764       0x24 contiki-srf06-cc26xx.a(serial-line.o)
                0x0000000000005764                serial_line_init
 .text.list_init
                0x0000000000005788        0x8 contiki-srf06-cc26xx.a(list.o)
                0x0000000000005788                list_init
 .text.list_head
                0x0000000000005790        0x4 contiki-srf06-cc26xx.a(list.o)
                0x0000000000005790                list_head
 .text.list_add
                0x0000000000005794       0x58 contiki-srf06-cc26xx.a(list.o)
                0x0000000000005794                list_add
 .text.list_push
                0x00000000000057ec       0x44 contiki-srf06-cc26xx.a(list.o)
                0x00000000000057ec                list_push
 .text.list_remove
                0x0000000000005830       0x38 contiki-srf06-cc26xx.a(list.o)
                0x0000000000005830                list_remove
 .text.list_length
                0x0000000000005868       0x14 contiki-srf06-cc26xx.a(list.o)
                0x0000000000005868                list_length
 .text.list_item_next
                0x000000000000587c        0x8 contiki-srf06-cc26xx.a(list.o)
                0x000000000000587c                list_item_next
 .text.ringbuf_init
                0x0000000000005884       0x10 contiki-srf06-cc26xx.a(ringbuf.o)
                0x0000000000005884                ringbuf_init
 .text.ringbuf_get
                0x0000000000005894       0x24 contiki-srf06-cc26xx.a(ringbuf.o)
                0x0000000000005894                ringbuf_get
 .text.chksum   0x00000000000058b8       0x50 contiki-srf06-cc26xx.a(uip6.o)
 .text.upper_layer_chksum
                0x0000000000005908       0x58 contiki-srf06-cc26xx.a(uip6.o)
 .text.ext_hdr_options_process
                0x0000000000005960       0xe0 contiki-srf06-cc26xx.a(uip6.o)
 .text.uip_add32
                0x0000000000005a40       0x58 contiki-srf06-cc26xx.a(uip6.o)
                0x0000000000005a40                uip_add32
 .text.unlikely.uip_add_rcv_nxt
                0x0000000000005a98       0x2c contiki-srf06-cc26xx.a(uip6.o)
 .text.uip_icmp6chksum
                0x0000000000005ac4        0x8 contiki-srf06-cc26xx.a(uip6.o)
                0x0000000000005ac4                uip_icmp6chksum
 .text.uip_init
                0x0000000000005acc       0x5c contiki-srf06-cc26xx.a(uip6.o)
                0x0000000000005acc                uip_init
 .text.remove_ext_hdr
                0x0000000000005b28       0x54 contiki-srf06-cc26xx.a(uip6.o)
                0x0000000000005b28                remove_ext_hdr
 .text.uip_unlisten
                0x0000000000005b7c       0x28 contiki-srf06-cc26xx.a(uip6.o)
                0x0000000000005b7c                uip_unlisten
 .text.uip_process
                0x0000000000005ba4     0x101c contiki-srf06-cc26xx.a(uip6.o)
                0x0000000000005ba4                uip_process
 .text.uip_htonl
                0x0000000000006bc0       0x1c contiki-srf06-cc26xx.a(uip6.o)
                0x0000000000006bc0                uip_htonl
 .text.ns_input
                0x0000000000006bdc      0x28c contiki-srf06-cc26xx.a(uip-nd6.o)
 .text.uip_nd6_init
                0x0000000000006e68        0xc contiki-srf06-cc26xx.a(uip-nd6.o)
                0x0000000000006e68                uip_nd6_init
 .text.sicslowpan_init
                0x0000000000006e74       0x24 contiki-srf06-cc26xx.a(sicslowpan.o)
                0x0000000000006e74                sicslowpan_init
 .text.compress_addr_64
                0x0000000000006e98       0x9c contiki-srf06-cc26xx.a(sicslowpan.o)
 .text.set_packet_attrs
                0x0000000000006f34       0x50 contiki-srf06-cc26xx.a(sicslowpan.o)
 .text.addr_context_lookup_by_prefix
                0x0000000000006f84       0x28 contiki-srf06-cc26xx.a(sicslowpan.o)
 .text.send_packet
                0x0000000000006fac       0x24 contiki-srf06-cc26xx.a(sicslowpan.o)
 .text.packet_sent
                0x0000000000006fd0       0x28 contiki-srf06-cc26xx.a(sicslowpan.o)
 .text.store_fragment
                0x0000000000006ff8       0x74 contiki-srf06-cc26xx.a(sicslowpan.o)
 .text.add_fragment
                0x000000000000706c      0x1b8 contiki-srf06-cc26xx.a(sicslowpan.o)
 .text.uncompress_addr
                0x0000000000007224       0xc4 contiki-srf06-cc26xx.a(sicslowpan.o)
 .text.input    0x00000000000072e8      0x640 contiki-srf06-cc26xx.a(sicslowpan.o)
 .text.output   0x0000000000007928      0x760 contiki-srf06-cc26xx.a(sicslowpan.o)
 .text.start_periodic_tcp_timer
                0x0000000000008088       0x1c contiki-srf06-cc26xx.a(tcpip.o)
 .text.tcpip_set_outputfunc
                0x00000000000080a4        0xc contiki-srf06-cc26xx.a(tcpip.o)
                0x00000000000080a4                tcpip_set_outputfunc
 .text.tcpip_icmp6_call
                0x00000000000080b0       0x28 contiki-srf06-cc26xx.a(tcpip.o)
                0x00000000000080b0                tcpip_icmp6_call
 .text.tcpip_input
                0x00000000000080d8       0x24 contiki-srf06-cc26xx.a(tcpip.o)
                0x00000000000080d8                tcpip_input
 .text.tcpip_ipv6_output
                0x00000000000080fc       0xbc contiki-srf06-cc26xx.a(tcpip.o)
                0x00000000000080fc                tcpip_ipv6_output
 .text.process_thread_tcpip_process
                0x00000000000081b8      0x1cc contiki-srf06-cc26xx.a(tcpip.o)
 .text.tcpip_uipcall
                0x0000000000008384       0x70 contiki-srf06-cc26xx.a(tcpip.o)
                0x0000000000008384                tcpip_uipcall
 .text.rpl_set_preferred_parent
                0x00000000000083f4       0x2c contiki-srf06-cc26xx.a(rpl-dag.o)
 .text.set_ip_from_prefix
                0x0000000000008420       0x24 contiki-srf06-cc26xx.a(rpl-dag.o)
 .text.check_prefix
                0x0000000000008444       0x78 contiki-srf06-cc26xx.a(rpl-dag.o)
 .text.find_parent_any_dag_any_instance
                0x00000000000084bc       0x1c contiki-srf06-cc26xx.a(rpl-dag.o)
 .text.lollipop_greater_than
                0x00000000000084d8       0x3c contiki-srf06-cc26xx.a(rpl-dag.o)
 .text.rpl_dag_init
                0x0000000000008514       0x14 contiki-srf06-cc26xx.a(rpl-dag.o)
                0x0000000000008514                rpl_dag_init
 .text.rpl_get_parent
                0x0000000000008528       0x10 contiki-srf06-cc26xx.a(rpl-dag.o)
                0x0000000000008528                rpl_get_parent
 .text.rpl_rank_via_parent
                0x0000000000008538       0x1c contiki-srf06-cc26xx.a(rpl-dag.o)
                0x0000000000008538                rpl_rank_via_parent
 .text.rpl_get_parent_ipaddr
                0x0000000000008554       0x18 contiki-srf06-cc26xx.a(rpl-dag.o)
                0x0000000000008554                rpl_get_parent_ipaddr
 .text.rpl_get_parent_link_stats
                0x000000000000856c       0x18 contiki-srf06-cc26xx.a(rpl-dag.o)
                0x000000000000856c                rpl_get_parent_link_stats
 .text.best_parent
                0x0000000000008584       0x94 contiki-srf06-cc26xx.a(rpl-dag.o)
 .text.rpl_parent_is_fresh
                0x0000000000008618       0x10 contiki-srf06-cc26xx.a(rpl-dag.o)
                0x0000000000008618                rpl_parent_is_fresh
 .text.rpl_parent_is_reachable
                0x0000000000008628       0x3c contiki-srf06-cc26xx.a(rpl-dag.o)
                0x0000000000008628                rpl_parent_is_reachable
 .text.rpl_repair_root
                0x0000000000008664       0x58 contiki-srf06-cc26xx.a(rpl-dag.o)
                0x0000000000008664                rpl_repair_root
 .text.rpl_set_prefix
                0x00000000000086bc       0x94 contiki-srf06-cc26xx.a(rpl-dag.o)
                0x00000000000086bc                rpl_set_prefix
 .text.rpl_set_default_route
                0x0000000000008750       0x30 contiki-srf06-cc26xx.a(rpl-dag.o)
                0x0000000000008750                rpl_set_default_route
 .text.rpl_alloc_instance
                0x0000000000008780       0x34 contiki-srf06-cc26xx.a(rpl-dag.o)
                0x0000000000008780                rpl_alloc_instance
 .text.rpl_alloc_dag
                0x00000000000087b4       0x5c contiki-srf06-cc26xx.a(rpl-dag.o)
                0x00000000000087b4                rpl_alloc_dag
 .text.rpl_add_parent
                0x0000000000008810       0x30 contiki-srf06-cc26xx.a(rpl-dag.o)
                0x0000000000008810                rpl_add_parent
 .text.rpl_find_parent
                0x0000000000008840       0x18 contiki-srf06-cc26xx.a(rpl-dag.o)
                0x0000000000008840                rpl_find_parent
 .text.rpl_find_parent_any_dag
                0x0000000000008858       0x20 contiki-srf06-cc26xx.a(rpl-dag.o)
                0x0000000000008858                rpl_find_parent_any_dag
 .text.rpl_select_parent
                0x0000000000008878       0x58 contiki-srf06-cc26xx.a(rpl-dag.o)
                0x0000000000008878                rpl_select_parent
 .text.rpl_select_dag
                0x00000000000088d0      0x178 contiki-srf06-cc26xx.a(rpl-dag.o)
                0x00000000000088d0                rpl_select_dag
 .text.rpl_nullify_parent
                0x0000000000008a48       0x58 contiki-srf06-cc26xx.a(rpl-dag.o)
                0x0000000000008a48                rpl_nullify_parent
 .text.nbr_callback
                0x0000000000008aa0       0x1c contiki-srf06-cc26xx.a(rpl-dag.o)
 .text.remove_parents.constprop.6
                0x0000000000008abc       0x48 contiki-srf06-cc26xx.a(rpl-dag.o)
 .text.rpl_free_dag
                0x0000000000008b04       0x3c contiki-srf06-cc26xx.a(rpl-dag.o)
                0x0000000000008b04                rpl_free_dag
 .text.rpl_move_parent
                0x0000000000008b40       0x58 contiki-srf06-cc26xx.a(rpl-dag.o)
                0x0000000000008b40                rpl_move_parent
 .text.rpl_get_dag
                0x0000000000008b98       0x54 contiki-srf06-cc26xx.a(rpl-dag.o)
                0x0000000000008b98                rpl_get_dag
 .text.rpl_get_any_dag
                0x0000000000008bec       0x18 contiki-srf06-cc26xx.a(rpl-dag.o)
                0x0000000000008bec                rpl_get_any_dag
 .text.rpl_get_instance
                0x0000000000008c04       0x20 contiki-srf06-cc26xx.a(rpl-dag.o)
                0x0000000000008c04                rpl_get_instance
 .text.rpl_join_instance
                0x0000000000008c24      0x14c contiki-srf06-cc26xx.a(rpl-dag.o)
                0x0000000000008c24                rpl_join_instance
 .text.rpl_local_repair
                0x0000000000008d70       0x90 contiki-srf06-cc26xx.a(rpl-dag.o)
                0x0000000000008d70                rpl_local_repair
 .text.rpl_process_parent_event
                0x0000000000008e00       0x9c contiki-srf06-cc26xx.a(rpl-dag.o)
                0x0000000000008e00                rpl_process_parent_event
 .text.rpl_add_dag
                0x0000000000008e9c      0x148 contiki-srf06-cc26xx.a(rpl-dag.o)
                0x0000000000008e9c                rpl_add_dag
 .text.rpl_recalculate_ranks
                0x0000000000008fe4       0x50 contiki-srf06-cc26xx.a(rpl-dag.o)
                0x0000000000008fe4                rpl_recalculate_ranks
 .text.rpl_process_dio
                0x0000000000009034      0x32c contiki-srf06-cc26xx.a(rpl-dag.o)
                0x0000000000009034                rpl_process_dio
 .text.new_dio_interval
                0x0000000000009360       0x60 contiki-srf06-cc26xx.a(rpl-timers.o)
 .text.handle_periodic_timer
                0x00000000000093c0       0x58 contiki-srf06-cc26xx.a(rpl-timers.o)
 .text.set_dao_lifetime_timer
                0x0000000000009418       0x48 contiki-srf06-cc26xx.a(rpl-timers.o)
 .text.handle_unicast_dio_timer
                0x0000000000009460       0x1c contiki-srf06-cc26xx.a(rpl-timers.o)
 .text.handle_dio_timer
                0x000000000000947c       0x8c contiki-srf06-cc26xx.a(rpl-timers.o)
 .text.schedule_dao
                0x0000000000009508       0x54 contiki-srf06-cc26xx.a(rpl-timers.o)
 .text.handle_dao_timer
                0x000000000000955c       0x5c contiki-srf06-cc26xx.a(rpl-timers.o)
 .text.rpl_reset_periodic_timer
                0x00000000000095b8       0x3c contiki-srf06-cc26xx.a(rpl-timers.o)
                0x00000000000095b8                rpl_reset_periodic_timer
 .text.rpl_reset_dio_timer
                0x00000000000095f4       0x1c contiki-srf06-cc26xx.a(rpl-timers.o)
                0x00000000000095f4                rpl_reset_dio_timer
 .text.rpl_schedule_dao
                0x0000000000009610        0x8 contiki-srf06-cc26xx.a(rpl-timers.o)
                0x0000000000009610                rpl_schedule_dao
 .text.rpl_schedule_unicast_dio_immediately
                0x0000000000009618       0x14 contiki-srf06-cc26xx.a(rpl-timers.o)
                0x0000000000009618                rpl_schedule_unicast_dio_immediately
 .text.get_probing_delay
                0x000000000000962c       0x4c contiki-srf06-cc26xx.a(rpl-timers.o)
                0x000000000000962c                get_probing_delay
 .text.get_probing_target
                0x0000000000009678       0xdc contiki-srf06-cc26xx.a(rpl-timers.o)
                0x0000000000009678                get_probing_target
 .text.rpl_schedule_probing
                0x0000000000009754       0x20 contiki-srf06-cc26xx.a(rpl-timers.o)
                0x0000000000009754                rpl_schedule_probing
 .text.handle_probing_timer
                0x0000000000009774       0x34 contiki-srf06-cc26xx.a(rpl-timers.o)
 .text.update_hbh_header
                0x00000000000097a8       0xd0 contiki-srf06-cc26xx.a(rpl-ext-header.)
 .text.insert_hbh_header.isra.0
                0x0000000000009878       0xb0 contiki-srf06-cc26xx.a(rpl-ext-header.)
 .text.rpl_verify_hbh_header
                0x0000000000009928       0xec contiki-srf06-cc26xx.a(rpl-ext-header.)
                0x0000000000009928                rpl_verify_hbh_header
 .text.rpl_remove_header
                0x0000000000009a14       0x78 contiki-srf06-cc26xx.a(rpl-ext-header.)
                0x0000000000009a14                rpl_remove_header
 .text.rpl_update_header
                0x0000000000009a8c       0x74 contiki-srf06-cc26xx.a(rpl-ext-header.)
                0x0000000000009a8c                rpl_update_header
 .text.rpl_get_mode
                0x0000000000009b00        0xc contiki-srf06-cc26xx.a(rpl.o)
                0x0000000000009b00                rpl_get_mode
 .text.rpl_purge_routes
                0x0000000000009b0c       0x80 contiki-srf06-cc26xx.a(rpl.o)
                0x0000000000009b0c                rpl_purge_routes
 .text.rpl_remove_routes
                0x0000000000009b8c       0x24 contiki-srf06-cc26xx.a(rpl.o)
                0x0000000000009b8c                rpl_remove_routes
 .text.rpl_remove_routes_by_nexthop
                0x0000000000009bb0       0x34 contiki-srf06-cc26xx.a(rpl.o)
                0x0000000000009bb0                rpl_remove_routes_by_nexthop
 .text.rpl_add_route
                0x0000000000009be4       0x38 contiki-srf06-cc26xx.a(rpl.o)
                0x0000000000009be4                rpl_add_route
 .text.rpl_link_neighbor_callback
                0x0000000000009c1c       0x60 contiki-srf06-cc26xx.a(rpl.o)
                0x0000000000009c1c                rpl_link_neighbor_callback
 .text.rpl_ipv6_neighbor_callback
                0x0000000000009c7c       0x30 contiki-srf06-cc26xx.a(rpl.o)
                0x0000000000009c7c                rpl_ipv6_neighbor_callback
 .text.rpl_purge_dags
                0x0000000000009cac       0x60 contiki-srf06-cc26xx.a(rpl.o)
                0x0000000000009cac                rpl_purge_dags
 .text.rpl_init
                0x0000000000009d0c       0x4c contiki-srf06-cc26xx.a(rpl.o)
                0x0000000000009d0c                rpl_init
 .text.reset    0x0000000000009d58        0x4 contiki-srf06-cc26xx.a(rpl-mrhof.o)
 .text.update_metric_container
                0x0000000000009d5c        0x8 contiki-srf06-cc26xx.a(rpl-mrhof.o)
 .text.parent_link_metric
                0x0000000000009d64       0x14 contiki-srf06-cc26xx.a(rpl-mrhof.o)
 .text.parent_has_usable_link
                0x0000000000009d78       0x18 contiki-srf06-cc26xx.a(rpl-mrhof.o)
 .text.best_dag
                0x0000000000009d90       0x30 contiki-srf06-cc26xx.a(rpl-mrhof.o)
 .text.parent_path_cost
                0x0000000000009dc0       0x4c contiki-srf06-cc26xx.a(rpl-mrhof.o)
 .text.parent_is_acceptable
                0x0000000000009e0c       0x34 contiki-srf06-cc26xx.a(rpl-mrhof.o)
 .text.rank_via_parent
                0x0000000000009e40       0x3c contiki-srf06-cc26xx.a(rpl-mrhof.o)
 .text.best_parent
                0x0000000000009e7c       0x68 contiki-srf06-cc26xx.a(rpl-mrhof.o)
 .text.dao_ack_input
                0x0000000000009ee4       0x14 contiki-srf06-cc26xx.a(rpl-icmp6.o)
 .text.dao_output_target_seq
                0x0000000000009ef8      0x11c contiki-srf06-cc26xx.a(rpl-icmp6.o)
 .text.dio_input
                0x000000000000a014      0x2ac contiki-srf06-cc26xx.a(rpl-icmp6.o)
 .text.rpl_icmp6_update_nbr_table
                0x000000000000a2c0       0x38 contiki-srf06-cc26xx.a(rpl-icmp6.o)
                0x000000000000a2c0                rpl_icmp6_update_nbr_table
 .text.dao_input
                0x000000000000a2f8      0x2c0 contiki-srf06-cc26xx.a(rpl-icmp6.o)
 .text.dis_output
                0x000000000000a5b8       0x58 contiki-srf06-cc26xx.a(rpl-icmp6.o)
                0x000000000000a5b8                dis_output
 .text.dio_output
                0x000000000000a610      0x2b0 contiki-srf06-cc26xx.a(rpl-icmp6.o)
                0x000000000000a610                dio_output
 .text.dis_input
                0x000000000000a8c0       0x54 contiki-srf06-cc26xx.a(rpl-icmp6.o)
 .text.dao_output
                0x000000000000a914       0x8c contiki-srf06-cc26xx.a(rpl-icmp6.o)
                0x000000000000a914                dao_output
 .text.dao_output_target
                0x000000000000a9a0        0xc contiki-srf06-cc26xx.a(rpl-icmp6.o)
                0x000000000000a9a0                dao_output_target
 .text.rpl_icmp6_register_handlers
                0x000000000000a9ac       0x30 contiki-srf06-cc26xx.a(rpl-icmp6.o)
                0x000000000000a9ac                rpl_icmp6_register_handlers
 .text.TrimAfterColdResetWakeupFromShutDown
                0x000000000000a9dc       0xe4 contiki-srf06-cc26xx.a(setup.o)
 .text.NOROM_SetupTrimDevice
                0x000000000000aac0       0xa4 contiki-srf06-cc26xx.a(setup.o)
                0x000000000000aac0                NOROM_SetupTrimDevice
 .text.NOROM_PowerCtrlSourceSet
                0x000000000000ab64       0x30 contiki-srf06-cc26xx.a(pwr_ctrl.o)
                0x000000000000ab64                NOROM_PowerCtrlSourceSet
 .text.NOROM_TRNGConfigure
                0x000000000000ab94       0x38 contiki-srf06-cc26xx.a(trng.o)
                0x000000000000ab94                NOROM_TRNGConfigure
 .text.SafeHapiVoid
                0x000000000000abcc       0x28 contiki-srf06-cc26xx.a(adi.o)
                0x000000000000abcc                SafeHapiVoid
 .text.NOROM_DDI32RegWrite
                0x000000000000abf4       0x2c contiki-srf06-cc26xx.a(ddi.o)
                0x000000000000abf4                NOROM_DDI32RegWrite
 .text.NOROM_DDI16BitfieldWrite
                0x000000000000ac20       0x48 contiki-srf06-cc26xx.a(ddi.o)
                0x000000000000ac20                NOROM_DDI16BitfieldWrite
 .text.NOROM_DDI16BitfieldRead
                0x000000000000ac68       0x48 contiki-srf06-cc26xx.a(ddi.o)
                0x000000000000ac68                NOROM_DDI16BitfieldRead
 .text.NOROM_SysCtrlSetRechargeBeforePowerDown
                0x000000000000acb0      0x230 contiki-srf06-cc26xx.a(sys_ctrl.o)
                0x000000000000acb0                NOROM_SysCtrlSetRechargeBeforePowerDown
 .text.NOROM_SysCtrlAdjustRechargeAfterPowerDown
                0x000000000000aee0       0x68 contiki-srf06-cc26xx.a(sys_ctrl.o)
                0x000000000000aee0                NOROM_SysCtrlAdjustRechargeAfterPowerDown
 .text.NOROM_SysCtrl_DCDC_VoltageConditionalControl
                0x000000000000af48       0x7c contiki-srf06-cc26xx.a(sys_ctrl.o)
                0x000000000000af48                NOROM_SysCtrl_DCDC_VoltageConditionalControl
 .text.NOROM_ChipInfo_GetSupportedProtocol_BV
                0x000000000000afc4       0x10 contiki-srf06-cc26xx.a(chipinfo.o)
                0x000000000000afc4                NOROM_ChipInfo_GetSupportedProtocol_BV
 .text.NOROM_ChipInfo_GetChipFamily
                0x000000000000afd4       0x4c contiki-srf06-cc26xx.a(chipinfo.o)
                0x000000000000afd4                NOROM_ChipInfo_GetChipFamily
 .text.NOROM_ChipInfo_GetChipType
                0x000000000000b020       0x50 contiki-srf06-cc26xx.a(chipinfo.o)
                0x000000000000b020                NOROM_ChipInfo_GetChipType
 .text.NOROM_ChipInfo_GetHwRevision
                0x000000000000b070       0x6c contiki-srf06-cc26xx.a(chipinfo.o)
                0x000000000000b070                NOROM_ChipInfo_GetHwRevision
 .text.NOROM_ThisCodeIsBuiltForCC26xxHwRev22AndLater_HaltIfViolated
                0x000000000000b0dc       0x14 contiki-srf06-cc26xx.a(chipinfo.o)
                0x000000000000b0dc                NOROM_ThisCodeIsBuiltForCC26xxHwRev22AndLater_HaltIfViolated
 .text.NOROM_CPUcpsid
                0x000000000000b0f0        0x8 contiki-srf06-cc26xx.a(cpu.o)
                0x000000000000b0f0                NOROM_CPUcpsid
 .text.NOROM_CPUcpsie
                0x000000000000b0f8        0x8 contiki-srf06-cc26xx.a(cpu.o)
                0x000000000000b0f8                NOROM_CPUcpsie
 .text.NOROM_CPUdelay
                0x000000000000b100        0x8 contiki-srf06-cc26xx.a(cpu.o)
                0x000000000000b100                NOROM_CPUdelay
 .text.NOROM_SetupGetTrimForXoscHfCtl.part.3
                0x000000000000b108       0x20 contiki-srf06-cc26xx.a(setup_rom.o)
 .text.NOROM_SetupGetTrimForRadcExtCfg.part.4
                0x000000000000b128       0x1c contiki-srf06-cc26xx.a(setup_rom.o)
 .text.NOROM_SetupAfterColdResetWakeupFromShutDownCfg1
                0x000000000000b144       0x74 contiki-srf06-cc26xx.a(setup_rom.o)
                0x000000000000b144                NOROM_SetupAfterColdResetWakeupFromShutDownCfg1
 .text.NOROM_SetupAfterColdResetWakeupFromShutDownCfg3
                0x000000000000b1b8      0x1a0 contiki-srf06-cc26xx.a(setup_rom.o)
                0x000000000000b1b8                NOROM_SetupAfterColdResetWakeupFromShutDownCfg3
 .text.NOROM_SetupGetTrimForAnabypassValue1
                0x000000000000b358       0x64 contiki-srf06-cc26xx.a(setup_rom.o)
                0x000000000000b358                NOROM_SetupGetTrimForAnabypassValue1
 .text.NOROM_SetupGetTrimForAmpcompCtrl
                0x000000000000b3bc       0x58 contiki-srf06-cc26xx.a(setup_rom.o)
                0x000000000000b3bc                NOROM_SetupGetTrimForAmpcompCtrl
 .text.NOROM_SetupAfterColdResetWakeupFromShutDownCfg2
                0x000000000000b414      0x190 contiki-srf06-cc26xx.a(setup_rom.o)
                0x000000000000b414                NOROM_SetupAfterColdResetWakeupFromShutDownCfg2
 .text.NOROM_SetupSetCacheModeAccordingToCcfgSetting
                0x000000000000b5a4       0x6c contiki-srf06-cc26xx.a(setup_rom.o)
                0x000000000000b5a4                NOROM_SetupSetCacheModeAccordingToCcfgSetting
 .text.NOROM_AONBatMonTemperatureGetDegC
                0x000000000000b610       0x30 contiki-srf06-cc26xx.a(aon_batmon.o)
                0x000000000000b610                NOROM_AONBatMonTemperatureGetDegC
 .text.NOROM_AONRTCCurrentCompareValueGet
                0x000000000000b640       0x24 contiki-srf06-cc26xx.a(aon_rtc.o)
                0x000000000000b640                NOROM_AONRTCCurrentCompareValueGet
 .text.NOROM_OSCClockSourceSet
                0x000000000000b664       0x50 contiki-srf06-cc26xx.a(osc.o)
                0x000000000000b664                NOROM_OSCClockSourceSet
 .text.NOROM_OSCClockSourceGet
                0x000000000000b6b4       0x20 contiki-srf06-cc26xx.a(osc.o)
                0x000000000000b6b4                NOROM_OSCClockSourceGet
 .text.queuebuf_init
                0x000000000000b6d4       0x1c contiki-srf06-cc26xx.a(queuebuf.o)
                0x000000000000b6d4                queuebuf_init
 .text.queuebuf_numfree
                0x000000000000b6f0        0xc contiki-srf06-cc26xx.a(queuebuf.o)
                0x000000000000b6f0                queuebuf_numfree
 .text.queuebuf_new_from_packetbuf
                0x000000000000b6fc       0x44 contiki-srf06-cc26xx.a(queuebuf.o)
                0x000000000000b6fc                queuebuf_new_from_packetbuf
 .text.queuebuf_update_attr_from_packetbuf
                0x000000000000b740        0xc contiki-srf06-cc26xx.a(queuebuf.o)
                0x000000000000b740                queuebuf_update_attr_from_packetbuf
 .text.queuebuf_update_from_packetbuf
                0x000000000000b74c       0x1c contiki-srf06-cc26xx.a(queuebuf.o)
                0x000000000000b74c                queuebuf_update_from_packetbuf
 .text.queuebuf_free
                0x000000000000b768       0x2c contiki-srf06-cc26xx.a(queuebuf.o)
                0x000000000000b768                queuebuf_free
 .text.queuebuf_to_packetbuf
                0x000000000000b794       0x30 contiki-srf06-cc26xx.a(queuebuf.o)
                0x000000000000b794                queuebuf_to_packetbuf
 .text.queuebuf_attr
                0x000000000000b7c4        0xc contiki-srf06-cc26xx.a(queuebuf.o)
                0x000000000000b7c4                queuebuf_attr
 .text.index_from_lladdr
                0x000000000000b7d0       0x50 contiki-srf06-cc26xx.a(nbr-table.o)
 .text.remove_key
                0x000000000000b820       0x90 contiki-srf06-cc26xx.a(nbr-table.o)
 .text.nbr_table_register
                0x000000000000b8b0       0x2c contiki-srf06-cc26xx.a(nbr-table.o)
                0x000000000000b8b0                nbr_table_register
 .text.nbr_table_next
                0x000000000000b8dc       0x78 contiki-srf06-cc26xx.a(nbr-table.o)
                0x000000000000b8dc                nbr_table_next
 .text.nbr_table_head
                0x000000000000b954       0x58 contiki-srf06-cc26xx.a(nbr-table.o)
                0x000000000000b954                nbr_table_head
 .text.nbr_table_add_lladdr
                0x000000000000b9ac      0x15c contiki-srf06-cc26xx.a(nbr-table.o)
                0x000000000000b9ac                nbr_table_add_lladdr
 .text.nbr_table_get_from_lladdr
                0x000000000000bb08       0x38 contiki-srf06-cc26xx.a(nbr-table.o)
                0x000000000000bb08                nbr_table_get_from_lladdr
 .text.nbr_table_remove
                0x000000000000bb40       0x5c contiki-srf06-cc26xx.a(nbr-table.o)
                0x000000000000bb40                nbr_table_remove
 .text.nbr_table_lock
                0x000000000000bb9c       0x34 contiki-srf06-cc26xx.a(nbr-table.o)
                0x000000000000bb9c                nbr_table_lock
 .text.nbr_table_unlock
                0x000000000000bbd0       0x34 contiki-srf06-cc26xx.a(nbr-table.o)
                0x000000000000bbd0                nbr_table_unlock
 .text.nbr_table_get_lladdr
                0x000000000000bc04       0x2c contiki-srf06-cc26xx.a(nbr-table.o)
                0x000000000000bc04                nbr_table_get_lladdr
 .text.nbr_table_update_lladdr
                0x000000000000bc30       0x58 contiki-srf06-cc26xx.a(nbr-table.o)
                0x000000000000bc30                nbr_table_update_lladdr
 .text.packetbuf_copyto
                0x000000000000bc88       0x50 contiki-srf06-cc26xx.a(packetbuf.o)
                0x000000000000bc88                packetbuf_copyto
 .text.packetbuf_hdralloc
                0x000000000000bcd8       0x54 contiki-srf06-cc26xx.a(packetbuf.o)
                0x000000000000bcd8                packetbuf_hdralloc
 .text.packetbuf_hdrreduce
                0x000000000000bd2c       0x2c contiki-srf06-cc26xx.a(packetbuf.o)
                0x000000000000bd2c                packetbuf_hdrreduce
 .text.packetbuf_set_datalen
                0x000000000000bd58        0xc contiki-srf06-cc26xx.a(packetbuf.o)
                0x000000000000bd58                packetbuf_set_datalen
 .text.packetbuf_dataptr
                0x000000000000bd64       0x20 contiki-srf06-cc26xx.a(packetbuf.o)
                0x000000000000bd64                packetbuf_dataptr
 .text.packetbuf_hdrptr
                0x000000000000bd84        0x8 contiki-srf06-cc26xx.a(packetbuf.o)
                0x000000000000bd84                packetbuf_hdrptr
 .text.packetbuf_datalen
                0x000000000000bd8c        0xc contiki-srf06-cc26xx.a(packetbuf.o)
                0x000000000000bd8c                packetbuf_datalen
 .text.packetbuf_totlen
                0x000000000000bd98       0x24 contiki-srf06-cc26xx.a(packetbuf.o)
                0x000000000000bd98                packetbuf_totlen
 .text.packetbuf_attr_clear
                0x000000000000bdbc       0x34 contiki-srf06-cc26xx.a(packetbuf.o)
                0x000000000000bdbc                packetbuf_attr_clear
 .text.packetbuf_clear
                0x000000000000bdf0       0x20 contiki-srf06-cc26xx.a(packetbuf.o)
                0x000000000000bdf0                packetbuf_clear
 .text.packetbuf_copyfrom
                0x000000000000be10       0x40 contiki-srf06-cc26xx.a(packetbuf.o)
                0x000000000000be10                packetbuf_copyfrom
 .text.packetbuf_attr_copyto
                0x000000000000be50       0x44 contiki-srf06-cc26xx.a(packetbuf.o)
                0x000000000000be50                packetbuf_attr_copyto
 .text.packetbuf_attr_copyfrom
                0x000000000000be94       0x44 contiki-srf06-cc26xx.a(packetbuf.o)
                0x000000000000be94                packetbuf_attr_copyfrom
 .text.packetbuf_set_attr
                0x000000000000bed8       0x10 contiki-srf06-cc26xx.a(packetbuf.o)
                0x000000000000bed8                packetbuf_set_attr
 .text.packetbuf_attr
                0x000000000000bee8        0xc contiki-srf06-cc26xx.a(packetbuf.o)
                0x000000000000bee8                packetbuf_attr
 .text.packetbuf_set_addr
                0x000000000000bef4       0x18 contiki-srf06-cc26xx.a(packetbuf.o)
                0x000000000000bef4                packetbuf_set_addr
 .text.packetbuf_addr
                0x000000000000bf0c       0x10 contiki-srf06-cc26xx.a(packetbuf.o)
                0x000000000000bf0c                packetbuf_addr
 .text.packetbuf_holds_broadcast
                0x000000000000bf1c       0x10 contiki-srf06-cc26xx.a(packetbuf.o)
                0x000000000000bf1c                packetbuf_holds_broadcast
 .text.netstack_init
                0x000000000000bf2c       0x38 contiki-srf06-cc26xx.a(netstack.o)
                0x000000000000bf2c                netstack_init
 .text.linkaddr_copy
                0x000000000000bf64        0xc contiki-srf06-cc26xx.a(linkaddr.o)
                0x000000000000bf64                linkaddr_copy
 .text.linkaddr_cmp
                0x000000000000bf70       0x10 contiki-srf06-cc26xx.a(linkaddr.o)
                0x000000000000bf70                linkaddr_cmp
 .text.periodic
                0x000000000000bf80       0x30 contiki-srf06-cc26xx.a(link-stats.o)
 .text.link_stats_from_lladdr
                0x000000000000bfb0        0xc contiki-srf06-cc26xx.a(link-stats.o)
                0x000000000000bfb0                link_stats_from_lladdr
 .text.link_stats_is_fresh
                0x000000000000bfbc       0x28 contiki-srf06-cc26xx.a(link-stats.o)
                0x000000000000bfbc                link_stats_is_fresh
 .text.link_stats_packet_sent
                0x000000000000bfe4       0xcc contiki-srf06-cc26xx.a(link-stats.o)
                0x000000000000bfe4                link_stats_packet_sent
 .text.link_stats_input_callback
                0x000000000000c0b0       0x5c contiki-srf06-cc26xx.a(link-stats.o)
                0x000000000000c0b0                link_stats_input_callback
 .text.link_stats_init
                0x000000000000c10c       0x28 contiki-srf06-cc26xx.a(link-stats.o)
                0x000000000000c10c                link_stats_init
 .text.parse    0x000000000000c134       0xa4 contiki-srf06-cc26xx.a(framer-802154.o)
 .text.create_frame.isra.0
                0x000000000000c1d8      0x144 contiki-srf06-cc26xx.a(framer-802154.o)
 .text.create   0x000000000000c31c        0x8 contiki-srf06-cc26xx.a(framer-802154.o)
 .text.hdr_length
                0x000000000000c324        0x8 contiki-srf06-cc26xx.a(framer-802154.o)
 .text.input_packet
                0x000000000000c32c        0xc contiki-srf06-cc26xx.a(csma.o)
 .text.on       0x000000000000c338        0xc contiki-srf06-cc26xx.a(csma.o)
 .text.off      0x000000000000c344        0xc contiki-srf06-cc26xx.a(csma.o)
 .text.channel_check_interval
                0x000000000000c350       0x10 contiki-srf06-cc26xx.a(csma.o)
 .text.transmit_packet_list
                0x000000000000c360       0x34 contiki-srf06-cc26xx.a(csma.o)
 .text.schedule_transmission
                0x000000000000c394       0x58 contiki-srf06-cc26xx.a(csma.o)
 .text.send_packet
                0x000000000000c3ec      0x154 contiki-srf06-cc26xx.a(csma.o)
 .text.init     0x000000000000c540       0x24 contiki-srf06-cc26xx.a(csma.o)
 .text.tx_done  0x000000000000c564       0x90 contiki-srf06-cc26xx.a(csma.o)
 .text.packet_sent
                0x000000000000c5f4       0xf0 contiki-srf06-cc26xx.a(csma.o)
 .text.frame802154_get_pan_id
                0x000000000000c6e4        0xc contiki-srf06-cc26xx.a(frame802154.o)
                0x000000000000c6e4                frame802154_get_pan_id
 .text.frame802154_has_panid
                0x000000000000c6f0       0xa4 contiki-srf06-cc26xx.a(frame802154.o)
                0x000000000000c6f0                frame802154_has_panid
 .text.field_len
                0x000000000000c794       0x88 contiki-srf06-cc26xx.a(frame802154.o)
 .text.frame802154_is_broadcast_addr
                0x000000000000c81c       0x20 contiki-srf06-cc26xx.a(frame802154.o)
                0x000000000000c81c                frame802154_is_broadcast_addr
 .text.frame802154_hdrlen
                0x000000000000c83c       0x34 contiki-srf06-cc26xx.a(frame802154.o)
                0x000000000000c83c                frame802154_hdrlen
 .text.frame802154_create_fcf
                0x000000000000c870       0x64 contiki-srf06-cc26xx.a(frame802154.o)
                0x000000000000c870                frame802154_create_fcf
 .text.frame802154_create
                0x000000000000c8d4       0xb4 contiki-srf06-cc26xx.a(frame802154.o)
                0x000000000000c8d4                frame802154_create
 .text.frame802154_parse_fcf
                0x000000000000c988       0x44 contiki-srf06-cc26xx.a(frame802154.o)
                0x000000000000c988                frame802154_parse_fcf
 .text.frame802154_parse
                0x000000000000c9cc      0x138 contiki-srf06-cc26xx.a(frame802154.o)
                0x000000000000c9cc                frame802154_parse
 .text.mac_call_sent_callback
                0x000000000000cb04       0x18 contiki-srf06-cc26xx.a(mac.o)
                0x000000000000cb04                mac_call_sent_callback
 .text.duty_cycle
                0x000000000000cb1c        0x4 contiki-srf06-cc26xx.a(contikimac.o)
 .text.init     0x000000000000cb20       0x40 contiki-srf06-cc26xx.a(contikimac.o)
 .text.on.part.0
                0x000000000000cb60       0x14 contiki-srf06-cc26xx.a(contikimac.o)
 .text.off      0x000000000000cb74       0x38 contiki-srf06-cc26xx.a(contikimac.o)
 .text.recv_burst_off
                0x000000000000cbac       0x14 contiki-srf06-cc26xx.a(contikimac.o)
 .text.powercycle_turn_radio_off.part.2
                0x000000000000cbc0       0x10 contiki-srf06-cc26xx.a(contikimac.o)
 .text.turn_off
                0x000000000000cbd0       0x48 contiki-srf06-cc26xx.a(contikimac.o)
 .text.turn_on  0x000000000000cc18       0x44 contiki-srf06-cc26xx.a(contikimac.o)
 .text.schedule_powercycle_fixed.part.5
                0x000000000000cc5c       0x30 contiki-srf06-cc26xx.a(contikimac.o)
 .text.input_packet
                0x000000000000cc8c       0xc4 contiki-srf06-cc26xx.a(contikimac.o)
 .text.send_packet.isra.8
                0x000000000000cd50      0x244 contiki-srf06-cc26xx.a(contikimac.o)
 .text.qsend_list
                0x000000000000cf94       0xf4 contiki-srf06-cc26xx.a(contikimac.o)
 .text.qsend_packet
                0x000000000000d088       0x24 contiki-srf06-cc26xx.a(contikimac.o)
 .text.powercycle_wrapper
                0x000000000000d0ac      0x264 contiki-srf06-cc26xx.a(contikimac.o)
 .text.init     0x000000000000d310        0x4 contiki-srf06-cc26xx.a(nullsec.o)
 .text.input    0x000000000000d314        0xc contiki-srf06-cc26xx.a(nullsec.o)
 .text.send     0x000000000000d320       0x20 contiki-srf06-cc26xx.a(nullsec.o)
 .text.sensor_common_read_reg
                0x000000000000d340       0x1c contiki-srf06-cc26xx.a(sensor-common.o)
                0x000000000000d340                sensor_common_read_reg
 .text.sensor_common_write_reg
                0x000000000000d35c       0x38 contiki-srf06-cc26xx.a(sensor-common.o)
                0x000000000000d35c                sensor_common_write_reg
 .text.sensor_common_set_error_data
                0x000000000000d394       0x18 contiki-srf06-cc26xx.a(sensor-common.o)
                0x000000000000d394                sensor_common_set_error_data
 .text.verify_part
                0x000000000000d3ac       0x80 contiki-srf06-cc26xx.a(ext-flash.o)
 .text.wait_ready
                0x000000000000d42c       0x58 contiki-srf06-cc26xx.a(ext-flash.o)
 .text.power_down
                0x000000000000d484       0x50 contiki-srf06-cc26xx.a(ext-flash.o)
 .text.ext_flash_open
                0x000000000000d4d4       0x60 contiki-srf06-cc26xx.a(ext-flash.o)
                0x000000000000d4d4                ext_flash_open
 .text.ext_flash_init
                0x000000000000d534       0x14 contiki-srf06-cc26xx.a(ext-flash.o)
                0x000000000000d534                ext_flash_init
 .text.buzzer_init
                0x000000000000d548        0xc contiki-srf06-cc26xx.a(buzzer.o)
                0x000000000000d548                buzzer_init
 .text.buzzer_stop
                0x000000000000d554       0x74 contiki-srf06-cc26xx.a(buzzer.o)
                0x000000000000d554                buzzer_stop
 .text.accessible
                0x000000000000d5c8       0x24 contiki-srf06-cc26xx.a(board-spi.o)
 .text.board_spi_write
                0x000000000000d5ec       0x40 contiki-srf06-cc26xx.a(board-spi.o)
                0x000000000000d5ec                board_spi_write
 .text.board_spi_read
                0x000000000000d62c       0x4c contiki-srf06-cc26xx.a(board-spi.o)
                0x000000000000d62c                board_spi_read
 .text.board_spi_flush
                0x000000000000d678       0x24 contiki-srf06-cc26xx.a(board-spi.o)
                0x000000000000d678                board_spi_flush
 .text.board_spi_open
                0x000000000000d69c       0xbc contiki-srf06-cc26xx.a(board-spi.o)
                0x000000000000d69c                board_spi_open
 .text.board_spi_close
                0x000000000000d758       0x70 contiki-srf06-cc26xx.a(board-spi.o)
                0x000000000000d758                board_spi_close
 .text.aux_ctrl_power_up
                0x000000000000d7c8       0x28 contiki-srf06-cc26xx.a(aux-ctrl.o)
                0x000000000000d7c8                aux_ctrl_power_up
 .text.aux_ctrl_register_consumer
                0x000000000000d7f0       0x40 contiki-srf06-cc26xx.a(aux-ctrl.o)
                0x000000000000d7f0                aux_ctrl_register_consumer
 .text.aux_ctrl_power_down
                0x000000000000d830       0x68 contiki-srf06-cc26xx.a(aux-ctrl.o)
                0x000000000000d830                aux_ctrl_power_down
 .text.aux_ctrl_unregister_consumer
                0x000000000000d898       0x28 contiki-srf06-cc26xx.a(aux-ctrl.o)
                0x000000000000d898                aux_ctrl_unregister_consumer
 .text.process_thread_rf_core_process
                0x000000000000d8c0       0x58 contiki-srf06-cc26xx.a(rf-core.o)
 .text.rf_core_is_accessible
                0x000000000000d918       0x10 contiki-srf06-cc26xx.a(rf-core.o)
                0x000000000000d918                rf_core_is_accessible
 .text.rf_core_send_cmd
                0x000000000000d928       0x94 contiki-srf06-cc26xx.a(rf-core.o)
                0x000000000000d928                rf_core_send_cmd
 .text.rf_core_wait_cmd_done
                0x000000000000d9bc       0x30 contiki-srf06-cc26xx.a(rf-core.o)
                0x000000000000d9bc                rf_core_wait_cmd_done
 .text.rf_core_power_up
                0x000000000000d9ec       0xcc contiki-srf06-cc26xx.a(rf-core.o)
                0x000000000000d9ec                rf_core_power_up
 .text.rf_core_start_rat
                0x000000000000dab8       0x68 contiki-srf06-cc26xx.a(rf-core.o)
                0x000000000000dab8                rf_core_start_rat
 .text.rf_core_stop_rat
                0x000000000000db20       0x7c contiki-srf06-cc26xx.a(rf-core.o)
                0x000000000000db20                rf_core_stop_rat
 .text.rf_core_power_down
                0x000000000000db9c       0xec contiki-srf06-cc26xx.a(rf-core.o)
                0x000000000000db9c                rf_core_power_down
 .text.rf_core_set_modesel
                0x000000000000dc88       0x44 contiki-srf06-cc26xx.a(rf-core.o)
                0x000000000000dc88                rf_core_set_modesel
 .text.rf_core_boot
                0x000000000000dccc       0x1c contiki-srf06-cc26xx.a(rf-core.o)
                0x000000000000dccc                rf_core_boot
 .text.rf_core_restart_rat
                0x000000000000dce8       0x18 contiki-srf06-cc26xx.a(rf-core.o)
                0x000000000000dce8                rf_core_restart_rat
 .text.rf_core_setup_interrupts
                0x000000000000dd00       0x74 contiki-srf06-cc26xx.a(rf-core.o)
                0x000000000000dd00                rf_core_setup_interrupts
 .text.rf_core_cmd_done_en
                0x000000000000dd74       0x28 contiki-srf06-cc26xx.a(rf-core.o)
                0x000000000000dd74                rf_core_cmd_done_en
 .text.rf_core_cmd_done_dis
                0x000000000000dd9c       0x18 contiki-srf06-cc26xx.a(rf-core.o)
                0x000000000000dd9c                rf_core_cmd_done_dis
 .text.rf_core_get_last_radio_op
                0x000000000000ddb4        0xc contiki-srf06-cc26xx.a(rf-core.o)
                0x000000000000ddb4                rf_core_get_last_radio_op
 .text.rf_core_init_radio_op
                0x000000000000ddc0       0x1c contiki-srf06-cc26xx.a(rf-core.o)
                0x000000000000ddc0                rf_core_init_radio_op
 .text.rf_core_primary_mode_register
                0x000000000000dddc        0xc contiki-srf06-cc26xx.a(rf-core.o)
                0x000000000000dddc                rf_core_primary_mode_register
 .text.RFCCPE1IntHandler
                0x000000000000dde8       0x28 contiki-srf06-cc26xx.a(rf-core.o)
                0x000000000000dde8                RFCCPE1IntHandler
 .text.RFCCPE0IntHandler
                0x000000000000de10       0x5c contiki-srf06-cc26xx.a(rf-core.o)
                0x000000000000de10                RFCCPE0IntHandler
 .text.rf_ble_is_active
                0x000000000000de6c        0xc contiki-srf06-cc26xx.a(rf-ble.o)
                0x000000000000de6c                rf_ble_is_active
 .text.memb_init
                0x000000000000de78       0x24 contiki-srf06-cc26xx.a(memb.o)
                0x000000000000de78                memb_init
 .text.memb_alloc
                0x000000000000de9c       0x3c contiki-srf06-cc26xx.a(memb.o)
                0x000000000000de9c                memb_alloc
 .text.memb_free
                0x000000000000ded8       0x40 contiki-srf06-cc26xx.a(memb.o)
                0x000000000000ded8                memb_free
 .text.memb_inmemb
                0x000000000000df18       0x1c contiki-srf06-cc26xx.a(memb.o)
                0x000000000000df18                memb_inmemb
 .text.memb_numfree
                0x000000000000df34       0x20 contiki-srf06-cc26xx.a(memb.o)
                0x000000000000df34                memb_numfree
 .text.echo_reply_input
                0x000000000000df54       0xb0 contiki-srf06-cc26xx.a(uip-icmp6.o)
 .text.echo_request_input
                0x000000000000e004       0xb0 contiki-srf06-cc26xx.a(uip-icmp6.o)
 .text.uip_icmp6_input
                0x000000000000e0b4       0x3c contiki-srf06-cc26xx.a(uip-icmp6.o)
                0x000000000000e0b4                uip_icmp6_input
 .text.uip_icmp6_register_input_handler
                0x000000000000e0f0        0xc contiki-srf06-cc26xx.a(uip-icmp6.o)
                0x000000000000e0f0                uip_icmp6_register_input_handler
 .text.uip_icmp6_error_output
                0x000000000000e0fc      0x158 contiki-srf06-cc26xx.a(uip-icmp6.o)
                0x000000000000e0fc                uip_icmp6_error_output
 .text.uip_icmp6_send
                0x000000000000e254       0x84 contiki-srf06-cc26xx.a(uip-icmp6.o)
                0x000000000000e254                uip_icmp6_send
 .text.uip_icmp6_init
                0x000000000000e2d8       0x24 contiki-srf06-cc26xx.a(uip-icmp6.o)
                0x000000000000e2d8                uip_icmp6_init
 .text.uip_ds6_list_loop
                0x000000000000e2fc       0x58 contiki-srf06-cc26xx.a(uip-ds6.o)
                0x000000000000e2fc                uip_ds6_list_loop
 .text.uip_ds6_prefix_add
                0x000000000000e354       0x6c contiki-srf06-cc26xx.a(uip-ds6.o)
                0x000000000000e354                uip_ds6_prefix_add
 .text.uip_ds6_is_addr_onlink
                0x000000000000e3c0       0x40 contiki-srf06-cc26xx.a(uip-ds6.o)
                0x000000000000e3c0                uip_ds6_is_addr_onlink
 .text.uip_ds6_addr_lookup
                0x000000000000e400       0x30 contiki-srf06-cc26xx.a(uip-ds6.o)
                0x000000000000e400                uip_ds6_addr_lookup
 .text.uip_ds6_get_link_local
                0x000000000000e430       0x50 contiki-srf06-cc26xx.a(uip-ds6.o)
                0x000000000000e430                uip_ds6_get_link_local
 .text.uip_ds6_maddr_add
                0x000000000000e480       0x50 contiki-srf06-cc26xx.a(uip-ds6.o)
                0x000000000000e480                uip_ds6_maddr_add
 .text.uip_ds6_addr_add
                0x000000000000e4d0       0xa8 contiki-srf06-cc26xx.a(uip-ds6.o)
                0x000000000000e4d0                uip_ds6_addr_add
 .text.uip_ds6_maddr_lookup
                0x000000000000e578       0x30 contiki-srf06-cc26xx.a(uip-ds6.o)
                0x000000000000e578                uip_ds6_maddr_lookup
 .text.uip_ds6_addr_rm
                0x000000000000e5a8       0x48 contiki-srf06-cc26xx.a(uip-ds6.o)
                0x000000000000e5a8                uip_ds6_addr_rm
 .text.uip_ds6_periodic
                0x000000000000e5f0       0x5c contiki-srf06-cc26xx.a(uip-ds6.o)
                0x000000000000e5f0                uip_ds6_periodic
 .text.uip_ds6_select_src
                0x000000000000e64c      0x118 contiki-srf06-cc26xx.a(uip-ds6.o)
                0x000000000000e64c                uip_ds6_select_src
 .text.uip_ds6_set_addr_iid
                0x000000000000e764       0x14 contiki-srf06-cc26xx.a(uip-ds6.o)
                0x000000000000e764                uip_ds6_set_addr_iid
 .text.uip_ds6_compute_reachable_time
                0x000000000000e778       0x2c contiki-srf06-cc26xx.a(uip-ds6.o)
                0x000000000000e778                uip_ds6_compute_reachable_time
 .text.uip_ds6_init
                0x000000000000e7a4       0xf4 contiki-srf06-cc26xx.a(uip-ds6.o)
                0x000000000000e7a4                uip_ds6_init
 .text.call_route_callback
                0x000000000000e898       0x54 contiki-srf06-cc26xx.a(uip-ds6-route.o)
 .text.uip_ds6_route_init
                0x000000000000e8ec       0x4c contiki-srf06-cc26xx.a(uip-ds6-route.o)
                0x000000000000e8ec                uip_ds6_route_init
 .text.uip_ds6_route_nexthop
                0x000000000000e938       0x1c contiki-srf06-cc26xx.a(uip-ds6-route.o)
                0x000000000000e938                uip_ds6_route_nexthop
 .text.uip_ds6_route_head
                0x000000000000e954        0xc contiki-srf06-cc26xx.a(uip-ds6-route.o)
                0x000000000000e954                uip_ds6_route_head
 .text.uip_ds6_route_next
                0x000000000000e960        0x8 contiki-srf06-cc26xx.a(uip-ds6-route.o)
                0x000000000000e960                uip_ds6_route_next
 .text.uip_ds6_route_is_nexthop
                0x000000000000e968       0x20 contiki-srf06-cc26xx.a(uip-ds6-route.o)
                0x000000000000e968                uip_ds6_route_is_nexthop
 .text.uip_ds6_route_lookup
                0x000000000000e988       0x78 contiki-srf06-cc26xx.a(uip-ds6-route.o)
                0x000000000000e988                uip_ds6_route_lookup
 .text.uip_ds6_route_rm
                0x000000000000ea00       0xac contiki-srf06-cc26xx.a(uip-ds6-route.o)
                0x000000000000ea00                uip_ds6_route_rm
 .text.rm_routelist
                0x000000000000eaac       0x38 contiki-srf06-cc26xx.a(uip-ds6-route.o)
 .text.rm_routelist_callback
                0x000000000000eae4        0x4 contiki-srf06-cc26xx.a(uip-ds6-route.o)
 .text.uip_ds6_route_add
                0x000000000000eae8      0x114 contiki-srf06-cc26xx.a(uip-ds6-route.o)
                0x000000000000eae8                uip_ds6_route_add
 .text.uip_ds6_defrt_rm
                0x000000000000ebfc       0x48 contiki-srf06-cc26xx.a(uip-ds6-route.o)
                0x000000000000ebfc                uip_ds6_defrt_rm
 .text.uip_ds6_defrt_lookup
                0x000000000000ec44       0x38 contiki-srf06-cc26xx.a(uip-ds6-route.o)
                0x000000000000ec44                uip_ds6_defrt_lookup
 .text.uip_ds6_defrt_add
                0x000000000000ec7c       0x5c contiki-srf06-cc26xx.a(uip-ds6-route.o)
                0x000000000000ec7c                uip_ds6_defrt_add
 .text.uip_ds6_defrt_choose
                0x000000000000ecd8       0x34 contiki-srf06-cc26xx.a(uip-ds6-route.o)
                0x000000000000ecd8                uip_ds6_defrt_choose
 .text.uip_ds6_defrt_periodic
                0x000000000000ed0c       0x44 contiki-srf06-cc26xx.a(uip-ds6-route.o)
                0x000000000000ed0c                uip_ds6_defrt_periodic
 .text.uip_ds6_nbr_rm
                0x000000000000ed50       0x20 contiki-srf06-cc26xx.a(uip-ds6-nbr.o)
                0x000000000000ed50                uip_ds6_nbr_rm
 .text.uip_ds6_neighbors_init
                0x000000000000ed70       0x1c contiki-srf06-cc26xx.a(uip-ds6-nbr.o)
                0x000000000000ed70                uip_ds6_neighbors_init
 .text.uip_ds6_nbr_add
                0x000000000000ed8c       0x38 contiki-srf06-cc26xx.a(uip-ds6-nbr.o)
                0x000000000000ed8c                uip_ds6_nbr_add
 .text.uip_ds6_nbr_get_ll
                0x000000000000edc4       0x10 contiki-srf06-cc26xx.a(uip-ds6-nbr.o)
                0x000000000000edc4                uip_ds6_nbr_get_ll
 .text.uip_ds6_nbr_lookup
                0x000000000000edd4       0x3c contiki-srf06-cc26xx.a(uip-ds6-nbr.o)
                0x000000000000edd4                uip_ds6_nbr_lookup
 .text.uip_ds6_nbr_ipaddr_from_lladdr
                0x000000000000ee10       0x10 contiki-srf06-cc26xx.a(uip-ds6-nbr.o)
                0x000000000000ee10                uip_ds6_nbr_ipaddr_from_lladdr
 .text.uip_ds6_nbr_lladdr_from_ipaddr
                0x000000000000ee20       0x1c contiki-srf06-cc26xx.a(uip-ds6-nbr.o)
                0x000000000000ee20                uip_ds6_nbr_lladdr_from_ipaddr
 .text.uip_ds6_link_neighbor_callback
                0x000000000000ee3c       0x34 contiki-srf06-cc26xx.a(uip-ds6-nbr.o)
                0x000000000000ee3c                uip_ds6_link_neighbor_callback
 .text.uip_debug_ipaddr_print
                0x000000000000ee70       0xbc contiki-srf06-cc26xx.a(uip-debug.o)
                0x000000000000ee70                uip_debug_ipaddr_print
 .text.update_nbr
                0x000000000000ef2c      0x10c contiki-srf06-cc26xx.a(rpl-nbr-policy.)
 .text.handle_periodic_timer
                0x000000000000f038       0x14 contiki-srf06-cc26xx.a(rpl-nbr-policy.)
 .text.find_removable_dio
                0x000000000000f04c       0x3c contiki-srf06-cc26xx.a(rpl-nbr-policy.)
                0x000000000000f04c                find_removable_dio
 .text.rpl_nbr_policy_find_removable
                0x000000000000f088       0x64 contiki-srf06-cc26xx.a(rpl-nbr-policy.)
                0x000000000000f088                rpl_nbr_policy_find_removable
 .text.mac_sequence_is_duplicate
                0x000000000000f0ec       0x4c contiki-srf06-cc26xx.a(mac-sequence.o)
                0x000000000000f0ec                mac_sequence_is_duplicate
 .text.mac_sequence_register_seqno
                0x000000000000f138       0x60 contiki-srf06-cc26xx.a(mac-sequence.o)
                0x000000000000f138                mac_sequence_register_seqno
 .text.stimer_set
                0x000000000000f198       0x10 contiki-srf06-cc26xx.a(stimer.o)
                0x000000000000f198                stimer_set
 .text.stimer_expired
                0x000000000000f1a8       0x20 contiki-srf06-cc26xx.a(stimer.o)
                0x000000000000f1a8                stimer_expired
 .text          0x000000000000f1c8       0x10 /usr/lib/gcc/arm-none-eabi/6.3.1/../../../arm-none-eabi/lib/thumb/v7-m/libm.a(lib_a-w_exp2.o)
                0x000000000000f1c8                exp2
 .text          0x000000000000f1d8      0x340 /usr/lib/gcc/arm-none-eabi/6.3.1/../../../arm-none-eabi/lib/thumb/v7-m/libm.a(lib_a-w_pow.o)
                0x000000000000f1d8                pow
 .text          0x000000000000f518      0x178 /usr/lib/gcc/arm-none-eabi/6.3.1/../../../arm-none-eabi/lib/thumb/v7-m/libm.a(lib_a-e_sqrt.o)
                0x000000000000f518                __ieee754_sqrt
 .text          0x000000000000f690        0x8 /usr/lib/gcc/arm-none-eabi/6.3.1/../../../arm-none-eabi/lib/thumb/v7-m/libm.a(lib_a-s_fabs.o)
                0x000000000000f690                fabs
 .text          0x000000000000f698        0xc /usr/lib/gcc/arm-none-eabi/6.3.1/../../../arm-none-eabi/lib/thumb/v7-m/libm.a(lib_a-s_finite.o)
                0x000000000000f698                finite
 .text          0x000000000000f6a4        0x4 /usr/lib/gcc/arm-none-eabi/6.3.1/../../../arm-none-eabi/lib/thumb/v7-m/libm.a(lib_a-s_matherr.o)
                0x000000000000f6a4                matherr
 .text          0x000000000000f6a8        0xc /usr/lib/gcc/arm-none-eabi/6.3.1/../../../arm-none-eabi/lib/thumb/v7-m/libm.a(lib_a-s_nan.o)
                0x000000000000f6a8                nan
 .text          0x000000000000f6b4      0x11c /usr/lib/gcc/arm-none-eabi/6.3.1/../../../arm-none-eabi/lib/thumb/v7-m/libm.a(lib_a-s_rint.o)
                0x000000000000f6b4                rint
 .text          0x000000000000f7d0       0x10 /usr/lib/gcc/arm-none-eabi/6.3.1/../../../arm-none-eabi/lib/thumb/v7-m/libm.a(lib_a-s_copysign.o)
                0x000000000000f7d0                copysign
 .text          0x000000000000f7e0      0x370 /usr/lib/gcc/arm-none-eabi/6.3.1/thumb/v7-m/libgcc.a(_arm_addsubdf3.o)
                0x000000000000f7e0                __aeabi_drsub
                0x000000000000f7e8                __aeabi_dsub
                0x000000000000f7e8                __subdf3
                0x000000000000f7ec                __adddf3
                0x000000000000f7ec                __aeabi_dadd
                0x000000000000fa64                __aeabi_ui2d
                0x000000000000fa64                __floatunsidf
                0x000000000000fa84                __floatsidf
                0x000000000000fa84                __aeabi_i2d
                0x000000000000faa8                __extendsfdf2
                0x000000000000faa8                __aeabi_f2d
                0x000000000000fae4                __aeabi_ul2d
                0x000000000000fae4                __floatundidf
                0x000000000000faf4                __floatdidf
                0x000000000000faf4                __aeabi_l2d
 .text          0x000000000000fb50      0x424 /usr/lib/gcc/arm-none-eabi/6.3.1/thumb/v7-m/libgcc.a(_arm_muldivdf3.o)
                0x000000000000fb50                __aeabi_dmul
                0x000000000000fb50                __muldf3
                0x000000000000fda4                __aeabi_ddiv
                0x000000000000fda4                __divdf3
 .text          0x000000000000ff74      0x110 /usr/lib/gcc/arm-none-eabi/6.3.1/thumb/v7-m/libgcc.a(_arm_cmpdf2.o)
                0x000000000000ff74                __gtdf2
                0x000000000000ff74                __gedf2
                0x000000000000ff7c                __ltdf2
                0x000000000000ff7c                __ledf2
                0x000000000000ff84                __cmpdf2
                0x000000000000ff84                __eqdf2
                0x000000000000ff84                __nedf2
                0x0000000000010000                __aeabi_cdrcmple
                0x0000000000010010                __aeabi_cdcmple
                0x0000000000010010                __aeabi_cdcmpeq
                0x0000000000010020                __aeabi_dcmpeq
                0x0000000000010034                __aeabi_dcmplt
                0x0000000000010048                __aeabi_dcmple
                0x000000000001005c                __aeabi_dcmpge
                0x0000000000010070                __aeabi_dcmpgt
 .text          0x0000000000010084       0x2c /usr/lib/gcc/arm-none-eabi/6.3.1/thumb/v7-m/libgcc.a(_arm_unorddf2.o)
                0x0000000000010084                __aeabi_dcmpun
                0x0000000000010084                __unorddf2
 .text          0x00000000000100b0       0xa0 /usr/lib/gcc/arm-none-eabi/6.3.1/thumb/v7-m/libgcc.a(_arm_truncdfsf2.o)
                0x00000000000100b0                __aeabi_d2f
                0x00000000000100b0                __truncdfsf2
 .text          0x0000000000010150      0x21c /usr/lib/gcc/arm-none-eabi/6.3.1/thumb/v7-m/libgcc.a(_arm_addsubsf3.o)
                0x0000000000010150                __aeabi_frsub
                0x0000000000010158                __subsf3
                0x0000000000010158                __aeabi_fsub
                0x000000000001015c                __aeabi_fadd
                0x000000000001015c                __addsf3
                0x00000000000102bc                __aeabi_ui2f
                0x00000000000102bc                __floatunsisf
                0x00000000000102c4                __aeabi_i2f
                0x00000000000102c4                __floatsisf
                0x00000000000102e0                __floatundisf
                0x00000000000102e0                __aeabi_ul2f
                0x00000000000102f0                __floatdisf
                0x00000000000102f0                __aeabi_l2f
 .text          0x000000000001036c      0x2a0 /usr/lib/gcc/arm-none-eabi/6.3.1/thumb/v7-m/libgcc.a(_arm_muldivsf3.o)
                0x000000000001036c                __mulsf3
                0x000000000001036c                __aeabi_fmul
                0x00000000000104d4                __divsf3
                0x00000000000104d4                __aeabi_fdiv
 .text          0x000000000001060c       0x4c /usr/lib/gcc/arm-none-eabi/6.3.1/thumb/v7-m/libgcc.a(_arm_fixsfsi.o)
                0x000000000001060c                __fixsfsi
                0x000000000001060c                __aeabi_f2iz
 .text          0x0000000000010658       0x30 /usr/lib/gcc/arm-none-eabi/6.3.1/thumb/v7-m/libgcc.a(_aeabi_uldivmod.o)
                0x0000000000010658                __aeabi_uldivmod
 .text          0x0000000000010688      0x2dc /usr/lib/gcc/arm-none-eabi/6.3.1/thumb/v7-m/libgcc.a(_udivmoddi4.o)
                0x0000000000010688                __udivmoddi4
 .text          0x0000000000010964        0x4 /usr/lib/gcc/arm-none-eabi/6.3.1/thumb/v7-m/libgcc.a(_dvmd_tls.o)
                0x0000000000010964                __aeabi_ldiv0
                0x0000000000010964                __aeabi_idiv0
 .text          0x0000000000010968        0xc /usr/lib/gcc/arm-none-eabi/6.3.1/../../../arm-none-eabi/lib/thumb/v7-m/libc.a(lib_a-errno.o)
                0x0000000000010968                __errno
 .text          0x0000000000010974       0x60 /usr/lib/gcc/arm-none-eabi/6.3.1/../../../arm-none-eabi/lib/thumb/v7-m/libc.a(lib_a-memcmp.o)
                0x0000000000010974                memcmp
 .text          0x00000000000109d4       0xec /usr/lib/gcc/arm-none-eabi/6.3.1/../../../arm-none-eabi/lib/thumb/v7-m/libc.a(lib_a-memcpy.o)
                0x00000000000109d4                memcpy
 .text          0x0000000000010ac0       0xc8 /usr/lib/gcc/arm-none-eabi/6.3.1/../../../arm-none-eabi/lib/thumb/v7-m/libc.a(lib_a-memmove.o)
                0x0000000000010ac0                memmove
 .text          0x0000000000010b88       0x9c /usr/lib/gcc/arm-none-eabi/6.3.1/../../../arm-none-eabi/lib/thumb/v7-m/libc.a(lib_a-memset.o)
                0x0000000000010b88                memset
 .text          0x0000000000010c24       0x5c /usr/lib/gcc/arm-none-eabi/6.3.1/../../../arm-none-eabi/lib/thumb/v7-m/libc.a(lib_a-strlen-stub.o)
                0x0000000000010c24                strlen
 *(SORT(.rodata*))
 .rodata        0x0000000000010c80       0x10 /usr/lib/gcc/arm-none-eabi/6.3.1/../../../arm-none-eabi/lib/thumb/v7-m/libm.a(lib_a-s_rint.o)
 .rodata.autostart_processes
                0x0000000000010c90        0x8 rtimer-IMUSensor.co
                0x0000000000010c90                autostart_processes
 .rodata.do_rtimer_timeout.str1.4
                0x0000000000010c98       0x50 rtimer-IMUSensor.co
 .rodata.print_mpu_reading.str1.4
                0x0000000000010ce8        0x8 rtimer-IMUSensor.co
 .rodata.process_thread_process_rtimer.str1.4
                0x0000000000010cf0       0x49 rtimer-IMUSensor.co
 *fill*         0x0000000000010d39        0x3 00000000
 .rodata.str1.4
                0x0000000000010d3c        0x7 rtimer-IMUSensor.co
 *fill*         0x0000000000010d43        0x1 00000000
 .rodata.main.str1.4
                0x0000000000010d44       0xf2 contiki-srf06-cc26xx.a(contiki-main.o)
 *fill*         0x0000000000010e36        0x2 00000000
 .rodata.str1.4
                0x0000000000010e38        0x8 contiki-srf06-cc26xx.a(sensors.o)
 .rodata.bmp_280_sensor
                0x0000000000010e40       0x10 contiki-srf06-cc26xx.a(bmp-280-sensor.)
                0x0000000000010e40                bmp_280_sensor
 .rodata.str1.4
                0x0000000000010e50        0x7 contiki-srf06-cc26xx.a(bmp-280-sensor.)
 *fill*         0x0000000000010e57        0x1 00000000
 .rodata.str1.4
                0x0000000000010e58        0x7 contiki-srf06-cc26xx.a(tmp-007-sensor.)
 *fill*         0x0000000000010e5f        0x1 00000000
 .rodata.tmp_007_sensor
                0x0000000000010e60       0x10 contiki-srf06-cc26xx.a(tmp-007-sensor.)
                0x0000000000010e60                tmp_007_sensor
 .rodata.opt_3001_sensor
                0x0000000000010e70       0x10 contiki-srf06-cc26xx.a(opt-3001-sensor)
                0x0000000000010e70                opt_3001_sensor
 .rodata.str1.4
                0x0000000000010e80        0x8 contiki-srf06-cc26xx.a(opt-3001-sensor)
 .rodata.hdc_1000_sensor
                0x0000000000010e88       0x10 contiki-srf06-cc26xx.a(hdc-1000-sensor)
                0x0000000000010e88                hdc_1000_sensor
 .rodata.str1.4
                0x0000000000010e98        0x8 contiki-srf06-cc26xx.a(hdc-1000-sensor)
 .rodata.mpu_9250_sensor
                0x0000000000010ea0       0x10 contiki-srf06-cc26xx.a(mpu-9250-sensor)
                0x0000000000010ea0                mpu_9250_sensor
 .rodata.str1.4
                0x0000000000010eb0        0x8 contiki-srf06-cc26xx.a(mpu-9250-sensor)
 .rodata.button_left_sensor
                0x0000000000010eb8       0x10 contiki-srf06-cc26xx.a(button-sensor.o)
                0x0000000000010eb8                button_left_sensor
 .rodata.button_right_sensor
                0x0000000000010ec8       0x10 contiki-srf06-cc26xx.a(button-sensor.o)
                0x0000000000010ec8                button_right_sensor
 .rodata.str1.4
                0x0000000000010ed8        0x7 contiki-srf06-cc26xx.a(button-sensor.o)
 *fill*         0x0000000000010edf        0x1 00000000
 .rodata.reed_relay_sensor
                0x0000000000010ee0       0x10 contiki-srf06-cc26xx.a(reed-relay.o)
                0x0000000000010ee0                reed_relay_sensor
 .rodata.str1.4