Archive member included to satisfy reference by file (symbol)

contiki-srf06-cc26xx.a(contiki-main.o)
                              obj_srf06-cc26xx/startup_gcc.o (main)
contiki-srf06-cc26xx.a(sensors.o)
                              contiki-srf06-cc26xx.a(contiki-main.o) (sensors_process)
contiki-srf06-cc26xx.a(leds.o)
                              contiki-srf06-cc26xx.a(contiki-main.o) (leds_init)
contiki-srf06-cc26xx.a(leds-arch.o)
                              contiki-srf06-cc26xx.a(leds.o) (leds_arch_init)
contiki-srf06-cc26xx.a(sensortag-senso)
                              contiki-srf06-cc26xx.a(sensors.o) (sensors_flags)
contiki-srf06-cc26xx.a(bmp-280-sensor.)
                              contiki-srf06-cc26xx.a(sensortag-senso) (bmp_280_sensor)
contiki-srf06-cc26xx.a(tmp-007-sensor.)
                              contiki-srf06-cc26xx.a(sensortag-senso) (tmp_007_sensor)
contiki-srf06-cc26xx.a(opt-3001-sensor)
                              rtimer-lightSensor.co (opt_3001_sensor)
contiki-srf06-cc26xx.a(hdc-1000-sensor)
                              contiki-srf06-cc26xx.a(sensortag-senso) (hdc_1000_sensor)
contiki-srf06-cc26xx.a(mpu-9250-sensor)
                              contiki-srf06-cc26xx.a(sensortag-senso) (mpu_9250_sensor)
contiki-srf06-cc26xx.a(button-sensor.o)
                              contiki-srf06-cc26xx.a(sensortag-senso) (button_right_sensor)
contiki-srf06-cc26xx.a(reed-relay.o)
                              contiki-srf06-cc26xx.a(sensortag-senso) (reed_relay_sensor)
contiki-srf06-cc26xx.a(board.o)
                              contiki-srf06-cc26xx.a(contiki-main.o) (board_init)
contiki-srf06-cc26xx.a(board-i2c.o)
                              contiki-srf06-cc26xx.a(board.o) (board_i2c_wakeup)
contiki-srf06-cc26xx.a(clock.o)
                              contiki-srf06-cc26xx.a(contiki-main.o) (clock_init)
contiki-srf06-cc26xx.a(rtimer-arch.o)
                              rtimer-lightSensor.co (rtimer_arch_now)
contiki-srf06-cc26xx.a(soc-rtc.o)
                              contiki-srf06-cc26xx.a(contiki-main.o) (soc_rtc_init)
contiki-srf06-cc26xx.a(contiki-watchdo)
                              contiki-srf06-cc26xx.a(contiki-main.o) (watchdog_init)
contiki-srf06-cc26xx.a(putchar.o)
                              contiki-srf06-cc26xx.a(contiki-main.o) (putchar)
contiki-srf06-cc26xx.a(ieee-addr.o)
                              contiki-srf06-cc26xx.a(contiki-main.o) (ieee_addr_cpy_to)
contiki-srf06-cc26xx.a(cc26xx-uart.o)
                              contiki-srf06-cc26xx.a(contiki-main.o) (cc26xx_uart_init)
contiki-srf06-cc26xx.a(lpm.o)
                              contiki-srf06-cc26xx.a(button-sensor.o) (lpm_shutdown)
contiki-srf06-cc26xx.a(gpio-interrupt.)
                              contiki-srf06-cc26xx.a(button-sensor.o) (gpio_interrupt_register_handler)
contiki-srf06-cc26xx.a(oscillators.o)
                              contiki-srf06-cc26xx.a(contiki-main.o) (oscillators_select_lf_xosc)
contiki-srf06-cc26xx.a(ieee-mode.o)
                              contiki-srf06-cc26xx.a(contiki-main.o) (ieee_mode_driver)
contiki-srf06-cc26xx.a(random.o)
                              contiki-srf06-cc26xx.a(contiki-main.o) (random_init)
contiki-srf06-cc26xx.a(soc-trng.o)
                              contiki-srf06-cc26xx.a(random.o) (soc_trng_rand_synchronous)
contiki-srf06-cc26xx.a(dbg-printf.o)
                              rtimer-lightSensor.co (printf)
contiki-srf06-cc26xx.a(strformat.o)
                              contiki-srf06-cc26xx.a(dbg-printf.o) (format_str_v)
contiki-srf06-cc26xx.a(autostart.o)
                              contiki-srf06-cc26xx.a(contiki-main.o) (autostart_start)
contiki-srf06-cc26xx.a(energest.o)
                              contiki-srf06-cc26xx.a(contiki-main.o) (energest_init)
contiki-srf06-cc26xx.a(ctimer.o)
                              contiki-srf06-cc26xx.a(contiki-main.o) (ctimer_init)
contiki-srf06-cc26xx.a(etimer.o)
                              contiki-srf06-cc26xx.a(clock.o) (etimer_request_poll)
contiki-srf06-cc26xx.a(process.o)
                              contiki-srf06-cc26xx.a(sensors.o) (process_alloc_event)
contiki-srf06-cc26xx.a(rtimer.o)
                              contiki-srf06-cc26xx.a(contiki-main.o) (rtimer_init)
contiki-srf06-cc26xx.a(timer.o)
                              contiki-srf06-cc26xx.a(button-sensor.o) (timer_set)
contiki-srf06-cc26xx.a(serial-line.o)
                              contiki-srf06-cc26xx.a(contiki-main.o) (serial_line_init)
contiki-srf06-cc26xx.a(list.o)
                              contiki-srf06-cc26xx.a(lpm.o) (list_init)
contiki-srf06-cc26xx.a(ringbuf.o)
                              contiki-srf06-cc26xx.a(serial-line.o) (ringbuf_init)
contiki-srf06-cc26xx.a(uip6.o)
                              contiki-srf06-cc26xx.a(contiki-main.o) (uip_lladdr)
contiki-srf06-cc26xx.a(uip-nd6.o)
                              contiki-srf06-cc26xx.a(uip6.o) (uip_nd6_init)
contiki-srf06-cc26xx.a(sicslowpan.o)
[...]
Memory Configuration

Name             Origin             Length             Attributes
FLASH            0x0000000000000000 0x000000000001ffa8 xr
FLASH_CCFG       0x000000000001ffa8 0x0000000000000058 xr
SRAM             0x0000000020000000 0x0000000000005000 xrw
GPRAM            0x0000000011000000 0x0000000000002000 xrw
*default*        0x0000000000000000 0xffffffffffffffff

Linker script and memory map

LOAD obj_srf06-cc26xx/fault-handlers.o
LOAD obj_srf06-cc26xx/ccfg.o
LOAD obj_srf06-cc26xx/startup_gcc.o
LOAD rtimer-lightSensor.co
LOAD contiki-srf06-cc26xx.a
LOAD /usr/lib/gcc/arm-none-eabi/6.3.1/../../../arm-none-eabi/lib/thumb/v7-m/libm.a
START GROUP
LOAD /usr/lib/gcc/arm-none-eabi/6.3.1/thumb/v7-m/libgcc.a
LOAD /usr/lib/gcc/arm-none-eabi/6.3.1/../../../arm-none-eabi/lib/thumb/v7-m/libc.a
END GROUP
                0x0000000020005000                _estack = (ORIGIN (SRAM) + LENGTH (SRAM))
                0x0000000000000000                _Min_Heap_Size = 0x0
                0x0000000000000100                _Min_Stack_Size = 0x100

.text           0x0000000000000000    0x1115c
                0x0000000000000000                _text = .
 *(SORT(.vectors))
 .vectors       0x0000000000000000       0xc8 obj_srf06-cc26xx/startup_gcc.o
                0x0000000000000000                g_pfnVectors
 *(SORT(.text*))
 .text.value    0x00000000000000c8       0xb0 contiki-srf06-cc26xx.a(opt-3001-sensor)
 .text.value    0x0000000000000178       0x9c contiki-srf06-cc26xx.a(hdc-1000-sensor)
 *fill*         0x0000000000000214        0x4 00000000
 .text.value    0x0000000000000218      0x1a4 contiki-srf06-cc26xx.a(mpu-9250-sensor)
 *fill*         0x00000000000003bc        0x4 00000000
 .text          0x00000000000003c0      0xaac /usr/lib/gcc/arm-none-eabi/6.3.1/../../../arm-none-eabi/lib/thumb/v7-m/libm.a(lib_a-e_pow.o)
                0x00000000000003c0                __ieee754_pow
 *fill*         0x0000000000000e6c        0x4 00000000
 .text          0x0000000000000e70       0xe4 /usr/lib/gcc/arm-none-eabi/6.3.1/../../../arm-none-eabi/lib/thumb/v7-m/libm.a(lib_a-s_scalbn.o)
                0x0000000000000e70                scalbn
 .text.FaultISR
                0x0000000000000f54       0x18 obj_srf06-cc26xx/fault-handlers.o
                0x0000000000000f54                FaultISR
 .text.NmiSRHandler
                0x0000000000000f6c        0x4 obj_srf06-cc26xx/startup_gcc.o
                0x0000000000000f6c                NmiSR
 .text.IntDefaultHandler
                0x0000000000000f70        0x4 obj_srf06-cc26xx/startup_gcc.o
                0x0000000000000f70                SSI0IntHandler
                0x0000000000000f70                SWEvent0IntHandler
                0x0000000000000f70                uDMAIntHandler
                0x0000000000000f70                WatchdogIntHandler
                0x0000000000000f70                RFCHardwareIntHandler
                0x0000000000000f70                Timer1BIntHandler
                0x0000000000000f70                I2SIntHandler
                0x0000000000000f70                Timer2BIntHandler
                0x0000000000000f70                Timer2AIntHandler
                0x0000000000000f70                Timer1AIntHandler
                0x0000000000000f70                AONIntHandler
                0x0000000000000f70                AUXSWEvent0IntHandler
                0x0000000000000f70                AUXADCIntHandler
                0x0000000000000f70                PendSVIntHandler
                0x0000000000000f70                AUXSWEvent1IntHandler
                0x0000000000000f70                SVCallIntHandler
                0x0000000000000f70                MPUFaultIntHandler
                0x0000000000000f70                SysTickIntHandler
                0x0000000000000f70                BusFaultIntHandler
                0x0000000000000f70                AONProgIntHandler
                0x0000000000000f70                AUXCompAIntHandler
                0x0000000000000f70                SSI1IntHandler
                0x0000000000000f70                FlashIntHandler
                0x0000000000000f70                uDMAErrIntHandler
                0x0000000000000f70                UsageFaultIntHandler
                0x0000000000000f70                RFCCmdAckIntHandler
                0x0000000000000f70                CryptoIntHandler
                0x0000000000000f70                Timer0AIntHandler
                0x0000000000000f70                I2CIntHandler
                0x0000000000000f70                DebugMonIntHandler
                0x0000000000000f70                Timer0BIntHandler
                0x0000000000000f70                AUXCombEventIntHandler
                0x0000000000000f70                Timer3AIntHandler
                0x0000000000000f70                DynProgIntHandler
                0x0000000000000f70                Timer3BIntHandler
 .text.ResetISR
                0x0000000000000f74       0x58 obj_srf06-cc26xx/startup_gcc.o
                0x0000000000000f74                ResetISR
 .text.process_thread_process_rtimer
                0x0000000000000fcc       0x68 rtimer-lightSensor.co
 .text.do_rtimer_timeout
                0x0000000000001034      0x104 rtimer-lightSensor.co
                0x0000000000001034                do_rtimer_timeout
 .text.fade     0x0000000000001138       0x64 contiki-srf06-cc26xx.a(contiki-main.o)
 .text.startup.main
                0x000000000000119c      0x24c contiki-srf06-cc26xx.a(contiki-main.o)
                0x000000000000119c                main
 .text.process_thread_sensors_process
                0x00000000000013e8       0xf8 contiki-srf06-cc26xx.a(sensors.o)
 .text.sensors_changed
                0x00000000000014e0       0x4c contiki-srf06-cc26xx.a(sensors.o)
                0x00000000000014e0                sensors_changed
 .text.leds_init
                0x000000000000152c       0x14 contiki-srf06-cc26xx.a(leds.o)
                0x000000000000152c                leds_init
 .text.leds_on  0x0000000000001540       0x14 contiki-srf06-cc26xx.a(leds.o)
                0x0000000000001540                leds_on
 .text.leds_off
                0x0000000000001554       0x14 contiki-srf06-cc26xx.a(leds.o)
                0x0000000000001554                leds_off
 .text.leds_arch_init
                0x0000000000001568       0x38 contiki-srf06-cc26xx.a(leds-arch.o)
                0x0000000000001568                leds_arch_init
 .text.leds_arch_set
                0x00000000000015a0       0x34 contiki-srf06-cc26xx.a(leds-arch.o)
                0x00000000000015a0                leds_arch_set
 .text.status   0x00000000000015d4       0x14 contiki-srf06-cc26xx.a(bmp-280-sensor.)
 .text.notify_ready
                0x00000000000015e8       0x14 contiki-srf06-cc26xx.a(bmp-280-sensor.)
 .text.enable_sensor
                0x00000000000015fc       0x2c contiki-srf06-cc26xx.a(bmp-280-sensor.)
 .text.configure
                0x0000000000001628       0x94 contiki-srf06-cc26xx.a(bmp-280-sensor.)
 .text.value    0x00000000000016bc      0x164 contiki-srf06-cc26xx.a(bmp-280-sensor.)
 .text.status   0x0000000000001820       0x14 contiki-srf06-cc26xx.a(tmp-007-sensor.)
 .text.notify_ready
                0x0000000000001834       0x14 contiki-srf06-cc26xx.a(tmp-007-sensor.)
 .text.enable_sensor
                0x0000000000001848       0x2c contiki-srf06-cc26xx.a(tmp-007-sensor.)
 .text.configure
                0x0000000000001874       0x98 contiki-srf06-cc26xx.a(tmp-007-sensor.)
 .text.value    0x000000000000190c       0xec contiki-srf06-cc26xx.a(tmp-007-sensor.)
 .text.status   0x00000000000019f8        0xc contiki-srf06-cc26xx.a(opt-3001-sensor)
 .text.enable_sensor
                0x0000000000001a04       0x44 contiki-srf06-cc26xx.a(opt-3001-sensor)
 .text.notify_ready
                0x0000000000001a48       0x54 contiki-srf06-cc26xx.a(opt-3001-sensor)
 .text.configure
                0x0000000000001a9c       0x4c contiki-srf06-cc26xx.a(opt-3001-sensor)
 .text.status   0x0000000000001ae8       0x14 contiki-srf06-cc26xx.a(hdc-1000-sensor)
 .text.notify_ready
                0x0000000000001afc       0x68 contiki-srf06-cc26xx.a(hdc-1000-sensor)
 .text.configure
                0x0000000000001b64       0xbc contiki-srf06-cc26xx.a(hdc-1000-sensor)
 .text.acc_convert
                0x0000000000001c20       0x70 contiki-srf06-cc26xx.a(mpu-9250-sensor)
 .text.status   0x0000000000001c90       0x14 contiki-srf06-cc26xx.a(mpu-9250-sensor)
 .text.notify_ready
                0x0000000000001ca4       0x14 contiki-srf06-cc26xx.a(mpu-9250-sensor)
 .text.sensor_sleep
                0x0000000000001cb8       0x38 contiki-srf06-cc26xx.a(mpu-9250-sensor)
 .text.configure
                0x0000000000001cf0       0xdc contiki-srf06-cc26xx.a(mpu-9250-sensor)
 .text.int_status
                0x0000000000001dcc       0x28 contiki-srf06-cc26xx.a(mpu-9250-sensor)
 .text.initialise
                0x0000000000001df4      0x100 contiki-srf06-cc26xx.a(mpu-9250-sensor)
 .text.status.part.0
                0x0000000000001ef4       0x14 contiki-srf06-cc26xx.a(button-sensor.o)
 .text.value_left
                0x0000000000001f08       0x24 contiki-srf06-cc26xx.a(button-sensor.o)
 .text.value_right
                0x0000000000001f2c       0x18 contiki-srf06-cc26xx.a(button-sensor.o)
 .text.status_left
                0x0000000000001f44       0x10 contiki-srf06-cc26xx.a(button-sensor.o)
 .text.status_right
                0x0000000000001f54       0x10 contiki-srf06-cc26xx.a(button-sensor.o)
 .text.config_buttons
                0x0000000000001f64       0x84 contiki-srf06-cc26xx.a(button-sensor.o)
 .text.config_left
                0x0000000000001fe8        0xc contiki-srf06-cc26xx.a(button-sensor.o)
 .text.config_right
                0x0000000000001ff4        0xc contiki-srf06-cc26xx.a(button-sensor.o)
 .text.button_press_handler
                0x0000000000002000       0x64 contiki-srf06-cc26xx.a(button-sensor.o)
 .text.value    0x0000000000002064       0x10 contiki-srf06-cc26xx.a(reed-relay.o)
 .text.status   0x0000000000002074       0x20 contiki-srf06-cc26xx.a(reed-relay.o)
 .text.configure
                0x0000000000002094       0x6c contiki-srf06-cc26xx.a(reed-relay.o)
 .text.reed_interrupt_handler
                0x0000000000002100       0x28 contiki-srf06-cc26xx.a(reed-relay.o)
 .text.power_domains_on
                0x0000000000002128       0x20 contiki-srf06-cc26xx.a(board.o)
 .text.lpm_wakeup_handler
                0x0000000000002148        0x4 contiki-srf06-cc26xx.a(board.o)
 .text.shutdown_handler
                0x000000000000214c       0x68 contiki-srf06-cc26xx.a(board.o)
 .text.board_init
                0x00000000000021b4      0x110 contiki-srf06-cc26xx.a(board.o)
                0x00000000000021b4                board_init
 .text.i2c_status
                0x00000000000022c4       0x34 contiki-srf06-cc26xx.a(board-i2c.o)
 .text.accessible
                0x00000000000022f8       0x24 contiki-srf06-cc26xx.a(board-i2c.o)
 .text.board_i2c_wakeup
                0x000000000000231c       0x5c contiki-srf06-cc26xx.a(board-i2c.o)
                0x000000000000231c                board_i2c_wakeup
 .text.board_i2c_shutdown
                0x0000000000002378       0xa4 contiki-srf06-cc26xx.a(board-i2c.o)
                0x0000000000002378                board_i2c_shutdown
 .text.board_i2c_write
                0x000000000000241c      0x134 contiki-srf06-cc26xx.a(board-i2c.o)
                0x000000000000241c                board_i2c_write
 .text.board_i2c_write_single
                0x0000000000002550       0x70 contiki-srf06-cc26xx.a(board-i2c.o)
                0x0000000000002550                board_i2c_write_single
 .text.board_i2c_read
                0x00000000000025c0      0x100 contiki-srf06-cc26xx.a(board-i2c.o)
                0x00000000000025c0                board_i2c_read
 .text.board_i2c_write_read
                0x00000000000026c0      0x1ac contiki-srf06-cc26xx.a(board-i2c.o)
                0x00000000000026c0                board_i2c_write_read
 .text.board_i2c_select
                0x000000000000286c       0xdc contiki-srf06-cc26xx.a(board-i2c.o)
                0x000000000000286c                board_i2c_select
 .text.power_domain_on
                0x0000000000002948       0x20 contiki-srf06-cc26xx.a(clock.o)
 .text.clock_init
                0x0000000000002968       0x98 contiki-srf06-cc26xx.a(clock.o)
                0x0000000000002968                clock_init
 .text.clock_time
                0x0000000000002a00       0x34 contiki-srf06-cc26xx.a(clock.o)
                0x0000000000002a00                clock_time
 .text.clock_update
                0x0000000000002a34       0x3c contiki-srf06-cc26xx.a(clock.o)
                0x0000000000002a34                clock_update
 .text.clock_seconds
                0x0000000000002a70       0x18 contiki-srf06-cc26xx.a(clock.o)
                0x0000000000002a70                clock_seconds
 .text.rtimer_arch_init
                0x0000000000002a88        0x4 contiki-srf06-cc26xx.a(rtimer-arch.o)
                0x0000000000002a88                rtimer_arch_init
 .text.rtimer_arch_schedule
                0x0000000000002a8c        0x8 contiki-srf06-cc26xx.a(rtimer-arch.o)
                0x0000000000002a8c                rtimer_arch_schedule
 .text.rtimer_arch_now
                0x0000000000002a94        0x4 contiki-srf06-cc26xx.a(rtimer-arch.o)
                0x0000000000002a94                rtimer_arch_now
 .text.soc_rtc_init
                0x0000000000002a98       0xa0 contiki-srf06-cc26xx.a(soc-rtc.o)
                0x0000000000002a98                soc_rtc_init
 .text.soc_rtc_schedule_one_shot
                0x0000000000002b38       0x6c contiki-srf06-cc26xx.a(soc-rtc.o)
                0x0000000000002b38                soc_rtc_schedule_one_shot
 .text.soc_rtc_last_isr_time
                0x0000000000002ba4        0xc contiki-srf06-cc26xx.a(soc-rtc.o)
                0x0000000000002ba4                soc_rtc_last_isr_time
 .text.AONRTCIntHandler
                0x0000000000002bb0       0x88 contiki-srf06-cc26xx.a(soc-rtc.o)
                0x0000000000002bb0                AONRTCIntHandler
 .text.watchdog_init
                0x0000000000002c38       0x1c contiki-srf06-cc26xx.a(contiki-watchdo)
                0x0000000000002c38                watchdog_init
 .text.watchdog_start
                0x0000000000002c54       0x68 contiki-srf06-cc26xx.a(contiki-watchdo)
                0x0000000000002c54                watchdog_start
 .text.watchdog_periodic
                0x0000000000002cbc       0x1c contiki-srf06-cc26xx.a(contiki-watchdo)
                0x0000000000002cbc                watchdog_periodic
 .text.putchar  0x0000000000002cd8       0x10 contiki-srf06-cc26xx.a(putchar.o)
                0x0000000000002cd8                putchar
 .text.puts     0x0000000000002ce8       0x30 contiki-srf06-cc26xx.a(putchar.o)
                0x0000000000002ce8                puts
 .text.dbg_send_bytes
                0x0000000000002d18       0x40 contiki-srf06-cc26xx.a(putchar.o)
                0x0000000000002d18                dbg_send_bytes
 .text.ieee_addr_cpy_to
                0x0000000000002d58       0x40 contiki-srf06-cc26xx.a(ieee-addr.o)
                0x0000000000002d58                ieee_addr_cpy_to
 .text.power_and_clock
                0x0000000000002d98       0x40 contiki-srf06-cc26xx.a(cc26xx-uart.o)
 .text.enable   0x0000000000002dd8       0xf0 contiki-srf06-cc26xx.a(cc26xx-uart.o)
 .text.accessible
                0x0000000000002ec8       0x24 contiki-srf06-cc26xx.a(cc26xx-uart.o)
 .text.lpm_drop_handler
                0x0000000000002eec       0xcc contiki-srf06-cc26xx.a(cc26xx-uart.o)
 .text.cc26xx_uart_init
                0x0000000000002fb8       0x28 contiki-srf06-cc26xx.a(cc26xx-uart.o)
                0x0000000000002fb8                cc26xx_uart_init
 .text.cc26xx_uart_write_byte
                0x0000000000002fe0       0x28 contiki-srf06-cc26xx.a(cc26xx-uart.o)
                0x0000000000002fe0                cc26xx_uart_write_byte
 .text.cc26xx_uart_busy
                0x0000000000003008       0x18 contiki-srf06-cc26xx.a(cc26xx-uart.o)
                0x0000000000003008                cc26xx_uart_busy
 .text.UART0IntHandler
                0x0000000000003020       0x58 contiki-srf06-cc26xx.a(cc26xx-uart.o)
                0x0000000000003020                UART0IntHandler
 .text.lpm_shutdown
                0x0000000000003078      0x198 contiki-srf06-cc26xx.a(lpm.o)
                0x0000000000003078                lpm_shutdown
 .text.lpm_sleep
                0x0000000000003210       0x14 contiki-srf06-cc26xx.a(lpm.o)
                0x0000000000003210                lpm_sleep
 .text.lpm_drop
                0x0000000000003224      0x24c contiki-srf06-cc26xx.a(lpm.o)
                0x0000000000003224                lpm_drop
 .text.lpm_register_module
                0x0000000000003470        0xc contiki-srf06-cc26xx.a(lpm.o)
                0x0000000000003470                lpm_register_module
 .text.lpm_unregister_module
                0x000000000000347c        0xc contiki-srf06-cc26xx.a(lpm.o)
                0x000000000000347c                lpm_unregister_module
 .text.lpm_init
                0x0000000000003488       0x20 contiki-srf06-cc26xx.a(lpm.o)
                0x0000000000003488                lpm_init
 .text.lpm_pin_set_default_state
                0x00000000000034a8       0x2c contiki-srf06-cc26xx.a(lpm.o)
                0x00000000000034a8                lpm_pin_set_default_state
 .text.gpio_interrupt_register_handler
                0x00000000000034d4       0x2c contiki-srf06-cc26xx.a(gpio-interrupt.)
                0x00000000000034d4                gpio_interrupt_register_handler
 .text.gpio_interrupt_init
                0x0000000000003500       0x24 contiki-srf06-cc26xx.a(gpio-interrupt.)
                0x0000000000003500                gpio_interrupt_init
 .text.GPIOIntHandler
                0x0000000000003524       0x30 contiki-srf06-cc26xx.a(gpio-interrupt.)
                0x0000000000003524                GPIOIntHandler
 .text.oscillators_select_lf_xosc
                0x0000000000003554       0x50 contiki-srf06-cc26xx.a(oscillators.o)
                0x0000000000003554                oscillators_select_lf_xosc
 .text.oscillators_select_lf_rcosc
                0x00000000000035a4       0x3c contiki-srf06-cc26xx.a(oscillators.o)
                0x00000000000035a4                oscillators_select_lf_rcosc
 .text.oscillators_request_hf_xosc
                0x00000000000035e0       0x30 contiki-srf06-cc26xx.a(oscillators.o)
                0x00000000000035e0                oscillators_request_hf_xosc
 .text.oscillators_switch_to_hf_xosc
                0x0000000000003610       0x34 contiki-srf06-cc26xx.a(oscillators.o)
                0x0000000000003610                oscillators_switch_to_hf_xosc
 .text.oscillators_switch_to_hf_rc
                0x0000000000003644       0x38 contiki-srf06-cc26xx.a(oscillators.o)
                0x0000000000003644                oscillators_switch_to_hf_rc
 .text.request  0x000000000000367c       0x20 contiki-srf06-cc26xx.a(ieee-mode.o)
 .text.rx_on    0x000000000000369c       0x5c contiki-srf06-cc26xx.a(ieee-mode.o)
 .text.rf_radio_setup
                0x00000000000036f8       0x60 contiki-srf06-cc26xx.a(ieee-mode.o)
 .text.soft_on  0x0000000000003758       0x18 contiki-srf06-cc26xx.a(ieee-mode.o)
 .text.pending_packet
                0x0000000000003770       0x48 contiki-srf06-cc26xx.a(ieee-mode.o)
 .text.prepare  0x00000000000037b8       0x1c contiki-srf06-cc26xx.a(ieee-mode.o)
 .text.soft_off
                0x00000000000037d4       0x44 contiki-srf06-cc26xx.a(ieee-mode.o)
 .text.get_object
                0x0000000000003818       0x48 contiki-srf06-cc26xx.a(ieee-mode.o)
 .text.transmitting.part.1
                0x0000000000003860       0x40 contiki-srf06-cc26xx.a(ieee-mode.o)
 .text.rx_off   0x00000000000038a0       0x74 contiki-srf06-cc26xx.a(ieee-mode.o)
 .text.set_object
                0x0000000000003914       0x60 contiki-srf06-cc26xx.a(ieee-mode.o)
 .text.get_cca_info
                0x0000000000003974       0x50 contiki-srf06-cc26xx.a(ieee-mode.o)
 .text.check_rat_overflow
                0x00000000000039c4       0x7c contiki-srf06-cc26xx.a(ieee-mode.o)
 .text.receiving_packet
                0x0000000000003a40       0x3c contiki-srf06-cc26xx.a(ieee-mode.o)
 .text.off.part.7
                0x0000000000003a7c       0x6c contiki-srf06-cc26xx.a(ieee-mode.o)
 .text.off      0x0000000000003ae8       0x14 contiki-srf06-cc26xx.a(ieee-mode.o)
 .text.on       0x0000000000003afc       0xa8 contiki-srf06-cc26xx.a(ieee-mode.o)
 .text.set_value
                0x0000000000003ba4      0x17c contiki-srf06-cc26xx.a(ieee-mode.o)
 .text.get_value
                0x0000000000003d20      0x190 contiki-srf06-cc26xx.a(ieee-mode.o)
 .text.transmit
                0x0000000000003eb0      0x104 contiki-srf06-cc26xx.a(ieee-mode.o)
 .text.send     0x0000000000003fb4       0x24 contiki-srf06-cc26xx.a(ieee-mode.o)
 .text.channel_clear
                0x0000000000003fd8       0x84 contiki-srf06-cc26xx.a(ieee-mode.o)
 .text.read_frame
                0x000000000000405c      0x18c contiki-srf06-cc26xx.a(ieee-mode.o)
 .text.handle_rat_overflow
                0x00000000000041e8       0x68 contiki-srf06-cc26xx.a(ieee-mode.o)
 .text.init     0x0000000000004250      0x114 contiki-srf06-cc26xx.a(ieee-mode.o)
 .text.random_rand
                0x0000000000004364        0xc contiki-srf06-cc26xx.a(random.o)
                0x0000000000004364                random_rand
 .text.random_init
                0x0000000000004370        0x4 contiki-srf06-cc26xx.a(random.o)
                0x0000000000004370                random_init
 .text.power_up
                0x0000000000004374       0x40 contiki-srf06-cc26xx.a(soc-trng.o)
 .text.request  0x00000000000043b4       0x14 contiki-srf06-cc26xx.a(soc-trng.o)
 .text.process_thread_soc_trng_process
                0x00000000000043c8       0x94 contiki-srf06-cc26xx.a(soc-trng.o)
 .text.accessible
                0x000000000000445c       0x24 contiki-srf06-cc26xx.a(soc-trng.o)
 .text.soc_trng_rand_synchronous
                0x0000000000004480       0xc4 contiki-srf06-cc26xx.a(soc-trng.o)
                0x0000000000004480                soc_trng_rand_synchronous
 .text.TRNGIntHandler
                0x0000000000004544       0x50 contiki-srf06-cc26xx.a(soc-trng.o)
                0x0000000000004544                TRNGIntHandler
 .text.soc_trng_init
                0x0000000000004594       0x28 contiki-srf06-cc26xx.a(soc-trng.o)
                0x0000000000004594                soc_trng_init
 .text.write_str
                0x00000000000045bc       0x14 contiki-srf06-cc26xx.a(dbg-printf.o)
 .text.printf   0x00000000000045d0       0x24 contiki-srf06-cc26xx.a(dbg-printf.o)
                0x00000000000045d0                printf
 .text.fill_space
                0x00000000000045f4       0x3c contiki-srf06-cc26xx.a(strformat.o)
 .text.format_str_v
                0x0000000000004630      0x8d8 contiki-srf06-cc26xx.a(strformat.o)
                0x0000000000004630                format_str_v
 .text.autostart_start
                0x0000000000004f08       0x18 contiki-srf06-cc26xx.a(autostart.o)
                0x0000000000004f08                autostart_start
 .text.energest_init
                0x0000000000004f20        0x4 contiki-srf06-cc26xx.a(energest.o)
                0x0000000000004f20                energest_init
 .text.process_thread_ctimer_process
                0x0000000000004f24       0x94 contiki-srf06-cc26xx.a(ctimer.o)
 .text.ctimer_init
                0x0000000000004fb8       0x28 contiki-srf06-cc26xx.a(ctimer.o)
                0x0000000000004fb8                ctimer_init
 .text.ctimer_set_with_process
                0x0000000000004fe0       0x4c contiki-srf06-cc26xx.a(ctimer.o)
                0x0000000000004fe0                ctimer_set_with_process
 .text.ctimer_set
                0x000000000000502c       0x18 contiki-srf06-cc26xx.a(ctimer.o)
                0x000000000000502c                ctimer_set
 .text.ctimer_reset
                0x0000000000005044       0x38 contiki-srf06-cc26xx.a(ctimer.o)
                0x0000000000005044                ctimer_reset
 .text.ctimer_restart
                0x000000000000507c       0x38 contiki-srf06-cc26xx.a(ctimer.o)
                0x000000000000507c                ctimer_restart
 .text.ctimer_stop
                0x00000000000050b4       0x34 contiki-srf06-cc26xx.a(ctimer.o)
                0x00000000000050b4                ctimer_stop
 .text.update_time
                0x00000000000050e8       0x44 contiki-srf06-cc26xx.a(etimer.o)
 .text.process_thread_etimer_process
                0x000000000000512c       0xcc contiki-srf06-cc26xx.a(etimer.o)
 .text.add_timer
                0x00000000000051f8       0x54 contiki-srf06-cc26xx.a(etimer.o)
 .text.etimer_request_poll
                0x000000000000524c        0xc contiki-srf06-cc26xx.a(etimer.o)
                0x000000000000524c                etimer_request_poll
 .text.etimer_set
                0x0000000000005258       0x14 contiki-srf06-cc26xx.a(etimer.o)
                0x0000000000005258                etimer_set
 .text.etimer_reset
                0x000000000000526c       0x14 contiki-srf06-cc26xx.a(etimer.o)
                0x000000000000526c                etimer_reset
 .text.etimer_restart
                0x0000000000005280       0x14 contiki-srf06-cc26xx.a(etimer.o)
                0x0000000000005280                etimer_restart
 .text.etimer_expired
                0x0000000000005294        0xc contiki-srf06-cc26xx.a(etimer.o)
                0x0000000000005294                etimer_expired
 .text.etimer_expiration_time
                0x00000000000052a0        0x8 contiki-srf06-cc26xx.a(etimer.o)
                0x00000000000052a0                etimer_expiration_time
 .text.etimer_pending
                0x00000000000052a8       0x10 contiki-srf06-cc26xx.a(etimer.o)
                0x00000000000052a8                etimer_pending
 .text.etimer_next_expiration_time
                0x00000000000052b8       0x14 contiki-srf06-cc26xx.a(etimer.o)
                0x00000000000052b8                etimer_next_expiration_time
 .text.etimer_stop
                0x00000000000052cc       0x44 contiki-srf06-cc26xx.a(etimer.o)
                0x00000000000052cc                etimer_stop
 .text.exit_process
                0x0000000000005310       0xa8 contiki-srf06-cc26xx.a(process.o)
 .text.call_process.part.0
                0x00000000000053b8       0x38 contiki-srf06-cc26xx.a(process.o)
 .text.do_poll  0x00000000000053f0       0x3c contiki-srf06-cc26xx.a(process.o)
 .text.process_alloc_event
                0x000000000000542c       0x10 contiki-srf06-cc26xx.a(process.o)
                0x000000000000542c                process_alloc_event
 .text.process_start
                0x000000000000543c       0x48 contiki-srf06-cc26xx.a(process.o)
                0x000000000000543c                process_start
 .text.process_init
                0x0000000000005484       0x34 contiki-srf06-cc26xx.a(process.o)
                0x0000000000005484                process_init
 .text.process_run
                0x00000000000054b8       0xa8 contiki-srf06-cc26xx.a(process.o)
                0x00000000000054b8                process_run
 .text.process_nevents
                0x0000000000005560       0x14 contiki-srf06-cc26xx.a(process.o)
                0x0000000000005560                process_nevents
 .text.process_post
                0x0000000000005574       0x40 contiki-srf06-cc26xx.a(process.o)
                0x0000000000005574                process_post
 .text.process_post_synch
                0x00000000000055b4       0x18 contiki-srf06-cc26xx.a(process.o)
                0x00000000000055b4                process_post_synch
 .text.process_poll
                0x00000000000055cc       0x18 contiki-srf06-cc26xx.a(process.o)
                0x00000000000055cc                process_poll
 .text.rtimer_init
                0x00000000000055e4        0x4 contiki-srf06-cc26xx.a(rtimer.o)
                0x00000000000055e4                rtimer_init
 .text.rtimer_set
                0x00000000000055e8       0x2c contiki-srf06-cc26xx.a(rtimer.o)
                0x00000000000055e8                rtimer_set
 .text.rtimer_run_next
                0x0000000000005614       0x28 contiki-srf06-cc26xx.a(rtimer.o)
                0x0000000000005614                rtimer_run_next
 .text.timer_set
                0x000000000000563c       0x10 contiki-srf06-cc26xx.a(timer.o)
                0x000000000000563c                timer_set
 .text.timer_reset
                0x000000000000564c        0xc contiki-srf06-cc26xx.a(timer.o)
                0x000000000000564c                timer_reset
 .text.timer_restart
                0x0000000000005658        0xc contiki-srf06-cc26xx.a(timer.o)
                0x0000000000005658                timer_restart
 .text.timer_expired
                0x0000000000005664       0x1c contiki-srf06-cc26xx.a(timer.o)
                0x0000000000005664                timer_expired
 .text.process_thread_serial_line_process
                0x0000000000005680       0xa8 contiki-srf06-cc26xx.a(serial-line.o)
 .text.serial_line_init
                0x0000000000005728       0x24 contiki-srf06-cc26xx.a(serial-line.o)
                0x0000000000005728                serial_line_init
 .text.list_init
                0x000000000000574c        0x8 contiki-srf06-cc26xx.a(list.o)
                0x000000000000574c                list_init
 .text.list_head
                0x0000000000005754        0x4 contiki-srf06-cc26xx.a(list.o)
                0x0000000000005754                list_head
 .text.list_add
                0x0000000000005758       0x58 contiki-srf06-cc26xx.a(list.o)
                0x0000000000005758                list_add
 .text.list_push
                0x00000000000057b0       0x44 contiki-srf06-cc26xx.a(list.o)
                0x00000000000057b0                list_push
 .text.list_remove
                0x00000000000057f4       0x38 contiki-srf06-cc26xx.a(list.o)
                0x00000000000057f4                list_remove
 .text.list_length
                0x000000000000582c       0x14 contiki-srf06-cc26xx.a(list.o)
                0x000000000000582c                list_length
 .text.list_item_next
                0x0000000000005840        0x8 contiki-srf06-cc26xx.a(list.o)
                0x0000000000005840                list_item_next
 .text.ringbuf_init
                0x0000000000005848       0x10 contiki-srf06-cc26xx.a(ringbuf.o)
                0x0000000000005848                ringbuf_init
 .text.ringbuf_get
                0x0000000000005858       0x24 contiki-srf06-cc26xx.a(ringbuf.o)
                0x0000000000005858                ringbuf_get
 .text.chksum   0x000000000000587c       0x50 contiki-srf06-cc26xx.a(uip6.o)
 .text.upper_layer_chksum
                0x00000000000058cc       0x58 contiki-srf06-cc26xx.a(uip6.o)
 .text.ext_hdr_options_process
                0x0000000000005924       0xe0 contiki-srf06-cc26xx.a(uip6.o)
 .text.uip_add32
                0x0000000000005a04       0x58 contiki-srf06-cc26xx.a(uip6.o)
                0x0000000000005a04                uip_add32
 .text.unlikely.uip_add_rcv_nxt
                0x0000000000005a5c       0x2c contiki-srf06-cc26xx.a(uip6.o)
 .text.uip_icmp6chksum
                0x0000000000005a88        0x8 contiki-srf06-cc26xx.a(uip6.o)
                0x0000000000005a88                uip_icmp6chksum
 .text.uip_init
                0x0000000000005a90       0x5c contiki-srf06-cc26xx.a(uip6.o)
                0x0000000000005a90                uip_init
 .text.remove_ext_hdr
                0x0000000000005aec       0x54 contiki-srf06-cc26xx.a(uip6.o)
                0x0000000000005aec                remove_ext_hdr
 .text.uip_unlisten
                0x0000000000005b40       0x28 contiki-srf06-cc26xx.a(uip6.o)
                0x0000000000005b40                uip_unlisten
 .text.uip_process
                0x0000000000005b68     0x101c contiki-srf06-cc26xx.a(uip6.o)
                0x0000000000005b68                uip_process
 .text.uip_htonl
                0x0000000000006b84       0x1c contiki-srf06-cc26xx.a(uip6.o)
                0x0000000000006b84                uip_htonl
 .text.ns_input
                0x0000000000006ba0      0x28c contiki-srf06-cc26xx.a(uip-nd6.o)
 .text.uip_nd6_init
                0x0000000000006e2c        0xc contiki-srf06-cc26xx.a(uip-nd6.o)
                0x0000000000006e2c                uip_nd6_init
 .text.sicslowpan_init
                0x0000000000006e38       0x24 contiki-srf06-cc26xx.a(sicslowpan.o)
                0x0000000000006e38                sicslowpan_init
 .text.compress_addr_64
                0x0000000000006e5c       0x9c contiki-srf06-cc26xx.a(sicslowpan.o)
 .text.set_packet_attrs
                0x0000000000006ef8       0x50 contiki-srf06-cc26xx.a(sicslowpan.o)
 .text.addr_context_lookup_by_prefix
                0x0000000000006f48       0x28 contiki-srf06-cc26xx.a(sicslowpan.o)
 .text.send_packet
                0x0000000000006f70       0x24 contiki-srf06-cc26xx.a(sicslowpan.o)
 .text.packet_sent
                0x0000000000006f94       0x28 contiki-srf06-cc26xx.a(sicslowpan.o)
 .text.store_fragment
                0x0000000000006fbc       0x74 contiki-srf06-cc26xx.a(sicslowpan.o)
 .text.add_fragment
                0x0000000000007030      0x1b8 contiki-srf06-cc26xx.a(sicslowpan.o)
 .text.uncompress_addr
                0x00000000000071e8       0xc4 contiki-srf06-cc26xx.a(sicslowpan.o)
 .text.input    0x00000000000072ac      0x640 contiki-srf06-cc26xx.a(sicslowpan.o)
 .text.output   0x00000000000078ec      0x760 contiki-srf06-cc26xx.a(sicslowpan.o)
 .text.start_periodic_tcp_timer
                0x000000000000804c       0x1c contiki-srf06-cc26xx.a(tcpip.o)
 .text.tcpip_set_outputfunc
                0x0000000000008068        0xc contiki-srf06-cc26xx.a(tcpip.o)
                0x0000000000008068                tcpip_set_outputfunc
 .text.tcpip_icmp6_call
                0x0000000000008074       0x28 contiki-srf06-cc26xx.a(tcpip.o)
                0x0000000000008074                tcpip_icmp6_call
 .text.tcpip_input
                0x000000000000809c       0x24 contiki-srf06-cc26xx.a(tcpip.o)
                0x000000000000809c                tcpip_input
 .text.tcpip_ipv6_output
                0x00000000000080c0       0xbc contiki-srf06-cc26xx.a(tcpip.o)
                0x00000000000080c0                tcpip_ipv6_output
 .text.process_thread_tcpip_process
                0x000000000000817c      0x1cc contiki-srf06-cc26xx.a(tcpip.o)
 .text.tcpip_uipcall
                0x0000000000008348       0x70 contiki-srf06-cc26xx.a(tcpip.o)
                0x0000000000008348                tcpip_uipcall
 .text.rpl_set_preferred_parent
                0x00000000000083b8       0x2c contiki-srf06-cc26xx.a(rpl-dag.o)
 .text.set_ip_from_prefix
                0x00000000000083e4       0x24 contiki-srf06-cc26xx.a(rpl-dag.o)
 .text.check_prefix
                0x0000000000008408       0x78 contiki-srf06-cc26xx.a(rpl-dag.o)
 .text.find_parent_any_dag_any_instance
                0x0000000000008480       0x1c contiki-srf06-cc26xx.a(rpl-dag.o)
 .text.lollipop_greater_than
                0x000000000000849c       0x3c contiki-srf06-cc26xx.a(rpl-dag.o)
 .text.rpl_dag_init
                0x00000000000084d8       0x14 contiki-srf06-cc26xx.a(rpl-dag.o)
                0x00000000000084d8                rpl_dag_init
 .text.rpl_get_parent
                0x00000000000084ec       0x10 contiki-srf06-cc26xx.a(rpl-dag.o)
                0x00000000000084ec                rpl_get_parent
 .text.rpl_rank_via_parent
                0x00000000000084fc       0x1c contiki-srf06-cc26xx.a(rpl-dag.o)
                0x00000000000084fc                rpl_rank_via_parent
 .text.rpl_get_parent_ipaddr
                0x0000000000008518       0x18 contiki-srf06-cc26xx.a(rpl-dag.o)
                0x0000000000008518                rpl_get_parent_ipaddr
 .text.rpl_get_parent_link_stats
                0x0000000000008530       0x18 contiki-srf06-cc26xx.a(rpl-dag.o)
                0x0000000000008530                rpl_get_parent_link_stats
 .text.best_parent
                0x0000000000008548       0x94 contiki-srf06-cc26xx.a(rpl-dag.o)
 .text.rpl_parent_is_fresh
                0x00000000000085dc       0x10 contiki-srf06-cc26xx.a(rpl-dag.o)
                0x00000000000085dc                rpl_parent_is_fresh
 .text.rpl_parent_is_reachable
                0x00000000000085ec       0x3c contiki-srf06-cc26xx.a(rpl-dag.o)
                0x00000000000085ec                rpl_parent_is_reachable
 .text.rpl_repair_root
                0x0000000000008628       0x58 contiki-srf06-cc26xx.a(rpl-dag.o)
                0x0000000000008628                rpl_repair_root
 .text.rpl_set_prefix
                0x0000000000008680       0x94 contiki-srf06-cc26xx.a(rpl-dag.o)
                0x0000000000008680                rpl_set_prefix
 .text.rpl_set_default_route
                0x0000000000008714       0x30 contiki-srf06-cc26xx.a(rpl-dag.o)
                0x0000000000008714                rpl_set_default_route
 .text.rpl_alloc_instance
                0x0000000000008744       0x34 contiki-srf06-cc26xx.a(rpl-dag.o)
                0x0000000000008744                rpl_alloc_instance
 .text.rpl_alloc_dag
                0x0000000000008778       0x5c contiki-srf06-cc26xx.a(rpl-dag.o)
                0x0000000000008778                rpl_alloc_dag
 .text.rpl_add_parent
                0x00000000000087d4       0x30 contiki-srf06-cc26xx.a(rpl-dag.o)
                0x00000000000087d4                rpl_add_parent
 .text.rpl_find_parent
                0x0000000000008804       0x18 contiki-srf06-cc26xx.a(rpl-dag.o)
                0x0000000000008804                rpl_find_parent
 .text.rpl_find_parent_any_dag
                0x000000000000881c       0x20 contiki-srf06-cc26xx.a(rpl-dag.o)
                0x000000000000881c                rpl_find_parent_any_dag
 .text.rpl_select_parent
                0x000000000000883c       0x58 contiki-srf06-cc26xx.a(rpl-dag.o)
                0x000000000000883c                rpl_select_parent
 .text.rpl_select_dag
                0x0000000000008894      0x178 contiki-srf06-cc26xx.a(rpl-dag.o)
                0x0000000000008894                rpl_select_dag
 .text.rpl_nullify_parent
                0x0000000000008a0c       0x58 contiki-srf06-cc26xx.a(rpl-dag.o)
                0x0000000000008a0c                rpl_nullify_parent
 .text.nbr_callback
                0x0000000000008a64       0x1c contiki-srf06-cc26xx.a(rpl-dag.o)
 .text.remove_parents.constprop.6
                0x0000000000008a80       0x48 contiki-srf06-cc26xx.a(rpl-dag.o)
 .text.rpl_free_dag
                0x0000000000008ac8       0x3c contiki-srf06-cc26xx.a(rpl-dag.o)
                0x0000000000008ac8                rpl_free_dag
 .text.rpl_move_parent
                0x0000000000008b04       0x58 contiki-srf06-cc26xx.a(rpl-dag.o)
                0x0000000000008b04                rpl_move_parent
 .text.rpl_get_dag
                0x0000000000008b5c       0x54 contiki-srf06-cc26xx.a(rpl-dag.o)
                0x0000000000008b5c                rpl_get_dag
 .text.rpl_get_any_dag
                0x0000000000008bb0       0x18 contiki-srf06-cc26xx.a(rpl-dag.o)
                0x0000000000008bb0                rpl_get_any_dag
 .text.rpl_get_instance
                0x0000000000008bc8       0x20 contiki-srf06-cc26xx.a(rpl-dag.o)
                0x0000000000008bc8                rpl_get_instance
 .text.rpl_join_instance
                0x0000000000008be8      0x14c contiki-srf06-cc26xx.a(rpl-dag.o)
                0x0000000000008be8                rpl_join_instance
 .text.rpl_local_repair
                0x0000000000008d34       0x90 contiki-srf06-cc26xx.a(rpl-dag.o)
                0x0000000000008d34                rpl_local_repair
 .text.rpl_process_parent_event
                0x0000000000008dc4       0x9c contiki-srf06-cc26xx.a(rpl-dag.o)
                0x0000000000008dc4                rpl_process_parent_event
 .text.rpl_add_dag
                0x0000000000008e60      0x148 contiki-srf06-cc26xx.a(rpl-dag.o)
                0x0000000000008e60                rpl_add_dag
 .text.rpl_recalculate_ranks
                0x0000000000008fa8       0x50 contiki-srf06-cc26xx.a(rpl-dag.o)
                0x0000000000008fa8                rpl_recalculate_ranks
 .text.rpl_process_dio
                0x0000000000008ff8      0x32c contiki-srf06-cc26xx.a(rpl-dag.o)
                0x0000000000008ff8                rpl_process_dio
 .text.new_dio_interval
                0x0000000000009324       0x60 contiki-srf06-cc26xx.a(rpl-timers.o)
 .text.handle_periodic_timer
                0x0000000000009384       0x58 contiki-srf06-cc26xx.a(rpl-timers.o)
 .text.set_dao_lifetime_timer
                0x00000000000093dc       0x48 contiki-srf06-cc26xx.a(rpl-timers.o)
 .text.handle_unicast_dio_timer
                0x0000000000009424       0x1c contiki-srf06-cc26xx.a(rpl-timers.o)
 .text.handle_dio_timer
                0x0000000000009440       0x8c contiki-srf06-cc26xx.a(rpl-timers.o)
 .text.schedule_dao
                0x00000000000094cc       0x54 contiki-srf06-cc26xx.a(rpl-timers.o)
 .text.handle_dao_timer
                0x0000000000009520       0x5c contiki-srf06-cc26xx.a(rpl-timers.o)
 .text.rpl_reset_periodic_timer
                0x000000000000957c       0x3c contiki-srf06-cc26xx.a(rpl-timers.o)
                0x000000000000957c                rpl_reset_periodic_timer
 .text.rpl_reset_dio_timer
                0x00000000000095b8       0x1c contiki-srf06-cc26xx.a(rpl-timers.o)
                0x00000000000095b8                rpl_reset_dio_timer
 .text.rpl_schedule_dao
                0x00000000000095d4        0x8 contiki-srf06-cc26xx.a(rpl-timers.o)
                0x00000000000095d4                rpl_schedule_dao
 .text.rpl_schedule_unicast_dio_immediately
                0x00000000000095dc       0x14 contiki-srf06-cc26xx.a(rpl-timers.o)
                0x00000000000095dc                rpl_schedule_unicast_dio_immediately
 .text.get_probing_delay
                0x00000000000095f0       0x4c contiki-srf06-cc26xx.a(rpl-timers.o)
                0x00000000000095f0                get_probing_delay
 .text.get_probing_target
                0x000000000000963c       0xdc contiki-srf06-cc26xx.a(rpl-timers.o)
                0x000000000000963c                get_probing_target
 .text.rpl_schedule_probing
                0x0000000000009718       0x20 contiki-srf06-cc26xx.a(rpl-timers.o)
                0x0000000000009718                rpl_schedule_probing
 .text.handle_probing_timer
                0x0000000000009738       0x34 contiki-srf06-cc26xx.a(rpl-timers.o)
 .text.update_hbh_header
                0x000000000000976c       0xd0 contiki-srf06-cc26xx.a(rpl-ext-header.)
 .text.insert_hbh_header.isra.0
                0x000000000000983c       0xb0 contiki-srf06-cc26xx.a(rpl-ext-header.)
 .text.rpl_verify_hbh_header
                0x00000000000098ec       0xec contiki-srf06-cc26xx.a(rpl-ext-header.)
                0x00000000000098ec                rpl_verify_hbh_header
 .text.rpl_remove_header
                0x00000000000099d8       0x78 contiki-srf06-cc26xx.a(rpl-ext-header.)
                0x00000000000099d8                rpl_remove_header
 .text.rpl_update_header
                0x0000000000009a50       0x74 contiki-srf06-cc26xx.a(rpl-ext-header.)
                0x0000000000009a50                rpl_update_header
 .text.rpl_get_mode
                0x0000000000009ac4        0xc contiki-srf06-cc26xx.a(rpl.o)
                0x0000000000009ac4                rpl_get_mode
 .text.rpl_purge_routes
                0x0000000000009ad0       0x80 contiki-srf06-cc26xx.a(rpl.o)
                0x0000000000009ad0                rpl_purge_routes
 .text.rpl_remove_routes
                0x0000000000009b50       0x24 contiki-srf06-cc26xx.a(rpl.o)
                0x0000000000009b50                rpl_remove_routes
 .text.rpl_remove_routes_by_nexthop
                0x0000000000009b74       0x34 contiki-srf06-cc26xx.a(rpl.o)
                0x0000000000009b74                rpl_remove_routes_by_nexthop
 .text.rpl_add_route
                0x0000000000009ba8       0x38 contiki-srf06-cc26xx.a(rpl.o)
                0x0000000000009ba8                rpl_add_route
 .text.rpl_link_neighbor_callback
                0x0000000000009be0       0x60 contiki-srf06-cc26xx.a(rpl.o)
                0x0000000000009be0                rpl_link_neighbor_callback
 .text.rpl_ipv6_neighbor_callback
                0x0000000000009c40       0x30 contiki-srf06-cc26xx.a(rpl.o)
                0x0000000000009c40                rpl_ipv6_neighbor_callback
 .text.rpl_purge_dags
                0x0000000000009c70       0x60 contiki-srf06-cc26xx.a(rpl.o)
                0x0000000000009c70                rpl_purge_dags
 .text.rpl_init
                0x0000000000009cd0       0x4c contiki-srf06-cc26xx.a(rpl.o)
                0x0000000000009cd0                rpl_init
 .text.reset    0x0000000000009d1c        0x4 contiki-srf06-cc26xx.a(rpl-mrhof.o)
 .text.update_metric_container
                0x0000000000009d20        0x8 contiki-srf06-cc26xx.a(rpl-mrhof.o)
 .text.parent_link_metric
                0x0000000000009d28       0x14 contiki-srf06-cc26xx.a(rpl-mrhof.o)
 .text.parent_has_usable_link
                0x0000000000009d3c       0x18 contiki-srf06-cc26xx.a(rpl-mrhof.o)
 .text.best_dag
                0x0000000000009d54       0x30 contiki-srf06-cc26xx.a(rpl-mrhof.o)
 .text.parent_path_cost
                0x0000000000009d84       0x4c contiki-srf06-cc26xx.a(rpl-mrhof.o)
 .text.parent_is_acceptable
                0x0000000000009dd0       0x34 contiki-srf06-cc26xx.a(rpl-mrhof.o)
 .text.rank_via_parent
                0x0000000000009e04       0x3c contiki-srf06-cc26xx.a(rpl-mrhof.o)
 .text.best_parent
                0x0000000000009e40       0x68 contiki-srf06-cc26xx.a(rpl-mrhof.o)
 .text.dao_ack_input
                0x0000000000009ea8       0x14 contiki-srf06-cc26xx.a(rpl-icmp6.o)
 .text.dao_output_target_seq
                0x0000000000009ebc      0x11c contiki-srf06-cc26xx.a(rpl-icmp6.o)
 .text.dio_input
                0x0000000000009fd8      0x2ac contiki-srf06-cc26xx.a(rpl-icmp6.o)
 .text.rpl_icmp6_update_nbr_table
                0x000000000000a284       0x38 contiki-srf06-cc26xx.a(rpl-icmp6.o)
                0x000000000000a284                rpl_icmp6_update_nbr_table
 .text.dao_input
                0x000000000000a2bc      0x2c0 contiki-srf06-cc26xx.a(rpl-icmp6.o)
 .text.dis_output
                0x000000000000a57c       0x58 contiki-srf06-cc26xx.a(rpl-icmp6.o)
                0x000000000000a57c                dis_output
 .text.dio_output
                0x000000000000a5d4      0x2b0 contiki-srf06-cc26xx.a(rpl-icmp6.o)
                0x000000000000a5d4                dio_output
 .text.dis_input
                0x000000000000a884       0x54 contiki-srf06-cc26xx.a(rpl-icmp6.o)
 .text.dao_output
                0x000000000000a8d8       0x8c contiki-srf06-cc26xx.a(rpl-icmp6.o)
                0x000000000000a8d8                dao_output
 .text.dao_output_target
                0x000000000000a964        0xc contiki-srf06-cc26xx.a(rpl-icmp6.o)
                0x000000000000a964                dao_output_target
 .text.rpl_icmp6_register_handlers
                0x000000000000a970       0x30 contiki-srf06-cc26xx.a(rpl-icmp6.o)
                0x000000000000a970                rpl_icmp6_register_handlers
 .text.TrimAfterColdResetWakeupFromShutDown
                0x000000000000a9a0       0xe4 contiki-srf06-cc26xx.a(setup.o)
 .text.NOROM_SetupTrimDevice
                0x000000000000aa84       0xa4 contiki-srf06-cc26xx.a(setup.o)
                0x000000000000aa84                NOROM_SetupTrimDevice
 .text.NOROM_PowerCtrlSourceSet
                0x000000000000ab28       0x30 contiki-srf06-cc26xx.a(pwr_ctrl.o)
                0x000000000000ab28                NOROM_PowerCtrlSourceSet
 .text.NOROM_TRNGConfigure
                0x000000000000ab58       0x38 contiki-srf06-cc26xx.a(trng.o)
                0x000000000000ab58                NOROM_TRNGConfigure
 .text.SafeHapiVoid
                0x000000000000ab90       0x28 contiki-srf06-cc26xx.a(adi.o)
                0x000000000000ab90                SafeHapiVoid
 .text.NOROM_DDI32RegWrite
                0x000000000000abb8       0x2c contiki-srf06-cc26xx.a(ddi.o)
                0x000000000000abb8                NOROM_DDI32RegWrite
 .text.NOROM_DDI16BitfieldWrite
                0x000000000000abe4       0x48 contiki-srf06-cc26xx.a(ddi.o)
                0x000000000000abe4                NOROM_DDI16BitfieldWrite
 .text.NOROM_DDI16BitfieldRead
                0x000000000000ac2c       0x48 contiki-srf06-cc26xx.a(ddi.o)
                0x000000000000ac2c                NOROM_DDI16BitfieldRead
 .text.NOROM_SysCtrlSetRechargeBeforePowerDown
                0x000000000000ac74      0x230 contiki-srf06-cc26xx.a(sys_ctrl.o)
                0x000000000000ac74                NOROM_SysCtrlSetRechargeBeforePowerDown
 .text.NOROM_SysCtrlAdjustRechargeAfterPowerDown
                0x000000000000aea4       0x68 contiki-srf06-cc26xx.a(sys_ctrl.o)
                0x000000000000aea4                NOROM_SysCtrlAdjustRechargeAfterPowerDown
 .text.NOROM_SysCtrl_DCDC_VoltageConditionalControl
                0x000000000000af0c       0x7c contiki-srf06-cc26xx.a(sys_ctrl.o)
                0x000000000000af0c                NOROM_SysCtrl_DCDC_VoltageConditionalControl
 .text.NOROM_ChipInfo_GetSupportedProtocol_BV
                0x000000000000af88       0x10 contiki-srf06-cc26xx.a(chipinfo.o)
                0x000000000000af88                NOROM_ChipInfo_GetSupportedProtocol_BV
 .text.NOROM_ChipInfo_GetChipFamily
                0x000000000000af98       0x4c contiki-srf06-cc26xx.a(chipinfo.o)
                0x000000000000af98                NOROM_ChipInfo_GetChipFamily
 .text.NOROM_ChipInfo_GetChipType
                0x000000000000afe4       0x50 contiki-srf06-cc26xx.a(chipinfo.o)
                0x000000000000afe4                NOROM_ChipInfo_GetChipType
 .text.NOROM_ChipInfo_GetHwRevision
                0x000000000000b034       0x6c contiki-srf06-cc26xx.a(chipinfo.o)
                0x000000000000b034                NOROM_ChipInfo_GetHwRevision
 .text.NOROM_ThisCodeIsBuiltForCC26xxHwRev22AndLater_HaltIfViolated
                0x000000000000b0a0       0x14 contiki-srf06-cc26xx.a(chipinfo.o)
                0x000000000000b0a0                NOROM_ThisCodeIsBuiltForCC26xxHwRev22AndLater_HaltIfViolated
 .text.NOROM_CPUcpsid
                0x000000000000b0b4        0x8 contiki-srf06-cc26xx.a(cpu.o)
                0x000000000000b0b4                NOROM_CPUcpsid
 .text.NOROM_CPUcpsie
                0x000000000000b0bc        0x8 contiki-srf06-cc26xx.a(cpu.o)
                0x000000000000b0bc                NOROM_CPUcpsie
 .text.NOROM_CPUdelay
                0x000000000000b0c4        0x8 contiki-srf06-cc26xx.a(cpu.o)
                0x000000000000b0c4                NOROM_CPUdelay
 .text.NOROM_SetupGetTrimForXoscHfCtl.part.3
                0x000000000000b0cc       0x20 contiki-srf06-cc26xx.a(setup_rom.o)
 .text.NOROM_SetupGetTrimForRadcExtCfg.part.4
                0x000000000000b0ec       0x1c contiki-srf06-cc26xx.a(setup_rom.o)
 .text.NOROM_SetupAfterColdResetWakeupFromShutDownCfg1
                0x000000000000b108       0x74 contiki-srf06-cc26xx.a(setup_rom.o)
                0x000000000000b108                NOROM_SetupAfterColdResetWakeupFromShutDownCfg1
 .text.NOROM_SetupAfterColdResetWakeupFromShutDownCfg3
                0x000000000000b17c      0x1a0 contiki-srf06-cc26xx.a(setup_rom.o)
                0x000000000000b17c                NOROM_SetupAfterColdResetWakeupFromShutDownCfg3
 .text.NOROM_SetupGetTrimForAnabypassValue1
                0x000000000000b31c       0x64 contiki-srf06-cc26xx.a(setup_rom.o)
                0x000000000000b31c                NOROM_SetupGetTrimForAnabypassValue1
 .text.NOROM_SetupGetTrimForAmpcompCtrl
                0x000000000000b380       0x58 contiki-srf06-cc26xx.a(setup_rom.o)
                0x000000000000b380                NOROM_SetupGetTrimForAmpcompCtrl
 .text.NOROM_SetupAfterColdResetWakeupFromShutDownCfg2
                0x000000000000b3d8      0x190 contiki-srf06-cc26xx.a(setup_rom.o)
                0x000000000000b3d8                NOROM_SetupAfterColdResetWakeupFromShutDownCfg2
 .text.NOROM_SetupSetCacheModeAccordingToCcfgSetting
                0x000000000000b568       0x6c contiki-srf06-cc26xx.a(setup_rom.o)
                0x000000000000b568                NOROM_SetupSetCacheModeAccordingToCcfgSetting
 .text.NOROM_AONBatMonTemperatureGetDegC
                0x000000000000b5d4       0x30 contiki-srf06-cc26xx.a(aon_batmon.o)
                0x000000000000b5d4                NOROM_AONBatMonTemperatureGetDegC
 .text.NOROM_AONRTCCurrentCompareValueGet
                0x000000000000b604       0x24 contiki-srf06-cc26xx.a(aon_rtc.o)
                0x000000000000b604                NOROM_AONRTCCurrentCompareValueGet
 .text.NOROM_OSCClockSourceSet
                0x000000000000b628       0x50 contiki-srf06-cc26xx.a(osc.o)
                0x000000000000b628                NOROM_OSCClockSourceSet
 .text.NOROM_OSCClockSourceGet
                0x000000000000b678       0x20 contiki-srf06-cc26xx.a(osc.o)
                0x000000000000b678                NOROM_OSCClockSourceGet
 .text.queuebuf_init
                0x000000000000b698       0x1c contiki-srf06-cc26xx.a(queuebuf.o)
                0x000000000000b698                queuebuf_init
 .text.queuebuf_numfree
                0x000000000000b6b4        0xc contiki-srf06-cc26xx.a(queuebuf.o)
                0x000000000000b6b4                queuebuf_numfree
 .text.queuebuf_new_from_packetbuf
                0x000000000000b6c0       0x44 contiki-srf06-cc26xx.a(queuebuf.o)
                0x000000000000b6c0                queuebuf_new_from_packetbuf
 .text.queuebuf_update_attr_from_packetbuf
                0x000000000000b704        0xc contiki-srf06-cc26xx.a(queuebuf.o)
                0x000000000000b704                queuebuf_update_attr_from_packetbuf
 .text.queuebuf_update_from_packetbuf
                0x000000000000b710       0x1c contiki-srf06-cc26xx.a(queuebuf.o)
                0x000000000000b710                queuebuf_update_from_packetbuf
 .text.queuebuf_free
                0x000000000000b72c       0x2c contiki-srf06-cc26xx.a(queuebuf.o)
                0x000000000000b72c                queuebuf_free
 .text.queuebuf_to_packetbuf
                0x000000000000b758       0x30 contiki-srf06-cc26xx.a(queuebuf.o)
                0x000000000000b758                queuebuf_to_packetbuf
 .text.queuebuf_attr
                0x000000000000b788        0xc contiki-srf06-cc26xx.a(queuebuf.o)
                0x000000000000b788                queuebuf_attr
 .text.index_from_lladdr
                0x000000000000b794       0x50 contiki-srf06-cc26xx.a(nbr-table.o)
 .text.remove_key
                0x000000000000b7e4       0x90 contiki-srf06-cc26xx.a(nbr-table.o)
 .text.nbr_table_register
                0x000000000000b874       0x2c contiki-srf06-cc26xx.a(nbr-table.o)
                0x000000000000b874                nbr_table_register
 .text.nbr_table_next
                0x000000000000b8a0       0x78 contiki-srf06-cc26xx.a(nbr-table.o)
                0x000000000000b8a0                nbr_table_next
 .text.nbr_table_head
                0x000000000000b918       0x58 contiki-srf06-cc26xx.a(nbr-table.o)
                0x000000000000b918                nbr_table_head
 .text.nbr_table_add_lladdr
                0x000000000000b970      0x15c contiki-srf06-cc26xx.a(nbr-table.o)
                0x000000000000b970                nbr_table_add_lladdr
 .text.nbr_table_get_from_lladdr
                0x000000000000bacc       0x38 contiki-srf06-cc26xx.a(nbr-table.o)
                0x000000000000bacc                nbr_table_get_from_lladdr
 .text.nbr_table_remove
                0x000000000000bb04       0x5c contiki-srf06-cc26xx.a(nbr-table.o)
                0x000000000000bb04                nbr_table_remove
 .text.nbr_table_lock
                0x000000000000bb60       0x34 contiki-srf06-cc26xx.a(nbr-table.o)
                0x000000000000bb60                nbr_table_lock
 .text.nbr_table_unlock
                0x000000000000bb94       0x34 contiki-srf06-cc26xx.a(nbr-table.o)
                0x000000000000bb94                nbr_table_unlock
 .text.nbr_table_get_lladdr
                0x000000000000bbc8       0x2c contiki-srf06-cc26xx.a(nbr-table.o)
                0x000000000000bbc8                nbr_table_get_lladdr
 .text.nbr_table_update_lladdr
                0x000000000000bbf4       0x58 contiki-srf06-cc26xx.a(nbr-table.o)
                0x000000000000bbf4                nbr_table_update_lladdr
 .text.packetbuf_copyto
                0x000000000000bc4c       0x50 contiki-srf06-cc26xx.a(packetbuf.o)
                0x000000000000bc4c                packetbuf_copyto
 .text.packetbuf_hdralloc
                0x000000000000bc9c       0x54 contiki-srf06-cc26xx.a(packetbuf.o)
                0x000000000000bc9c                packetbuf_hdralloc
 .text.packetbuf_hdrreduce
                0x000000000000bcf0       0x2c contiki-srf06-cc26xx.a(packetbuf.o)
                0x000000000000bcf0                packetbuf_hdrreduce
 .text.packetbuf_set_datalen
                0x000000000000bd1c        0xc contiki-srf06-cc26xx.a(packetbuf.o)
                0x000000000000bd1c                packetbuf_set_datalen
 .text.packetbuf_dataptr
                0x000000000000bd28       0x20 contiki-srf06-cc26xx.a(packetbuf.o)
                0x000000000000bd28                packetbuf_dataptr
 .text.packetbuf_hdrptr
                0x000000000000bd48        0x8 contiki-srf06-cc26xx.a(packetbuf.o)
                0x000000000000bd48                packetbuf_hdrptr
 .text.packetbuf_datalen
                0x000000000000bd50        0xc contiki-srf06-cc26xx.a(packetbuf.o)
                0x000000000000bd50                packetbuf_datalen
 .text.packetbuf_totlen
                0x000000000000bd5c       0x24 contiki-srf06-cc26xx.a(packetbuf.o)
                0x000000000000bd5c                packetbuf_totlen
 .text.packetbuf_attr_clear
                0x000000000000bd80       0x34 contiki-srf06-cc26xx.a(packetbuf.o)
                0x000000000000bd80                packetbuf_attr_clear
 .text.packetbuf_clear
                0x000000000000bdb4       0x20 contiki-srf06-cc26xx.a(packetbuf.o)
                0x000000000000bdb4                packetbuf_clear
 .text.packetbuf_copyfrom
                0x000000000000bdd4       0x40 contiki-srf06-cc26xx.a(packetbuf.o)
                0x000000000000bdd4                packetbuf_copyfrom
 .text.packetbuf_attr_copyto
                0x000000000000be14       0x44 contiki-srf06-cc26xx.a(packetbuf.o)
                0x000000000000be14                packetbuf_attr_copyto
 .text.packetbuf_attr_copyfrom
                0x000000000000be58       0x44 contiki-srf06-cc26xx.a(packetbuf.o)
                0x000000000000be58                packetbuf_attr_copyfrom
 .text.packetbuf_set_attr
                0x000000000000be9c       0x10 contiki-srf06-cc26xx.a(packetbuf.o)
                0x000000000000be9c                packetbuf_set_attr
 .text.packetbuf_attr
                0x000000000000beac        0xc contiki-srf06-cc26xx.a(packetbuf.o)
                0x000000000000beac                packetbuf_attr
 .text.packetbuf_set_addr
                0x000000000000beb8       0x18 contiki-srf06-cc26xx.a(packetbuf.o)
                0x000000000000beb8                packetbuf_set_addr
 .text.packetbuf_addr
                0x000000000000bed0       0x10 contiki-srf06-cc26xx.a(packetbuf.o)
                0x000000000000bed0                packetbuf_addr
 .text.packetbuf_holds_broadcast
                0x000000000000bee0       0x10 contiki-srf06-cc26xx.a(packetbuf.o)
                0x000000000000bee0                packetbuf_holds_broadcast
 .text.netstack_init
                0x000000000000bef0       0x38 contiki-srf06-cc26xx.a(netstack.o)
                0x000000000000bef0                netstack_init
 .text.linkaddr_copy
                0x000000000000bf28        0xc contiki-srf06-cc26xx.a(linkaddr.o)
                0x000000000000bf28                linkaddr_copy
 .text.linkaddr_cmp
                0x000000000000bf34       0x10 contiki-srf06-cc26xx.a(linkaddr.o)
                0x000000000000bf34                linkaddr_cmp
 .text.periodic
                0x000000000000bf44       0x30 contiki-srf06-cc26xx.a(link-stats.o)
 .text.link_stats_from_lladdr
                0x000000000000bf74        0xc contiki-srf06-cc26xx.a(link-stats.o)
                0x000000000000bf74                link_stats_from_lladdr
 .text.link_stats_is_fresh
                0x000000000000bf80       0x28 contiki-srf06-cc26xx.a(link-stats.o)
                0x000000000000bf80                link_stats_is_fresh
 .text.link_stats_packet_sent
                0x000000000000bfa8       0xcc contiki-srf06-cc26xx.a(link-stats.o)
                0x000000000000bfa8                link_stats_packet_sent
 .text.link_stats_input_callback
                0x000000000000c074       0x5c contiki-srf06-cc26xx.a(link-stats.o)
                0x000000000000c074                link_stats_input_callback
 .text.link_stats_init
                0x000000000000c0d0       0x28 contiki-srf06-cc26xx.a(link-stats.o)
                0x000000000000c0d0                link_stats_init
 .text.parse    0x000000000000c0f8       0xa4 contiki-srf06-cc26xx.a(framer-802154.o)
 .text.create_frame.isra.0
                0x000000000000c19c      0x144 contiki-srf06-cc26xx.a(framer-802154.o)
 .text.create   0x000000000000c2e0        0x8 contiki-srf06-cc26xx.a(framer-802154.o)
 .text.hdr_length
                0x000000000000c2e8        0x8 contiki-srf06-cc26xx.a(framer-802154.o)
 .text.input_packet
                0x000000000000c2f0        0xc contiki-srf06-cc26xx.a(csma.o)
 .text.on       0x000000000000c2fc        0xc contiki-srf06-cc26xx.a(csma.o)
 .text.off      0x000000000000c308        0xc contiki-srf06-cc26xx.a(csma.o)
 .text.channel_check_interval
                0x000000000000c314       0x10 contiki-srf06-cc26xx.a(csma.o)
 .text.transmit_packet_list
                0x000000000000c324       0x34 contiki-srf06-cc26xx.a(csma.o)
 .text.schedule_transmission
                0x000000000000c358       0x58 contiki-srf06-cc26xx.a(csma.o)
 .text.send_packet
                0x000000000000c3b0      0x154 contiki-srf06-cc26xx.a(csma.o)
 .text.init     0x000000000000c504       0x24 contiki-srf06-cc26xx.a(csma.o)
 .text.tx_done  0x000000000000c528       0x90 contiki-srf06-cc26xx.a(csma.o)
 .text.packet_sent
                0x000000000000c5b8       0xf0 contiki-srf06-cc26xx.a(csma.o)
 .text.frame802154_get_pan_id
                0x000000000000c6a8        0xc contiki-srf06-cc26xx.a(frame802154.o)
                0x000000000000c6a8                frame802154_get_pan_id
 .text.frame802154_has_panid
                0x000000000000c6b4       0xa4 contiki-srf06-cc26xx.a(frame802154.o)
                0x000000000000c6b4                frame802154_has_panid
 .text.field_len
                0x000000000000c758       0x88 contiki-srf06-cc26xx.a(frame802154.o)
 .text.frame802154_is_broadcast_addr
                0x000000000000c7e0       0x20 contiki-srf06-cc26xx.a(frame802154.o)
                0x000000000000c7e0                frame802154_is_broadcast_addr
 .text.frame802154_hdrlen
                0x000000000000c800       0x34 contiki-srf06-cc26xx.a(frame802154.o)
                0x000000000000c800                frame802154_hdrlen
 .text.frame802154_create_fcf
                0x000000000000c834       0x64 contiki-srf06-cc26xx.a(frame802154.o)
                0x000000000000c834                frame802154_create_fcf
 .text.frame802154_create
                0x000000000000c898       0xb4 contiki-srf06-cc26xx.a(frame802154.o)
                0x000000000000c898                frame802154_create
 .text.frame802154_parse_fcf
                0x000000000000c94c       0x44 contiki-srf06-cc26xx.a(frame802154.o)
                0x000000000000c94c                frame802154_parse_fcf
 .text.frame802154_parse
                0x000000000000c990      0x138 contiki-srf06-cc26xx.a(frame802154.o)
                0x000000000000c990                frame802154_parse
 .text.mac_call_sent_callback
                0x000000000000cac8       0x18 contiki-srf06-cc26xx.a(mac.o)
                0x000000000000cac8                mac_call_sent_callback
 .text.duty_cycle
                0x000000000000cae0        0x4 contiki-srf06-cc26xx.a(contikimac.o)
 .text.init     0x000000000000cae4       0x40 contiki-srf06-cc26xx.a(contikimac.o)
 .text.on.part.0
                0x000000000000cb24       0x14 contiki-srf06-cc26xx.a(contikimac.o)
 .text.off      0x000000000000cb38       0x38 contiki-srf06-cc26xx.a(contikimac.o)
 .text.recv_burst_off
                0x000000000000cb70       0x14 contiki-srf06-cc26xx.a(contikimac.o)
 .text.powercycle_turn_radio_off.part.2
                0x000000000000cb84       0x10 contiki-srf06-cc26xx.a(contikimac.o)
 .text.turn_off
                0x000000000000cb94       0x48 contiki-srf06-cc26xx.a(contikimac.o)
 .text.turn_on  0x000000000000cbdc       0x44 contiki-srf06-cc26xx.a(contikimac.o)
 .text.schedule_powercycle_fixed.part.5
                0x000000000000cc20       0x30 contiki-srf06-cc26xx.a(contikimac.o)
 .text.input_packet
                0x000000000000cc50       0xc4 contiki-srf06-cc26xx.a(contikimac.o)
 .text.send_packet.isra.8
                0x000000000000cd14      0x244 contiki-srf06-cc26xx.a(contikimac.o)
 .text.qsend_list
                0x000000000000cf58       0xf4 contiki-srf06-cc26xx.a(contikimac.o)
 .text.qsend_packet
                0x000000000000d04c       0x24 contiki-srf06-cc26xx.a(contikimac.o)
 .text.powercycle_wrapper
                0x000000000000d070      0x264 contiki-srf06-cc26xx.a(contikimac.o)
 .text.init     0x000000000000d2d4        0x4 contiki-srf06-cc26xx.a(nullsec.o)
 .text.input    0x000000000000d2d8        0xc contiki-srf06-cc26xx.a(nullsec.o)
 .text.send     0x000000000000d2e4       0x20 contiki-srf06-cc26xx.a(nullsec.o)
 .text.sensor_common_read_reg
                0x000000000000d304       0x1c contiki-srf06-cc26xx.a(sensor-common.o)
                0x000000000000d304                sensor_common_read_reg
 .text.sensor_common_write_reg
                0x000000000000d320       0x38 contiki-srf06-cc26xx.a(sensor-common.o)
                0x000000000000d320                sensor_common_write_reg
 .text.sensor_common_set_error_data
                0x000000000000d358       0x18 contiki-srf06-cc26xx.a(sensor-common.o)
                0x000000000000d358                sensor_common_set_error_data
 .text.verify_part
                0x000000000000d370       0x80 contiki-srf06-cc26xx.a(ext-flash.o)
 .text.wait_ready
                0x000000000000d3f0       0x58 contiki-srf06-cc26xx.a(ext-flash.o)
 .text.power_down
                0x000000000000d448       0x50 contiki-srf06-cc26xx.a(ext-flash.o)
 .text.ext_flash_open
                0x000000000000d498       0x60 contiki-srf06-cc26xx.a(ext-flash.o)
                0x000000000000d498                ext_flash_open
 .text.ext_flash_init
                0x000000000000d4f8       0x14 contiki-srf06-cc26xx.a(ext-flash.o)
                0x000000000000d4f8                ext_flash_init
 .text.buzzer_init
                0x000000000000d50c        0xc contiki-srf06-cc26xx.a(buzzer.o)
                0x000000000000d50c                buzzer_init
 .text.buzzer_stop
                0x000000000000d518       0x74 contiki-srf06-cc26xx.a(buzzer.o)
                0x000000000000d518                buzzer_stop
 .text.accessible
                0x000000000000d58c       0x24 contiki-srf06-cc26xx.a(board-spi.o)
 .text.board_spi_write
                0x000000000000d5b0       0x40 contiki-srf06-cc26xx.a(board-spi.o)
                0x000000000000d5b0                board_spi_write
 .text.board_spi_read
                0x000000000000d5f0       0x4c contiki-srf06-cc26xx.a(board-spi.o)
                0x000000000000d5f0                board_spi_read
 .text.board_spi_flush
                0x000000000000d63c       0x24 contiki-srf06-cc26xx.a(board-spi.o)
                0x000000000000d63c                board_spi_flush
 .text.board_spi_open
                0x000000000000d660       0xbc contiki-srf06-cc26xx.a(board-spi.o)
                0x000000000000d660                board_spi_open
 .text.board_spi_close
                0x000000000000d71c       0x70 contiki-srf06-cc26xx.a(board-spi.o)
                0x000000000000d71c                board_spi_close
 .text.aux_ctrl_power_up
                0x000000000000d78c       0x28 contiki-srf06-cc26xx.a(aux-ctrl.o)
                0x000000000000d78c                aux_ctrl_power_up
 .text.aux_ctrl_register_consumer
                0x000000000000d7b4       0x40 contiki-srf06-cc26xx.a(aux-ctrl.o)
                0x000000000000d7b4                aux_ctrl_register_consumer
 .text.aux_ctrl_power_down
                0x000000000000d7f4       0x68 contiki-srf06-cc26xx.a(aux-ctrl.o)
                0x000000000000d7f4                aux_ctrl_power_down
 .text.aux_ctrl_unregister_consumer
                0x000000000000d85c       0x28 contiki-srf06-cc26xx.a(aux-ctrl.o)
                0x000000000000d85c                aux_ctrl_unregister_consumer
 .text.process_thread_rf_core_process
                0x000000000000d884       0x58 contiki-srf06-cc26xx.a(rf-core.o)
 .text.rf_core_is_accessible
                0x000000000000d8dc       0x10 contiki-srf06-cc26xx.a(rf-core.o)
                0x000000000000d8dc                rf_core_is_accessible
 .text.rf_core_send_cmd
                0x000000000000d8ec       0x94 contiki-srf06-cc26xx.a(rf-core.o)
                0x000000000000d8ec                rf_core_send_cmd
 .text.rf_core_wait_cmd_done
                0x000000000000d980       0x30 contiki-srf06-cc26xx.a(rf-core.o)
                0x000000000000d980                rf_core_wait_cmd_done
 .text.rf_core_power_up
                0x000000000000d9b0       0xcc contiki-srf06-cc26xx.a(rf-core.o)
                0x000000000000d9b0                rf_core_power_up
 .text.rf_core_start_rat
                0x000000000000da7c       0x68 contiki-srf06-cc26xx.a(rf-core.o)
                0x000000000000da7c                rf_core_start_rat
 .text.rf_core_stop_rat
                0x000000000000dae4       0x7c contiki-srf06-cc26xx.a(rf-core.o)
                0x000000000000dae4                rf_core_stop_rat
 .text.rf_core_power_down
                0x000000000000db60       0xec contiki-srf06-cc26xx.a(rf-core.o)
                0x000000000000db60                rf_core_power_down
 .text.rf_core_set_modesel
                0x000000000000dc4c       0x44 contiki-srf06-cc26xx.a(rf-core.o)
                0x000000000000dc4c                rf_core_set_modesel
 .text.rf_core_boot
                0x000000000000dc90       0x1c contiki-srf06-cc26xx.a(rf-core.o)
                0x000000000000dc90                rf_core_boot
 .text.rf_core_restart_rat
                0x000000000000dcac       0x18 contiki-srf06-cc26xx.a(rf-core.o)
                0x000000000000dcac                rf_core_restart_rat
 .text.rf_core_setup_interrupts
                0x000000000000dcc4       0x74 contiki-srf06-cc26xx.a(rf-core.o)
                0x000000000000dcc4                rf_core_setup_interrupts
 .text.rf_core_cmd_done_en
                0x000000000000dd38       0x28 contiki-srf06-cc26xx.a(rf-core.o)
                0x000000000000dd38                rf_core_cmd_done_en
 .text.rf_core_cmd_done_dis
                0x000000000000dd60       0x18 contiki-srf06-cc26xx.a(rf-core.o)
                0x000000000000dd60                rf_core_cmd_done_dis
 .text.rf_core_get_last_radio_op
                0x000000000000dd78        0xc contiki-srf06-cc26xx.a(rf-core.o)
                0x000000000000dd78                rf_core_get_last_radio_op
 .text.rf_core_init_radio_op
                0x000000000000dd84       0x1c contiki-srf06-cc26xx.a(rf-core.o)
                0x000000000000dd84                rf_core_init_radio_op
 .text.rf_core_primary_mode_register
                0x000000000000dda0        0xc contiki-srf06-cc26xx.a(rf-core.o)
                0x000000000000dda0                rf_core_primary_mode_register
 .text.RFCCPE1IntHandler
                0x000000000000ddac       0x28 contiki-srf06-cc26xx.a(rf-core.o)
                0x000000000000ddac                RFCCPE1IntHandler
 .text.RFCCPE0IntHandler
                0x000000000000ddd4       0x5c contiki-srf06-cc26xx.a(rf-core.o)
                0x000000000000ddd4                RFCCPE0IntHandler
 .text.rf_ble_is_active
                0x000000000000de30        0xc contiki-srf06-cc26xx.a(rf-ble.o)
                0x000000000000de30                rf_ble_is_active
 .text.memb_init
                0x000000000000de3c       0x24 contiki-srf06-cc26xx.a(memb.o)
                0x000000000000de3c                memb_init
 .text.memb_alloc
                0x000000000000de60       0x3c contiki-srf06-cc26xx.a(memb.o)
                0x000000000000de60                memb_alloc
 .text.memb_free
                0x000000000000de9c       0x40 contiki-srf06-cc26xx.a(memb.o)
                0x000000000000de9c                memb_free
 .text.memb_inmemb
                0x000000000000dedc       0x1c contiki-srf06-cc26xx.a(memb.o)
                0x000000000000dedc                memb_inmemb
 .text.memb_numfree
                0x000000000000def8       0x20 contiki-srf06-cc26xx.a(memb.o)
                0x000000000000def8                memb_numfree
 .text.echo_reply_input
                0x000000000000df18       0xb0 contiki-srf06-cc26xx.a(uip-icmp6.o)
 .text.echo_request_input
                0x000000000000dfc8       0xb0 contiki-srf06-cc26xx.a(uip-icmp6.o)
 .text.uip_icmp6_input
                0x000000000000e078       0x3c contiki-srf06-cc26xx.a(uip-icmp6.o)
                0x000000000000e078                uip_icmp6_input
 .text.uip_icmp6_register_input_handler
                0x000000000000e0b4        0xc contiki-srf06-cc26xx.a(uip-icmp6.o)
                0x000000000000e0b4                uip_icmp6_register_input_handler
 .text.uip_icmp6_error_output
                0x000000000000e0c0      0x158 contiki-srf06-cc26xx.a(uip-icmp6.o)
                0x000000000000e0c0                uip_icmp6_error_output
 .text.uip_icmp6_send
                0x000000000000e218       0x84 contiki-srf06-cc26xx.a(uip-icmp6.o)
                0x000000000000e218                uip_icmp6_send
 .text.uip_icmp6_init
                0x000000000000e29c       0x24 contiki-srf06-cc26xx.a(uip-icmp6.o)
                0x000000000000e29c                uip_icmp6_init
 .text.uip_ds6_list_loop
                0x000000000000e2c0       0x58 contiki-srf06-cc26xx.a(uip-ds6.o)
                0x000000000000e2c0                uip_ds6_list_loop
 .text.uip_ds6_prefix_add
                0x000000000000e318       0x6c contiki-srf06-cc26xx.a(uip-ds6.o)
                0x000000000000e318                uip_ds6_prefix_add
 .text.uip_ds6_is_addr_onlink
                0x000000000000e384       0x40 contiki-srf06-cc26xx.a(uip-ds6.o)
                0x000000000000e384                uip_ds6_is_addr_onlink
 .text.uip_ds6_addr_lookup
                0x000000000000e3c4       0x30 contiki-srf06-cc26xx.a(uip-ds6.o)
                0x000000000000e3c4                uip_ds6_addr_lookup
 .text.uip_ds6_get_link_local
                0x000000000000e3f4       0x50 contiki-srf06-cc26xx.a(uip-ds6.o)
                0x000000000000e3f4                uip_ds6_get_link_local
 .text.uip_ds6_maddr_add
                0x000000000000e444       0x50 contiki-srf06-cc26xx.a(uip-ds6.o)
                0x000000000000e444                uip_ds6_maddr_add
 .text.uip_ds6_addr_add
                0x000000000000e494       0xa8 contiki-srf06-cc26xx.a(uip-ds6.o)
                0x000000000000e494                uip_ds6_addr_add
 .text.uip_ds6_maddr_lookup
                0x000000000000e53c       0x30 contiki-srf06-cc26xx.a(uip-ds6.o)
                0x000000000000e53c                uip_ds6_maddr_lookup
 .text.uip_ds6_addr_rm
                0x000000000000e56c       0x48 contiki-srf06-cc26xx.a(uip-ds6.o)
                0x000000000000e56c                uip_ds6_addr_rm
 .text.uip_ds6_periodic
                0x000000000000e5b4       0x5c contiki-srf06-cc26xx.a(uip-ds6.o)
                0x000000000000e5b4                uip_ds6_periodic
 .text.uip_ds6_select_src
                0x000000000000e610      0x118 contiki-srf06-cc26xx.a(uip-ds6.o)
                0x000000000000e610                uip_ds6_select_src
 .text.uip_ds6_set_addr_iid
                0x000000000000e728       0x14 contiki-srf06-cc26xx.a(uip-ds6.o)
                0x000000000000e728                uip_ds6_set_addr_iid
 .text.uip_ds6_compute_reachable_time
                0x000000000000e73c       0x2c contiki-srf06-cc26xx.a(uip-ds6.o)
                0x000000000000e73c                uip_ds6_compute_reachable_time
 .text.uip_ds6_init
                0x000000000000e768       0xf4 contiki-srf06-cc26xx.a(uip-ds6.o)
                0x000000000000e768                uip_ds6_init
 .text.call_route_callback
                0x000000000000e85c       0x54 contiki-srf06-cc26xx.a(uip-ds6-route.o)
 .text.uip_ds6_route_init
                0x000000000000e8b0       0x4c contiki-srf06-cc26xx.a(uip-ds6-route.o)
                0x000000000000e8b0                uip_ds6_route_init
 .text.uip_ds6_route_nexthop
                0x000000000000e8fc       0x1c contiki-srf06-cc26xx.a(uip-ds6-route.o)
                0x000000000000e8fc                uip_ds6_route_nexthop
 .text.uip_ds6_route_head
                0x000000000000e918        0xc contiki-srf06-cc26xx.a(uip-ds6-route.o)
                0x000000000000e918                uip_ds6_route_head
 .text.uip_ds6_route_next
                0x000000000000e924        0x8 contiki-srf06-cc26xx.a(uip-ds6-route.o)
                0x000000000000e924                uip_ds6_route_next
 .text.uip_ds6_route_is_nexthop
                0x000000000000e92c       0x20 contiki-srf06-cc26xx.a(uip-ds6-route.o)
                0x000000000000e92c                uip_ds6_route_is_nexthop
 .text.uip_ds6_route_lookup
                0x000000000000e94c       0x78 contiki-srf06-cc26xx.a(uip-ds6-route.o)
                0x000000000000e94c                uip_ds6_route_lookup
 .text.uip_ds6_route_rm
                0x000000000000e9c4       0xac contiki-srf06-cc26xx.a(uip-ds6-route.o)
                0x000000000000e9c4                uip_ds6_route_rm
 .text.rm_routelist
                0x000000000000ea70       0x38 contiki-srf06-cc26xx.a(uip-ds6-route.o)
 .text.rm_routelist_callback
                0x000000000000eaa8        0x4 contiki-srf06-cc26xx.a(uip-ds6-route.o)
 .text.uip_ds6_route_add
                0x000000000000eaac      0x114 contiki-srf06-cc26xx.a(uip-ds6-route.o)
                0x000000000000eaac                uip_ds6_route_add
 .text.uip_ds6_defrt_rm
                0x000000000000ebc0       0x48 contiki-srf06-cc26xx.a(uip-ds6-route.o)
                0x000000000000ebc0                uip_ds6_defrt_rm
 .text.uip_ds6_defrt_lookup
                0x000000000000ec08       0x38 contiki-srf06-cc26xx.a(uip-ds6-route.o)
                0x000000000000ec08                uip_ds6_defrt_lookup
 .text.uip_ds6_defrt_add
                0x000000000000ec40       0x5c contiki-srf06-cc26xx.a(uip-ds6-route.o)
                0x000000000000ec40                uip_ds6_defrt_add
 .text.uip_ds6_defrt_choose
                0x000000000000ec9c       0x34 contiki-srf06-cc26xx.a(uip-ds6-route.o)
                0x000000000000ec9c                uip_ds6_defrt_choose
 .text.uip_ds6_defrt_periodic
                0x000000000000ecd0       0x44 contiki-srf06-cc26xx.a(uip-ds6-route.o)
                0x000000000000ecd0                uip_ds6_defrt_periodic
 .text.uip_ds6_nbr_rm
                0x000000000000ed14       0x20 contiki-srf06-cc26xx.a(uip-ds6-nbr.o)
                0x000000000000ed14                uip_ds6_nbr_rm
 .text.uip_ds6_neighbors_init
                0x000000000000ed34       0x1c contiki-srf06-cc26xx.a(uip-ds6-nbr.o)
                0x000000000000ed34                uip_ds6_neighbors_init
 .text.uip_ds6_nbr_add
                0x000000000000ed50       0x38 contiki-srf06-cc26xx.a(uip-ds6-nbr.o)
                0x000000000000ed50                uip_ds6_nbr_add
 .text.uip_ds6_nbr_get_ll
                0x000000000000ed88       0x10 contiki-srf06-cc26xx.a(uip-ds6-nbr.o)
                0x000000000000ed88                uip_ds6_nbr_get_ll
 .text.uip_ds6_nbr_lookup
                0x000000000000ed98       0x3c contiki-srf06-cc26xx.a(uip-ds6-nbr.o)
                0x000000000000ed98                uip_ds6_nbr_lookup
 .text.uip_ds6_nbr_ipaddr_from_lladdr
                0x000000000000edd4       0x10 contiki-srf06-cc26xx.a(uip-ds6-nbr.o)
                0x000000000000edd4                uip_ds6_nbr_ipaddr_from_lladdr
 .text.uip_ds6_nbr_lladdr_from_ipaddr
                0x000000000000ede4       0x1c contiki-srf06-cc26xx.a(uip-ds6-nbr.o)
                0x000000000000ede4                uip_ds6_nbr_lladdr_from_ipaddr
 .text.uip_ds6_link_neighbor_callback
                0x000000000000ee00       0x34 contiki-srf06-cc26xx.a(uip-ds6-nbr.o)
                0x000000000000ee00                uip_ds6_link_neighbor_callback
 .text.uip_debug_ipaddr_print
                0x000000000000ee34       0xbc contiki-srf06-cc26xx.a(uip-debug.o)
                0x000000000000ee34                uip_debug_ipaddr_print
 .text.update_nbr
                0x000000000000eef0      0x10c contiki-srf06-cc26xx.a(rpl-nbr-policy.)
 .text.handle_periodic_timer
                0x000000000000effc       0x14 contiki-srf06-cc26xx.a(rpl-nbr-policy.)
 .text.find_removable_dio
                0x000000000000f010       0x3c contiki-srf06-cc26xx.a(rpl-nbr-policy.)
                0x000000000000f010                find_removable_dio
 .text.rpl_nbr_policy_find_removable
                0x000000000000f04c       0x64 contiki-srf06-cc26xx.a(rpl-nbr-policy.)
                0x000000000000f04c                rpl_nbr_policy_find_removable
 .text.mac_sequence_is_duplicate
                0x000000000000f0b0       0x4c contiki-srf06-cc26xx.a(mac-sequence.o)
                0x000000000000f0b0                mac_sequence_is_duplicate
 .text.mac_sequence_register_seqno
                0x000000000000f0fc       0x60 contiki-srf06-cc26xx.a(mac-sequence.o)
                0x000000000000f0fc                mac_sequence_register_seqno
 .text.stimer_set
                0x000000000000f15c       0x10 contiki-srf06-cc26xx.a(stimer.o)
                0x000000000000f15c                stimer_set
 .text.stimer_expired
                0x000000000000f16c       0x20 contiki-srf06-cc26xx.a(stimer.o)
                0x000000000000f16c                stimer_expired
 .text          0x000000000000f18c       0x10 /usr/lib/gcc/arm-none-eabi/6.3.1/../../../arm-none-eabi/lib/thumb/v7-m/libm.a(lib_a-w_exp2.o)
                0x000000000000f18c                exp2
 .text          0x000000000000f19c      0x340 /usr/lib/gcc/arm-none-eabi/6.3.1/../../../arm-none-eabi/lib/thumb/v7-m/libm.a(lib_a-w_pow.o)
                0x000000000000f19c                pow
 .text          0x000000000000f4dc      0x178 /usr/lib/gcc/arm-none-eabi/6.3.1/../../../arm-none-eabi/lib/thumb/v7-m/libm.a(lib_a-e_sqrt.o)
                0x000000000000f4dc                __ieee754_sqrt
 .text          0x000000000000f654        0x8 /usr/lib/gcc/arm-none-eabi/6.3.1/../../../arm-none-eabi/lib/thumb/v7-m/libm.a(lib_a-s_fabs.o)
                0x000000000000f654                fabs
 .text          0x000000000000f65c        0xc /usr/lib/gcc/arm-none-eabi/6.3.1/../../../arm-none-eabi/lib/thumb/v7-m/libm.a(lib_a-s_finite.o)
                0x000000000000f65c                finite
 .text          0x000000000000f668        0x4 /usr/lib/gcc/arm-none-eabi/6.3.1/../../../arm-none-eabi/lib/thumb/v7-m/libm.a(lib_a-s_matherr.o)
                0x000000000000f668                matherr
 .text          0x000000000000f66c        0xc /usr/lib/gcc/arm-none-eabi/6.3.1/../../../arm-none-eabi/lib/thumb/v7-m/libm.a(lib_a-s_nan.o)
                0x000000000000f66c                nan
 .text          0x000000000000f678      0x11c /usr/lib/gcc/arm-none-eabi/6.3.1/../../../arm-none-eabi/lib/thumb/v7-m/libm.a(lib_a-s_rint.o)
                0x000000000000f678                rint
 .text          0x000000000000f794       0x10 /usr/lib/gcc/arm-none-eabi/6.3.1/../../../arm-none-eabi/lib/thumb/v7-m/libm.a(lib_a-s_copysign.o)
                0x000000000000f794                copysign
 .text          0x000000000000f7a4      0x370 /usr/lib/gcc/arm-none-eabi/6.3.1/thumb/v7-m/libgcc.a(_arm_addsubdf3.o)
                0x000000000000f7a4                __aeabi_drsub
                0x000000000000f7ac                __aeabi_dsub
                0x000000000000f7ac                __subdf3
                0x000000000000f7b0                __adddf3
                0x000000000000f7b0                __aeabi_dadd
                0x000000000000fa28                __aeabi_ui2d
                0x000000000000fa28                __floatunsidf
                0x000000000000fa48                __floatsidf
                0x000000000000fa48                __aeabi_i2d
                0x000000000000fa6c                __extendsfdf2
                0x000000000000fa6c                __aeabi_f2d
                0x000000000000faa8                __aeabi_ul2d
                0x000000000000faa8                __floatundidf
                0x000000000000fab8                __floatdidf
                0x000000000000fab8                __aeabi_l2d
 .text          0x000000000000fb14      0x424 /usr/lib/gcc/arm-none-eabi/6.3.1/thumb/v7-m/libgcc.a(_arm_muldivdf3.o)
                0x000000000000fb14                __aeabi_dmul
                0x000000000000fb14                __muldf3
                0x000000000000fd68                __aeabi_ddiv
                0x000000000000fd68                __divdf3
 .text          0x000000000000ff38      0x110 /usr/lib/gcc/arm-none-eabi/6.3.1/thumb/v7-m/libgcc.a(_arm_cmpdf2.o)
                0x000000000000ff38                __gtdf2
                0x000000000000ff38                __gedf2
                0x000000000000ff40                __ltdf2
                0x000000000000ff40                __ledf2
                0x000000000000ff48                __cmpdf2
                0x000000000000ff48                __eqdf2
                0x000000000000ff48                __nedf2
                0x000000000000ffc4                __aeabi_cdrcmple
                0x000000000000ffd4                __aeabi_cdcmple
                0x000000000000ffd4                __aeabi_cdcmpeq
                0x000000000000ffe4                __aeabi_dcmpeq
                0x000000000000fff8                __aeabi_dcmplt
                0x000000000001000c                __aeabi_dcmple
                0x0000000000010020                __aeabi_dcmpge
                0x0000000000010034                __aeabi_dcmpgt
 .text          0x0000000000010048       0x2c /usr/lib/gcc/arm-none-eabi/6.3.1/thumb/v7-m/libgcc.a(_arm_unorddf2.o)
                0x0000000000010048                __aeabi_dcmpun
                0x0000000000010048                __unorddf2
 .text          0x0000000000010074       0xa0 /usr/lib/gcc/arm-none-eabi/6.3.1/thumb/v7-m/libgcc.a(_arm_truncdfsf2.o)
                0x0000000000010074                __aeabi_d2f
                0x0000000000010074                __truncdfsf2
 .text          0x0000000000010114      0x21c /usr/lib/gcc/arm-none-eabi/6.3.1/thumb/v7-m/libgcc.a(_arm_addsubsf3.o)
                0x0000000000010114                __aeabi_frsub
                0x000000000001011c                __subsf3
                0x000000000001011c                __aeabi_fsub
                0x0000000000010120                __aeabi_fadd
                0x0000000000010120                __addsf3
                0x0000000000010280                __aeabi_ui2f
                0x0000000000010280                __floatunsisf
                0x0000000000010288                __aeabi_i2f
                0x0000000000010288                __floatsisf
                0x00000000000102a4                __floatundisf
                0x00000000000102a4                __aeabi_ul2f
                0x00000000000102b4                __floatdisf
                0x00000000000102b4                __aeabi_l2f
 .text          0x0000000000010330      0x2a0 /usr/lib/gcc/arm-none-eabi/6.3.1/thumb/v7-m/libgcc.a(_arm_muldivsf3.o)
                0x0000000000010330                __mulsf3
                0x0000000000010330                __aeabi_fmul
                0x0000000000010498                __divsf3
                0x0000000000010498                __aeabi_fdiv
 .text          0x00000000000105d0       0x4c /usr/lib/gcc/arm-none-eabi/6.3.1/thumb/v7-m/libgcc.a(_arm_fixsfsi.o)
                0x00000000000105d0                __fixsfsi
                0x00000000000105d0                __aeabi_f2iz
 .text          0x000000000001061c       0x30 /usr/lib/gcc/arm-none-eabi/6.3.1/thumb/v7-m/libgcc.a(_aeabi_uldivmod.o)
                0x000000000001061c                __aeabi_uldivmod
 .text          0x000000000001064c      0x2dc /usr/lib/gcc/arm-none-eabi/6.3.1/thumb/v7-m/libgcc.a(_udivmoddi4.o)
                0x000000000001064c                __udivmoddi4
 .text          0x0000000000010928        0x4 /usr/lib/gcc/arm-none-eabi/6.3.1/thumb/v7-m/libgcc.a(_dvmd_tls.o)
                0x0000000000010928                __aeabi_ldiv0
                0x0000000000010928                __aeabi_idiv0
 .text          0x000000000001092c        0xc /usr/lib/gcc/arm-none-eabi/6.3.1/../../../arm-none-eabi/lib/thumb/v7-m/libc.a(lib_a-errno.o)
                0x000000000001092c                __errno
 .text          0x0000000000010938       0x60 /usr/lib/gcc/arm-none-eabi/6.3.1/../../../arm-none-eabi/lib/thumb/v7-m/libc.a(lib_a-memcmp.o)
                0x0000000000010938                memcmp
 .text          0x0000000000010998       0xec /usr/lib/gcc/arm-none-eabi/6.3.1/../../../arm-none-eabi/lib/thumb/v7-m/libc.a(lib_a-memcpy.o)
                0x0000000000010998                memcpy
 .text          0x0000000000010a84       0xc8 /usr/lib/gcc/arm-none-eabi/6.3.1/../../../arm-none-eabi/lib/thumb/v7-m/libc.a(lib_a-memmove.o)
                0x0000000000010a84                memmove
 .text          0x0000000000010b4c       0x9c /usr/lib/gcc/arm-none-eabi/6.3.1/../../../arm-none-eabi/lib/thumb/v7-m/libc.a(lib_a-memset.o)
                0x0000000000010b4c                memset
 .text          0x0000000000010be8       0x5c /usr/lib/gcc/arm-none-eabi/6.3.1/../../../arm-none-eabi/lib/thumb/v7-m/libc.a(lib_a-strlen-stub.o)
                0x0000000000010be8                strlen
 *(SORT(.rodata*))
 *fill*         0x0000000000010c44        0x4 00000000
 .rodata        0x0000000000010c48       0x10 /usr/lib/gcc/arm-none-eabi/6.3.1/../../../arm-none-eabi/lib/thumb/v7-m/libm.a(lib_a-s_rint.o)
 .rodata.autostart_processes
                0x0000000000010c58        0x8 rtimer-lightSensor.co
                0x0000000000010c58                autostart_processes
 .rodata.do_rtimer_timeout.str1.4
                0x0000000000010c60       0x60 rtimer-lightSensor.co
 .rodata.process_thread_process_rtimer.str1.4
                0x0000000000010cc0       0x49 rtimer-lightSensor.co
 *fill*         0x0000000000010d09        0x3 00000000
 .rodata.str1.4
                0x0000000000010d0c        0x7 rtimer-lightSensor.co
 *fill*         0x0000000000010d13        0x1 00000000
 .rodata.main.str1.4
                0x0000000000010d14       0xf2 contiki-srf06-cc26xx.a(contiki-main.o)
 *fill*         0x0000000000010e06        0x2 00000000
 .rodata.str1.4
                0x0000000000010e08        0x8 contiki-srf06-cc26xx.a(sensors.o)
 .rodata.bmp_280_sensor
                0x0000000000010e10       0x10 contiki-srf06-cc26xx.a(bmp-280-sensor.)
                0x0000000000010e10                bmp_280_sensor
 .rodata.str1.4
                0x0000000000010e20        0x7 contiki-srf06-cc26xx.a(bmp-280-sensor.)
 *fill*         0x0000000000010e27        0x1 00000000
 .rodata.str1.4
                0x0000000000010e28        0x7 contiki-srf06-cc26xx.a(tmp-007-sensor.)
 *fill*         0x0000000000010e2f        0x1 00000000
 .rodata.tmp_007_sensor
                0x0000000000010e30       0x10 contiki-srf06-cc26xx.a(tmp-007-sensor.)
                0x0000000000010e30                tmp_007_sensor
 .rodata.opt_3001_sensor
                0x0000000000010e40       0x10 contiki-srf06-cc26xx.a(opt-3001-sensor)
                0x0000000000010e40                opt_3001_sensor
 .rodata.str1.4
                0x0000000000010e50        0x8 contiki-srf06-cc26xx.a(opt-3001-sensor)
 .rodata.hdc_1000_sensor
                0x0000000000010e58       0x10 contiki-srf06-cc26xx.a(hdc-1000-sensor)
                0x0000000000010e58                hdc_1000_sensor
 .rodata.str1.4
                0x0000000000010e68        0x8 contiki-srf06-cc26xx.a(hdc-1000-sensor)
 .rodata.mpu_9250_sensor
                0x0000000000010e70       0x10 contiki-srf06-cc26xx.a(mpu-9250-sensor)
                0x0000000000010e70                mpu_9250_sensor
 .rodata.str1.4
                0x0000000000010e80        0x8 contiki-srf06-cc26xx.a(mpu-9250-sensor)
 .rodata.button_left_sensor
                0x0000000000010e88       0x10 contiki-srf06-cc26xx.a(button-sensor.o)
                0x0000000000010e88                button_left_sensor
 .rodata.button_right_sensor
                0x0000000000010e98       0x10 contiki-srf06-cc26xx.a(button-sensor.o)
                0x0000000000010e98                button_right_sensor
 .rodata.str1.4
                0x0000000000010ea8        0x7 contiki-srf06-cc26xx.a(button-sensor.o)
 *fill*         0x0000000000010eaf        0x1 00000000
 .rodata.reed_relay_sensor
                0x0000000000010eb0       0x10 contiki-srf06-cc26xx.a(reed-relay.o)
                0x0000000000010eb0                reed_relay_sensor
 .rodata.str1.4
                0x0000000000010ec0        0x5 contiki-srf06-cc26xx.a(reed-relay.o)